Archive member included to satisfy reference by file (symbol)

c:/nxp/mcuxpressoide_11.0.1_2563/ide/plugins/com.nxp.mcuxpresso.tools.win32_11.0.1.201907311258/tools/bin/../lib/gcc/arm-none-eabi/8.2.1/../../../../arm-none-eabi/lib/thumb/v7e-m+fp/hard\libcr_semihost_nf.a(_cr__main.o)
                              ./startup/startup_mk64f12.o (__main)
c:/nxp/mcuxpressoide_11.0.1_2563/ide/plugins/com.nxp.mcuxpresso.tools.win32_11.0.1.201907311258/tools/bin/../lib/gcc/arm-none-eabi/8.2.1/../../../../arm-none-eabi/lib/thumb/v7e-m+fp/hard\libcr_semihost_nf.a(_cr_assert.o)
                              ./utilities/fsl_debug_console.o (__assertion_failed)
c:/nxp/mcuxpressoide_11.0.1_2563/ide/plugins/com.nxp.mcuxpresso.tools.win32_11.0.1.201907311258/tools/bin/../lib/gcc/arm-none-eabi/8.2.1/../../../../arm-none-eabi/lib/thumb/v7e-m+fp/hard\libcr_semihost_nf.a(__ciob.o)
                              c:/nxp/mcuxpressoide_11.0.1_2563/ide/plugins/com.nxp.mcuxpresso.tools.win32_11.0.1.201907311258/tools/bin/../lib/gcc/arm-none-eabi/8.2.1/../../../../arm-none-eabi/lib/thumb/v7e-m+fp/hard\libcr_semihost_nf.a(_cr_assert.o) (__Ciob)
c:/nxp/mcuxpressoide_11.0.1_2563/ide/plugins/com.nxp.mcuxpresso.tools.win32_11.0.1.201907311258/tools/bin/../lib/gcc/arm-none-eabi/8.2.1/../../../../arm-none-eabi/lib/thumb/v7e-m+fp/hard\libcr_semihost_nf.a(__sys_appexit.o)
                              c:/nxp/mcuxpressoide_11.0.1_2563/ide/plugins/com.nxp.mcuxpresso.tools.win32_11.0.1.201907311258/tools/bin/../lib/gcc/arm-none-eabi/8.2.1/../../../../arm-none-eabi/lib/thumb/v7e-m+fp/hard\libcr_semihost_nf.a(_cr_assert.o) (__sys_appexit)
c:/nxp/mcuxpressoide_11.0.1_2563/ide/plugins/com.nxp.mcuxpresso.tools.win32_11.0.1.201907311258/tools/bin/../lib/gcc/arm-none-eabi/8.2.1/../../../../arm-none-eabi/lib/thumb/v7e-m+fp/hard\libcr_c.a(memcpy.o)
                              ./drivers/fsl_ftfx_cache.o (memcpy)
c:/nxp/mcuxpressoide_11.0.1_2563/ide/plugins/com.nxp.mcuxpresso.tools.win32_11.0.1.201907311258/tools/bin/../lib/gcc/arm-none-eabi/8.2.1/../../../../arm-none-eabi/lib/thumb/v7e-m+fp/hard\libcr_c.a(memset.o)
                              ./drivers/fsl_ftfx_cache.o (memset)
c:/nxp/mcuxpressoide_11.0.1_2563/ide/plugins/com.nxp.mcuxpresso.tools.win32_11.0.1.201907311258/tools/bin/../lib/gcc/arm-none-eabi/8.2.1/../../../../arm-none-eabi/lib/thumb/v7e-m+fp/hard\libcr_c.a(_deferredlazyseek.o)
                              c:/nxp/mcuxpressoide_11.0.1_2563/ide/plugins/com.nxp.mcuxpresso.tools.win32_11.0.1.201907311258/tools/bin/../lib/gcc/arm-none-eabi/8.2.1/../../../../arm-none-eabi/lib/thumb/v7e-m+fp/hard\libcr_semihost_nf.a(_cr_assert.o) (__flsbuf)
c:/nxp/mcuxpressoide_11.0.1_2563/ide/plugins/com.nxp.mcuxpresso.tools.win32_11.0.1.201907311258/tools/bin/../lib/gcc/arm-none-eabi/8.2.1/../../../../arm-none-eabi/lib/thumb/v7e-m+fp/hard\libcr_c.a(_fflush.o)
                              c:/nxp/mcuxpressoide_11.0.1_2563/ide/plugins/com.nxp.mcuxpresso.tools.win32_11.0.1.201907311258/tools/bin/../lib/gcc/arm-none-eabi/8.2.1/../../../../arm-none-eabi/lib/thumb/v7e-m+fp/hard\libcr_c.a(_deferredlazyseek.o) (_fflush)
c:/nxp/mcuxpressoide_11.0.1_2563/ide/plugins/com.nxp.mcuxpresso.tools.win32_11.0.1.201907311258/tools/bin/../lib/gcc/arm-none-eabi/8.2.1/../../../../arm-none-eabi/lib/thumb/v7e-m+fp/hard\libcr_c.a(_writebuf.o)
                              c:/nxp/mcuxpressoide_11.0.1_2563/ide/plugins/com.nxp.mcuxpresso.tools.win32_11.0.1.201907311258/tools/bin/../lib/gcc/arm-none-eabi/8.2.1/../../../../arm-none-eabi/lib/thumb/v7e-m+fp/hard\libcr_c.a(_deferredlazyseek.o) (_Cwritebuf)
c:/nxp/mcuxpressoide_11.0.1_2563/ide/plugins/com.nxp.mcuxpresso.tools.win32_11.0.1.201907311258/tools/bin/../lib/gcc/arm-none-eabi/8.2.1/../../../../arm-none-eabi/lib/thumb/v7e-m+fp/hard\libcr_c.a(alloc.o)
                              ./drivers/fsl_common.o (malloc)
c:/nxp/mcuxpressoide_11.0.1_2563/ide/plugins/com.nxp.mcuxpresso.tools.win32_11.0.1.201907311258/tools/bin/../lib/gcc/arm-none-eabi/8.2.1/../../../../arm-none-eabi/lib/thumb/v7e-m+fp/hard\libcr_c.a(fputs.o)
                              c:/nxp/mcuxpressoide_11.0.1_2563/ide/plugins/com.nxp.mcuxpresso.tools.win32_11.0.1.201907311258/tools/bin/../lib/gcc/arm-none-eabi/8.2.1/../../../../arm-none-eabi/lib/thumb/v7e-m+fp/hard\libcr_semihost_nf.a(_cr_assert.o) (fputs)
c:/nxp/mcuxpressoide_11.0.1_2563/ide/plugins/com.nxp.mcuxpresso.tools.win32_11.0.1.201907311258/tools/bin/../lib/gcc/arm-none-eabi/8.2.1/../../../../arm-none-eabi/lib/thumb/v7e-m+fp/hard\libcr_c.a(fseek.o)
                              c:/nxp/mcuxpressoide_11.0.1_2563/ide/plugins/com.nxp.mcuxpresso.tools.win32_11.0.1.201907311258/tools/bin/../lib/gcc/arm-none-eabi/8.2.1/../../../../arm-none-eabi/lib/thumb/v7e-m+fp/hard\libcr_c.a(_deferredlazyseek.o) (fseek)
c:/nxp/mcuxpressoide_11.0.1_2563/ide/plugins/com.nxp.mcuxpresso.tools.win32_11.0.1.201907311258/tools/bin/../lib/gcc/arm-none-eabi/8.2.1/../../../../arm-none-eabi/lib/thumb/v7e-m+fp/hard\libcr_c.a(ftell.o)
[...]
Memory Configuration

Name             Origin             Length             Attributes
PROGRAM_FLASH    0x00000000         0x00100000         xr
SRAM_UPPER       0x20000000         0x00030000         xrw
SRAM_LOWER       0x1fff0000         0x00010000         xrw
FLEX_RAM         0x14000000         0x00001000         xrw
*default*        0x00000000         0xffffffff

Linker script and memory map

LOAD ./utilities/fsl_assert.o
LOAD ./utilities/fsl_debug_console.o
LOAD ./utilities/fsl_io.o
LOAD ./utilities/fsl_log.o
LOAD ./utilities/fsl_str.o
LOAD ./startup/startup_mk64f12.o
LOAD ./source/led_blinky.o
LOAD ./source/semihost_hardfault.o
LOAD ./drivers/fsl_clock.o
LOAD ./drivers/fsl_common.o
LOAD ./drivers/fsl_ftfx_cache.o
LOAD ./drivers/fsl_ftfx_controller.o
LOAD ./drivers/fsl_ftfx_flash.o
LOAD ./drivers/fsl_ftfx_flexnvm.o
LOAD ./drivers/fsl_gpio.o
LOAD ./drivers/fsl_smc.o
LOAD ./drivers/fsl_uart.o
LOAD ./board/src/board.o
LOAD ./board/src/clock_config.o
LOAD ./board/pin_mux.o
LOAD ./CMSIS/system_MK64F12.o
START GROUP
LOAD c:/nxp/mcuxpressoide_11.0.1_2563/ide/plugins/com.nxp.mcuxpresso.tools.win32_11.0.1.201907311258/tools/bin/../lib/gcc/arm-none-eabi/8.2.1/../../../../arm-none-eabi/lib/thumb/v7e-m+fp/hard\libcr_semihost_nf.a
LOAD c:/nxp/mcuxpressoide_11.0.1_2563/ide/plugins/com.nxp.mcuxpresso.tools.win32_11.0.1.201907311258/tools/bin/../lib/gcc/arm-none-eabi/8.2.1/../../../../arm-none-eabi/lib/thumb/v7e-m+fp/hard\libcr_c.a
LOAD c:/nxp/mcuxpressoide_11.0.1_2563/ide/plugins/com.nxp.mcuxpresso.tools.win32_11.0.1.201907311258/tools/bin/../lib/gcc/arm-none-eabi/8.2.1/thumb/v7e-m+fp/hard\libcr_eabihelpers.a
LOAD c:/nxp/mcuxpressoide_11.0.1_2563/ide/plugins/com.nxp.mcuxpresso.tools.win32_11.0.1.201907311258/tools/bin/../lib/gcc/arm-none-eabi/8.2.1/thumb/v7e-m+fp/hard\libgcc.a
END GROUP
                0x00000000                __base_PROGRAM_FLASH = 0x0
                0x00000000                __base_Flash = 0x0
                0x00100000                __top_PROGRAM_FLASH = 0x100000
                0x00100000                __top_Flash = 0x100000
                0x20000000                __base_SRAM_UPPER = 0x20000000
                0x20000000                __base_RAM = 0x20000000
                0x20030000                __top_SRAM_UPPER = 0x20030000
                0x20030000                __top_RAM = 0x20030000
                0x1fff0000                __base_SRAM_LOWER = 0x1fff0000
                0x1fff0000                __base_RAM2 = 0x1fff0000
                0x20000000                __top_SRAM_LOWER = 0x20000000
                0x20000000                __top_RAM2 = 0x20000000
                0x14000000                __base_FLEX_RAM = 0x14000000
                0x14000000                __base_RAM3 = 0x14000000
                0x14001000                __top_FLEX_RAM = 0x14001000
                0x14001000                __top_RAM3 = 0x14001000

.text           0x00000000     0x1430
 FILL mask 0xff
                0x00000000                __vectors_start__ = ABSOLUTE (.)
 *(SORT_BY_ALIGNMENT(.isr_vector))
 .isr_vector    0x00000000      0x198 ./startup/startup_mk64f12.o
                0x00000000                g_pfnVectors
                0x00000000                __Vectors
                0x00000198                . = ALIGN (0x4)
                0x00000198                __section_table_start = .
                0x00000198                __data_section_table = .
                0x00000198        0x4 LONG 0x1430 LOADADDR (.data)
                0x0000019c        0x4 LONG 0x20000000 ADDR (.data)
                0x000001a0        0x4 LONG 0x8 SIZEOF (.data)
                0x000001a4        0x4 LONG 0x1430 LOADADDR (.data_RAM2)
                0x000001a8        0x4 LONG 0x1fff0000 ADDR (.data_RAM2)
                0x000001ac        0x4 LONG 0x0 SIZEOF (.data_RAM2)
                0x000001b0        0x4 LONG 0x1430 LOADADDR (.data_RAM3)
                0x000001b4        0x4 LONG 0x14000000 ADDR (.data_RAM3)
                0x000001b8        0x4 LONG 0x0 SIZEOF (.data_RAM3)
                0x000001bc                __data_section_table_end = .
                0x000001bc                __bss_section_table = .
                0x000001bc        0x4 LONG 0x20000008 ADDR (.bss)
                0x000001c0        0x4 LONG 0xe0 SIZEOF (.bss)
                0x000001c4        0x4 LONG 0x1fff0000 ADDR (.bss_RAM2)
                0x000001c8        0x4 LONG 0x0 SIZEOF (.bss_RAM2)
                0x000001cc        0x4 LONG 0x14000000 ADDR (.bss_RAM3)
                0x000001d0        0x4 LONG 0x0 SIZEOF (.bss_RAM3)
                0x000001d4                __bss_section_table_end = .
                0x000001d4                __section_table_end = .
 *(SORT_BY_ALIGNMENT(.after_vectors*))
 .after_vectors.reset
                0x000001d4       0x4c ./startup/startup_mk64f12.o
                0x000001d4                ResetISR
 .after_vectors.init_data
                0x00000220       0x1e ./startup/startup_mk64f12.o
                0x00000220                data_init
 .after_vectors.init_bss
                0x0000023e       0x12 ./startup/startup_mk64f12.o
                0x0000023e                bss_init
 .after_vectors
                0x00000250       0x14 ./startup/startup_mk64f12.o
                0x00000250                NMI_Handler
                0x00000254                MemManage_Handler
                0x00000256                BusFault_Handler
                0x00000258                UsageFault_Handler
                0x0000025a                SVC_Handler
                0x0000025c                DebugMon_Handler
                0x0000025e                PendSV_Handler
                0x00000262                DMA_Error_DriverIRQHandler
                0x00000262                LPTMR0_DriverIRQHandler
                0x00000262                FTM1_DriverIRQHandler
                0x00000262                FTM2_DriverIRQHandler
                0x00000262                PIT2_DriverIRQHandler
                0x00000262                SDHC_DriverIRQHandler
                0x00000262                I2S0_Tx_DriverIRQHandler
                0x00000262                RTC_Seconds_DriverIRQHandler
                0x00000262                DMA6_DriverIRQHandler
                0x00000262                LLWU_DriverIRQHandler
                0x00000262                MCM_DriverIRQHandler
                0x00000262                MCG_DriverIRQHandler
                0x00000262                ENET_1588_Timer_DriverIRQHandler
                0x00000262                I2C2_DriverIRQHandler
                0x00000262                DAC1_DriverIRQHandler
                0x00000262                SPI1_DriverIRQHandler
                0x00000262                CMP1_DriverIRQHandler
                0x00000262                FTM0_DriverIRQHandler
                0x00000262                IntDefaultHandler
                0x00000262                USB0_DriverIRQHandler
                0x00000262                UART5_ERR_DriverIRQHandler
                0x00000262                PORTC_DriverIRQHandler
                0x00000262                DMA11_DriverIRQHandler
                0x00000262                DAC0_DriverIRQHandler
                0x00000262                DMA10_DriverIRQHandler
                0x00000262                CMP2_DriverIRQHandler
                0x00000262                UART2_ERR_DriverIRQHandler
                0x00000262                SPI2_DriverIRQHandler
                0x00000262                LVD_LVW_DriverIRQHandler
                0x00000262                PIT0_DriverIRQHandler
                0x00000262                DMA12_DriverIRQHandler
                0x00000262                DMA5_DriverIRQHandler
                0x00000262                DMA4_DriverIRQHandler
                0x00000262                USBDCD_DriverIRQHandler
                0x00000262                UART3_ERR_DriverIRQHandler
                0x00000262                DMA3_DriverIRQHandler
                0x00000262                DMA8_DriverIRQHandler
                0x00000262                DMA9_DriverIRQHandler
                0x00000262                UART0_ERR_DriverIRQHandler
                0x00000262                CMT_DriverIRQHandler
                0x00000262                Reserved71_DriverIRQHandler
                0x00000262                ADC1_DriverIRQHandler
                0x00000262                PORTA_DriverIRQHandler
                0x00000262                DMA14_DriverIRQHandler
                0x00000262                PIT3_DriverIRQHandler
                0x00000262                PIT1_DriverIRQHandler
                0x00000262                WDOG_EWM_DriverIRQHandler
                0x00000262                PDB0_DriverIRQHandler
                0x00000262                RTC_DriverIRQHandler
                0x00000262                I2S0_Rx_DriverIRQHandler
                0x00000262                Read_Collision_DriverIRQHandler
                0x00000262                SWI_DriverIRQHandler
                0x00000262                UART4_ERR_DriverIRQHandler
                0x00000262                PORTB_DriverIRQHandler
                0x00000262                UART0_LON_DriverIRQHandler
                0x00000262                DMA0_DriverIRQHandler
                0x00000262                DMA1_DriverIRQHandler
                0x00000262                I2C1_DriverIRQHandler
                0x00000262                ENET_Receive_DriverIRQHandler
                0x00000262                DMA13_DriverIRQHandler
                0x00000262                ENET_Error_DriverIRQHandler
                0x00000262                DMA15_DriverIRQHandler
                0x00000262                SPI0_DriverIRQHandler
                0x00000262                ADC0_DriverIRQHandler
                0x00000262                CMP0_DriverIRQHandler
                0x00000262                CAN0_DriverIRQHandler
                0x00000262                FTM3_DriverIRQHandler
                0x00000262                RNG_DriverIRQHandler
                0x00000262                UART1_ERR_DriverIRQHandler
                0x00000262                DMA2_DriverIRQHandler
                0x00000262                ENET_Transmit_DriverIRQHandler
                0x00000262                PORTD_DriverIRQHandler
                0x00000262                PORTE_DriverIRQHandler
                0x00000262                FTFE_DriverIRQHandler
                0x00000262                I2C0_DriverIRQHandler
                0x00000262                DMA7_DriverIRQHandler
                0x00000400                . = 0x400
 *fill*         0x00000264      0x19c ff
                0x00000400                PROVIDE (__FLASH_CONFIG_START__ = .)
 *(SORT_BY_ALIGNMENT(.FlashConfig))
 .FlashConfig   0x00000400       0x10 ./startup/startup_mk64f12.o
                0x00000400                Flash_Config
                0x00000410                PROVIDE (__FLASH_CONFIG_END__ = .)
                0x00000001                ASSERT (! ((__FLASH_CONFIG_START__ == __FLASH_CONFIG_END__)), Linker Flash Config Support Enabled, but no .FlashConfig section provided within application)
 *(SORT_BY_ALIGNMENT(.text*))
 .text.__NVIC_SetPriority
                0x00000410       0x54 ./source/led_blinky.o
 .text.SysTick_Config
                0x00000464       0x44 ./source/led_blinky.o
 .text.SysTick_Handler
                0x000004a8       0x24 ./source/led_blinky.o
                0x000004a8                SysTick_Handler
 .text.SysTick_DelayTicks
                0x000004cc       0x28 ./source/led_blinky.o
                0x000004cc                SysTick_DelayTicks
 .text.main     0x000004f4       0x58 ./source/led_blinky.o
                0x000004f4                main
 .text.GPIO_PinInit
                0x0000054c       0x64 ./drivers/fsl_gpio.o
                0x0000054c                GPIO_PinInit
 .text.UART0_DriverIRQHandler
                0x000005b0       0x28 ./drivers/fsl_uart.o
                0x000005b0                UART0_DriverIRQHandler
 .text.UART1_DriverIRQHandler
                0x000005d8       0x28 ./drivers/fsl_uart.o
                0x000005d8                UART1_DriverIRQHandler
 .text.UART2_DriverIRQHandler
                0x00000600       0x28 ./drivers/fsl_uart.o
                0x00000600                UART2_DriverIRQHandler
 .text.UART3_DriverIRQHandler
                0x00000628       0x28 ./drivers/fsl_uart.o
                0x00000628                UART3_DriverIRQHandler
 .text.UART4_DriverIRQHandler
                0x00000650       0x28 ./drivers/fsl_uart.o
                0x00000650                UART4_DriverIRQHandler
 .text.UART5_DriverIRQHandler
                0x00000678       0x28 ./drivers/fsl_uart.o
                0x00000678                UART5_DriverIRQHandler
 .text.BOARD_InitPins
                0x000006a0       0x20 ./board/pin_mux.o
                0x000006a0                BOARD_InitPins
 .text.SystemInit
                0x000006c0       0x3c ./CMSIS/system_MK64F12.o
                0x000006c0                SystemInit
 .text.__assertion_failed
                0x000006fc       0x4c c:/nxp/mcuxpressoide_11.0.1_2563/ide/plugins/com.nxp.mcuxpresso.tools.win32_11.0.1.201907311258/tools/bin/../lib/gcc/arm-none-eabi/8.2.1/../../../../arm-none-eabi/lib/thumb/v7e-m+fp/hard\libcr_semihost_nf.a(_cr_assert.o)
                0x000006fc                __assertion_failed
 .text.__sys_appexit
                0x00000748        0xc c:/nxp/mcuxpressoide_11.0.1_2563/ide/plugins/com.nxp.mcuxpresso.tools.win32_11.0.1.201907311258/tools/bin/../lib/gcc/arm-none-eabi/8.2.1/../../../../arm-none-eabi/lib/thumb/v7e-m+fp/hard\libcr_semihost_nf.a(__sys_appexit.o)
                0x00000748                __sys_appexit
                0x00000748                __exit
 .text._Cwritebuf
                0x00000754       0x6c c:/nxp/mcuxpressoide_11.0.1_2563/ide/plugins/com.nxp.mcuxpresso.tools.win32_11.0.1.201907311258/tools/bin/../lib/gcc/arm-none-eabi/8.2.1/../../../../arm-none-eabi/lib/thumb/v7e-m+fp/hard\libcr_c.a(_writebuf.o)
                0x00000754                _Cwritebuf
 .text.malloc   0x000007c0       0xc8 c:/nxp/mcuxpressoide_11.0.1_2563/ide/plugins/com.nxp.mcuxpresso.tools.win32_11.0.1.201907311258/tools/bin/../lib/gcc/arm-none-eabi/8.2.1/../../../../arm-none-eabi/lib/thumb/v7e-m+fp/hard\libcr_c.a(alloc.o)
                0x000007c0                malloc
 .text._Csys_alloc
                0x00000888       0x20 c:/nxp/mcuxpressoide_11.0.1_2563/ide/plugins/com.nxp.mcuxpresso.tools.win32_11.0.1.201907311258/tools/bin/../lib/gcc/arm-none-eabi/8.2.1/../../../../arm-none-eabi/lib/thumb/v7e-m+fp/hard\libcr_c.a(alloc.o)
                0x00000888                _Csys_alloc
 .text.fseek    0x000008a8      0x100 c:/nxp/mcuxpressoide_11.0.1_2563/ide/plugins/com.nxp.mcuxpresso.tools.win32_11.0.1.201907311258/tools/bin/../lib/gcc/arm-none-eabi/8.2.1/../../../../arm-none-eabi/lib/thumb/v7e-m+fp/hard\libcr_c.a(fseek.o)
                0x000008a8                fseek
 .text.ftell    0x000009a8       0x48 c:/nxp/mcuxpressoide_11.0.1_2563/ide/plugins/com.nxp.mcuxpresso.tools.win32_11.0.1.201907311258/tools/bin/../lib/gcc/arm-none-eabi/8.2.1/../../../../arm-none-eabi/lib/thumb/v7e-m+fp/hard\libcr_c.a(ftell.o)
                0x000009a8                ftell
 .text._initio  0x000009f0       0x78 c:/nxp/mcuxpressoide_11.0.1_2563/ide/plugins/com.nxp.mcuxpresso.tools.win32_11.0.1.201907311258/tools/bin/../lib/gcc/arm-none-eabi/8.2.1/../../../../arm-none-eabi/lib/thumb/v7e-m+fp/hard\libcr_c.a(initio.o)
                0x000009f0                _initio
 .text.setvbuf  0x00000a68       0x40 c:/nxp/mcuxpressoide_11.0.1_2563/ide/plugins/com.nxp.mcuxpresso.tools.win32_11.0.1.201907311258/tools/bin/../lib/gcc/arm-none-eabi/8.2.1/../../../../arm-none-eabi/lib/thumb/v7e-m+fp/hard\libcr_c.a(setvbuf.o)
                0x00000a68                setvbuf
 .text._sbrk    0x00000aa8       0x3c c:/nxp/mcuxpressoide_11.0.1_2563/ide/plugins/com.nxp.mcuxpresso.tools.win32_11.0.1.201907311258/tools/bin/../lib/gcc/arm-none-eabi/8.2.1/../../../../arm-none-eabi/lib/thumb/v7e-m+fp/hard\libcr_c.a(_cr_sbrk.o)
                0x00000aa8                _sbrk
 .text.fflush   0x00000ae4       0x44 c:/nxp/mcuxpressoide_11.0.1_2563/ide/plugins/com.nxp.mcuxpresso.tools.win32_11.0.1.201907311258/tools/bin/../lib/gcc/arm-none-eabi/8.2.1/../../../../arm-none-eabi/lib/thumb/v7e-m+fp/hard\libcr_c.a(fflush.o)
                0x00000ae4                fflush
 .text.__check_heap_overflow
                0x00000b28       0x18 c:/nxp/mcuxpressoide_11.0.1_2563/ide/plugins/com.nxp.mcuxpresso.tools.win32_11.0.1.201907311258/tools/bin/../lib/gcc/arm-none-eabi/8.2.1/../../../../arm-none-eabi/lib/thumb/v7e-m+fp/hard\libcr_c.a(_cr_check_heap.o)
                0x00000b28                __check_heap_overflow
 .text.DMA0_IRQHandler
                0x00000b40        0x8 ./startup/startup_mk64f12.o
                0x00000b40                DMA0_IRQHandler
 .text.DMA1_IRQHandler
                0x00000b48        0x8 ./startup/startup_mk64f12.o
                0x00000b48                DMA1_IRQHandler
 .text.DMA2_IRQHandler
                0x00000b50        0x8 ./startup/startup_mk64f12.o
                0x00000b50                DMA2_IRQHandler
 .text.DMA3_IRQHandler
                0x00000b58        0x8 ./startup/startup_mk64f12.o
                0x00000b58                DMA3_IRQHandler
 .text.DMA4_IRQHandler
                0x00000b60        0x8 ./startup/startup_mk64f12.o
                0x00000b60                DMA4_IRQHandler
 .text.DMA5_IRQHandler
                0x00000b68        0x8 ./startup/startup_mk64f12.o
                0x00000b68                DMA5_IRQHandler
 .text.DMA6_IRQHandler
                0x00000b70        0x8 ./startup/startup_mk64f12.o
                0x00000b70                DMA6_IRQHandler
 .text.DMA7_IRQHandler
                0x00000b78        0x8 ./startup/startup_mk64f12.o
                0x00000b78                DMA7_IRQHandler
 .text.DMA8_IRQHandler
                0x00000b80        0x8 ./startup/startup_mk64f12.o
                0x00000b80                DMA8_IRQHandler
 .text.DMA9_IRQHandler
                0x00000b88        0x8 ./startup/startup_mk64f12.o
                0x00000b88                DMA9_IRQHandler
 .text.DMA10_IRQHandler
                0x00000b90        0x8 ./startup/startup_mk64f12.o
                0x00000b90                DMA10_IRQHandler
 .text.DMA11_IRQHandler
                0x00000b98        0x8 ./startup/startup_mk64f12.o
                0x00000b98                DMA11_IRQHandler
 .text.DMA12_IRQHandler
                0x00000ba0        0x8 ./startup/startup_mk64f12.o
                0x00000ba0                DMA12_IRQHandler
 .text.DMA13_IRQHandler
                0x00000ba8        0x8 ./startup/startup_mk64f12.o
                0x00000ba8                DMA13_IRQHandler
 .text.DMA14_IRQHandler
                0x00000bb0        0x8 ./startup/startup_mk64f12.o
                0x00000bb0                DMA14_IRQHandler
 .text.DMA15_IRQHandler
                0x00000bb8        0x8 ./startup/startup_mk64f12.o
                0x00000bb8                DMA15_IRQHandler
 .text.DMA_Error_IRQHandler
                0x00000bc0        0x8 ./startup/startup_mk64f12.o
                0x00000bc0                DMA_Error_IRQHandler
 .text.MCM_IRQHandler
                0x00000bc8        0x8 ./startup/startup_mk64f12.o
                0x00000bc8                MCM_IRQHandler
 .text.FTFE_IRQHandler
                0x00000bd0        0x8 ./startup/startup_mk64f12.o
                0x00000bd0                FTFE_IRQHandler
 .text.Read_Collision_IRQHandler
                0x00000bd8        0x8 ./startup/startup_mk64f12.o
                0x00000bd8                Read_Collision_IRQHandler
 .text.LVD_LVW_IRQHandler
                0x00000be0        0x8 ./startup/startup_mk64f12.o
                0x00000be0                LVD_LVW_IRQHandler
 .text.LLWU_IRQHandler
                0x00000be8        0x8 ./startup/startup_mk64f12.o
                0x00000be8                LLWU_IRQHandler
 .text.WDOG_EWM_IRQHandler
                0x00000bf0        0x8 ./startup/startup_mk64f12.o
                0x00000bf0                WDOG_EWM_IRQHandler
 .text.RNG_IRQHandler
                0x00000bf8        0x8 ./startup/startup_mk64f12.o
                0x00000bf8                RNG_IRQHandler
 .text.I2C0_IRQHandler
                0x00000c00        0x8 ./startup/startup_mk64f12.o
                0x00000c00                I2C0_IRQHandler
 .text.I2C1_IRQHandler
                0x00000c08        0x8 ./startup/startup_mk64f12.o
                0x00000c08                I2C1_IRQHandler
 .text.SPI0_IRQHandler
                0x00000c10        0x8 ./startup/startup_mk64f12.o
                0x00000c10                SPI0_IRQHandler
 .text.SPI1_IRQHandler
                0x00000c18        0x8 ./startup/startup_mk64f12.o
                0x00000c18                SPI1_IRQHandler
 .text.I2S0_Tx_IRQHandler
                0x00000c20        0x8 ./startup/startup_mk64f12.o
                0x00000c20                I2S0_Tx_IRQHandler
 .text.I2S0_Rx_IRQHandler
                0x00000c28        0x8 ./startup/startup_mk64f12.o
                0x00000c28                I2S0_Rx_IRQHandler
 .text.UART0_LON_IRQHandler
                0x00000c30        0x8 ./startup/startup_mk64f12.o
                0x00000c30                UART0_LON_IRQHandler
 .text.UART0_RX_TX_IRQHandler
                0x00000c38        0x8 ./startup/startup_mk64f12.o
                0x00000c38                UART0_RX_TX_IRQHandler
 .text.UART0_ERR_IRQHandler
                0x00000c40        0x8 ./startup/startup_mk64f12.o
                0x00000c40                UART0_ERR_IRQHandler
 .text.UART1_RX_TX_IRQHandler
                0x00000c48        0x8 ./startup/startup_mk64f12.o
                0x00000c48                UART1_RX_TX_IRQHandler
 .text.UART1_ERR_IRQHandler
                0x00000c50        0x8 ./startup/startup_mk64f12.o
                0x00000c50                UART1_ERR_IRQHandler
 .text.UART2_RX_TX_IRQHandler
                0x00000c58        0x8 ./startup/startup_mk64f12.o
                0x00000c58                UART2_RX_TX_IRQHandler
 .text.UART2_ERR_IRQHandler
                0x00000c60        0x8 ./startup/startup_mk64f12.o
                0x00000c60                UART2_ERR_IRQHandler
 .text.UART3_RX_TX_IRQHandler
                0x00000c68        0x8 ./startup/startup_mk64f12.o
                0x00000c68                UART3_RX_TX_IRQHandler
 .text.UART3_ERR_IRQHandler
                0x00000c70        0x8 ./startup/startup_mk64f12.o
                0x00000c70                UART3_ERR_IRQHandler
 .text.ADC0_IRQHandler
                0x00000c78        0x8 ./startup/startup_mk64f12.o
                0x00000c78                ADC0_IRQHandler
 .text.CMP0_IRQHandler
                0x00000c80        0x8 ./startup/startup_mk64f12.o
                0x00000c80                CMP0_IRQHandler
 .text.CMP1_IRQHandler
                0x00000c88        0x8 ./startup/startup_mk64f12.o
                0x00000c88                CMP1_IRQHandler
 .text.FTM0_IRQHandler
                0x00000c90        0x8 ./startup/startup_mk64f12.o
                0x00000c90                FTM0_IRQHandler
 .text.FTM1_IRQHandler
                0x00000c98        0x8 ./startup/startup_mk64f12.o
                0x00000c98                FTM1_IRQHandler
 .text.FTM2_IRQHandler
                0x00000ca0        0x8 ./startup/startup_mk64f12.o
                0x00000ca0                FTM2_IRQHandler
 .text.CMT_IRQHandler
                0x00000ca8        0x8 ./startup/startup_mk64f12.o
                0x00000ca8                CMT_IRQHandler
 .text.RTC_IRQHandler
                0x00000cb0        0x8 ./startup/startup_mk64f12.o
                0x00000cb0                RTC_IRQHandler
 .text.RTC_Seconds_IRQHandler
                0x00000cb8        0x8 ./startup/startup_mk64f12.o
                0x00000cb8                RTC_Seconds_IRQHandler
 .text.PIT0_IRQHandler
                0x00000cc0        0x8 ./startup/startup_mk64f12.o
                0x00000cc0                PIT0_IRQHandler
 .text.PIT1_IRQHandler
                0x00000cc8        0x8 ./startup/startup_mk64f12.o
                0x00000cc8                PIT1_IRQHandler
 .text.PIT2_IRQHandler
                0x00000cd0        0x8 ./startup/startup_mk64f12.o
                0x00000cd0                PIT2_IRQHandler
 .text.PIT3_IRQHandler
                0x00000cd8        0x8 ./startup/startup_mk64f12.o
                0x00000cd8                PIT3_IRQHandler
 .text.PDB0_IRQHandler
                0x00000ce0        0x8 ./startup/startup_mk64f12.o
                0x00000ce0                PDB0_IRQHandler
 .text.USB0_IRQHandler
                0x00000ce8        0x8 ./startup/startup_mk64f12.o
                0x00000ce8                USB0_IRQHandler
 .text.USBDCD_IRQHandler
                0x00000cf0        0x8 ./startup/startup_mk64f12.o
                0x00000cf0                USBDCD_IRQHandler
 .text.Reserved71_IRQHandler
                0x00000cf8        0x8 ./startup/startup_mk64f12.o
                0x00000cf8                Reserved71_IRQHandler
 .text.DAC0_IRQHandler
                0x00000d00        0x8 ./startup/startup_mk64f12.o
                0x00000d00                DAC0_IRQHandler
 .text.MCG_IRQHandler
                0x00000d08        0x8 ./startup/startup_mk64f12.o
                0x00000d08                MCG_IRQHandler
 .text.LPTMR0_IRQHandler
                0x00000d10        0x8 ./startup/startup_mk64f12.o
                0x00000d10                LPTMR0_IRQHandler
 .text.PORTA_IRQHandler
                0x00000d18        0x8 ./startup/startup_mk64f12.o
                0x00000d18                PORTA_IRQHandler
 .text.PORTB_IRQHandler
                0x00000d20        0x8 ./startup/startup_mk64f12.o
                0x00000d20                PORTB_IRQHandler
 .text.PORTC_IRQHandler
                0x00000d28        0x8 ./startup/startup_mk64f12.o
                0x00000d28                PORTC_IRQHandler
 .text.PORTD_IRQHandler
                0x00000d30        0x8 ./startup/startup_mk64f12.o
                0x00000d30                PORTD_IRQHandler
 .text.PORTE_IRQHandler
                0x00000d38        0x8 ./startup/startup_mk64f12.o
                0x00000d38                PORTE_IRQHandler
 .text.SWI_IRQHandler
                0x00000d40        0x8 ./startup/startup_mk64f12.o
                0x00000d40                SWI_IRQHandler
 .text.SPI2_IRQHandler
                0x00000d48        0x8 ./startup/startup_mk64f12.o
                0x00000d48                SPI2_IRQHandler
 .text.UART4_RX_TX_IRQHandler
                0x00000d50        0x8 ./startup/startup_mk64f12.o
                0x00000d50                UART4_RX_TX_IRQHandler
 .text.UART4_ERR_IRQHandler
                0x00000d58        0x8 ./startup/startup_mk64f12.o
                0x00000d58                UART4_ERR_IRQHandler
 .text.UART5_RX_TX_IRQHandler
                0x00000d60        0x8 ./startup/startup_mk64f12.o
                0x00000d60                UART5_RX_TX_IRQHandler
 .text.UART5_ERR_IRQHandler
                0x00000d68        0x8 ./startup/startup_mk64f12.o
                0x00000d68                UART5_ERR_IRQHandler
 .text.CMP2_IRQHandler
                0x00000d70        0x8 ./startup/startup_mk64f12.o
                0x00000d70                CMP2_IRQHandler
 .text.FTM3_IRQHandler
                0x00000d78        0x8 ./startup/startup_mk64f12.o
                0x00000d78                FTM3_IRQHandler
 .text.DAC1_IRQHandler
                0x00000d80        0x8 ./startup/startup_mk64f12.o
                0x00000d80                DAC1_IRQHandler
 .text.ADC1_IRQHandler
                0x00000d88        0x8 ./startup/startup_mk64f12.o
                0x00000d88                ADC1_IRQHandler
 .text.I2C2_IRQHandler
                0x00000d90        0x8 ./startup/startup_mk64f12.o
                0x00000d90                I2C2_IRQHandler
 .text.CAN0_ORed_Message_buffer_IRQHandler
                0x00000d98        0x8 ./startup/startup_mk64f12.o
                0x00000d98                CAN0_ORed_Message_buffer_IRQHandler
 .text.CAN0_Bus_Off_IRQHandler
                0x00000da0        0x8 ./startup/startup_mk64f12.o
                0x00000da0                CAN0_Bus_Off_IRQHandler
 .text.CAN0_Error_IRQHandler
                0x00000da8        0x8 ./startup/startup_mk64f12.o
                0x00000da8                CAN0_Error_IRQHandler
 .text.CAN0_Tx_Warning_IRQHandler
                0x00000db0        0x8 ./startup/startup_mk64f12.o
                0x00000db0                CAN0_Tx_Warning_IRQHandler
 .text.CAN0_Rx_Warning_IRQHandler
                0x00000db8        0x8 ./startup/startup_mk64f12.o
                0x00000db8                CAN0_Rx_Warning_IRQHandler
 .text.CAN0_Wake_Up_IRQHandler
                0x00000dc0        0x8 ./startup/startup_mk64f12.o
                0x00000dc0                CAN0_Wake_Up_IRQHandler
 .text.SDHC_IRQHandler
                0x00000dc8        0x8 ./startup/startup_mk64f12.o
                0x00000dc8                SDHC_IRQHandler
 .text.ENET_1588_Timer_IRQHandler
                0x00000dd0        0x8 ./startup/startup_mk64f12.o
                0x00000dd0                ENET_1588_Timer_IRQHandler
 .text.ENET_Transmit_IRQHandler
                0x00000dd8        0x8 ./startup/startup_mk64f12.o
                0x00000dd8                ENET_Transmit_IRQHandler
 .text.ENET_Receive_IRQHandler
                0x00000de0        0x8 ./startup/startup_mk64f12.o
                0x00000de0                ENET_Receive_IRQHandler
 .text.ENET_Error_IRQHandler
                0x00000de8        0x8 ./startup/startup_mk64f12.o
                0x00000de8                ENET_Error_IRQHandler
 .text.GPIO_PortToggle
                0x00000df0       0x1c ./source/led_blinky.o
 .text.HardFault_Handler
                0x00000e0c       0x2c ./source/semihost_hardfault.o
                0x00000e0c                HardFault_Handler
 .text.GPIO_PinWrite
                0x00000e38       0x36 ./drivers/fsl_gpio.o
 .text.GPIO_WritePinOutput
                0x00000e6e       0x22 ./drivers/fsl_gpio.o
 .text.UART0_RX_TX_DriverIRQHandler
                0x00000e90       0x10 ./drivers/fsl_uart.o
                0x00000e90                UART0_RX_TX_DriverIRQHandler
 .text.UART1_RX_TX_DriverIRQHandler
                0x00000ea0       0x10 ./drivers/fsl_uart.o
                0x00000ea0                UART1_RX_TX_DriverIRQHandler
 .text.UART2_RX_TX_DriverIRQHandler
                0x00000eb0       0x10 ./drivers/fsl_uart.o
                0x00000eb0                UART2_RX_TX_DriverIRQHandler
 .text.UART3_RX_TX_DriverIRQHandler
                0x00000ec0       0x10 ./drivers/fsl_uart.o
                0x00000ec0                UART3_RX_TX_DriverIRQHandler
 .text.UART4_RX_TX_DriverIRQHandler
                0x00000ed0       0x10 ./drivers/fsl_uart.o
                0x00000ed0                UART4_RX_TX_DriverIRQHandler
 .text.UART5_RX_TX_DriverIRQHandler
                0x00000ee0       0x10 ./drivers/fsl_uart.o
                0x00000ee0                UART5_RX_TX_DriverIRQHandler
 .text.CLOCK_EnableClock
                0x00000ef0       0x34 ./board/pin_mux.o
 .text.PORT_SetPinMux
                0x00000f24       0x3a ./board/pin_mux.o
 .text.SystemInitHook
                0x00000f5e        0xe ./CMSIS/system_MK64F12.o
                0x00000f5e                SystemInitHook
 .text.__main   0x00000f6c        0xe c:/nxp/mcuxpressoide_11.0.1_2563/ide/plugins/com.nxp.mcuxpresso.tools.win32_11.0.1.201907311258/tools/bin/../lib/gcc/arm-none-eabi/8.2.1/../../../../arm-none-eabi/lib/thumb/v7e-m+fp/hard\libcr_semihost_nf.a(_cr__main.o)
                0x00000f6c                __CR_SEMIHOST
                0x00000f6c                __main
 .text.memset   0x00000f7a        0x4 c:/nxp/mcuxpressoide_11.0.1_2563/ide/plugins/com.nxp.mcuxpresso.tools.win32_11.0.1.201907311258/tools/bin/../lib/gcc/arm-none-eabi/8.2.1/../../../../arm-none-eabi/lib/thumb/v7e-m+fp/hard\libcr_c.a(memset.o)
                0x00000f7a                memset
 .text._deferredlazyseek
                0x00000f7e       0x40 c:/nxp/mcuxpressoide_11.0.1_2563/ide/plugins/com.nxp.mcuxpresso.tools.win32_11.0.1.201907311258/tools/bin/../lib/gcc/arm-none-eabi/8.2.1/../../../../arm-none-eabi/lib/thumb/v7e-m+fp/hard\libcr_c.a(_deferredlazyseek.o)
                0x00000f7e                _deferredlazyseek
 .text.__flsbuf
                0x00000fbe      0x140 c:/nxp/mcuxpressoide_11.0.1_2563/ide/plugins/com.nxp.mcuxpresso.tools.win32_11.0.1.201907311258/tools/bin/../lib/gcc/arm-none-eabi/8.2.1/../../../../arm-none-eabi/lib/thumb/v7e-m+fp/hard\libcr_c.a(_deferredlazyseek.o)
                0x00000fbe                __flsbuf
 .text._fflush  0x000010fe       0x52 c:/nxp/mcuxpressoide_11.0.1_2563/ide/plugins/com.nxp.mcuxpresso.tools.win32_11.0.1.201907311258/tools/bin/../lib/gcc/arm-none-eabi/8.2.1/../../../../arm-none-eabi/lib/thumb/v7e-m+fp/hard\libcr_c.a(_fflush.o)
                0x000010fe                _fflush
 .text.free     0x00001150       0x30 c:/nxp/mcuxpressoide_11.0.1_2563/ide/plugins/com.nxp.mcuxpresso.tools.win32_11.0.1.201907311258/tools/bin/../lib/gcc/arm-none-eabi/8.2.1/../../../../arm-none-eabi/lib/thumb/v7e-m+fp/hard\libcr_c.a(alloc.o)
                0x00001150                free
 .text.fputs    0x00001180       0x2c c:/nxp/mcuxpressoide_11.0.1_2563/ide/plugins/com.nxp.mcuxpresso.tools.win32_11.0.1.201907311258/tools/bin/../lib/gcc/arm-none-eabi/8.2.1/../../../../arm-none-eabi/lib/thumb/v7e-m+fp/hard\libcr_c.a(fputs.o)
                0x00001180                fputs
 .text.strlen   0x000011ac       0x4c c:/nxp/mcuxpressoide_11.0.1_2563/ide/plugins/com.nxp.mcuxpresso.tools.win32_11.0.1.201907311258/tools/bin/../lib/gcc/arm-none-eabi/8.2.1/../../../../arm-none-eabi/lib/thumb/v7e-m+fp/hard\libcr_c.a(strlen.o)
                0x000011ac                strlen
 .text._fdopen  0x000011f8       0x68 c:/nxp/mcuxpressoide_11.0.1_2563/ide/plugins/com.nxp.mcuxpresso.tools.win32_11.0.1.201907311258/tools/bin/../lib/gcc/arm-none-eabi/8.2.1/../../../../arm-none-eabi/lib/thumb/v7e-m+fp/hard\libcr_c.a(_fdopen.o)
                0x000011f8                _fdopen
 .text.fclose   0x00001260       0x58 c:/nxp/mcuxpressoide_11.0.1_2563/ide/plugins/com.nxp.mcuxpresso.tools.win32_11.0.1.201907311258/tools/bin/../lib/gcc/arm-none-eabi/8.2.1/../../../../arm-none-eabi/lib/thumb/v7e-m+fp/hard\libcr_c.a(fclose.o)
                0x00001260                fclose
 .text.remove   0x000012b8       0x14 c:/nxp/mcuxpressoide_11.0.1_2563/ide/plugins/com.nxp.mcuxpresso.tools.win32_11.0.1.201907311258/tools/bin/../lib/gcc/arm-none-eabi/8.2.1/../../../../arm-none-eabi/lib/thumb/v7e-m+fp/hard\libcr_c.a(remove.o)
                0x000012b8                remove
 .text._do_fflush
                0x000012cc       0x40 c:/nxp/mcuxpressoide_11.0.1_2563/ide/plugins/com.nxp.mcuxpresso.tools.win32_11.0.1.201907311258/tools/bin/../lib/gcc/arm-none-eabi/8.2.1/../../../../arm-none-eabi/lib/thumb/v7e-m+fp/hard\libcr_c.a(_do_fflush.o)
                0x000012cc                _do_fflush
 .text.__aeabi_memset_lowlevel
                0x0000130c       0x32 c:/nxp/mcuxpressoide_11.0.1_2563/ide/plugins/com.nxp.mcuxpresso.tools.win32_11.0.1.201907311258/tools/bin/../lib/gcc/arm-none-eabi/8.2.1/thumb/v7e-m+fp/hard\libcr_eabihelpers.a(memcpy.o)
                0x0000130c                __aeabi_lowlevel_memset
 .text.__sys_close
                0x0000133e        0xc c:/nxp/mcuxpressoide_11.0.1_2563/ide/plugins/com.nxp.mcuxpresso.tools.win32_11.0.1.201907311258/tools/bin/../lib/gcc/arm-none-eabi/8.2.1/../../../../arm-none-eabi/lib/thumb/v7e-m+fp/hard\libcr_semihost_nf.a(__sys_close.o)
                0x0000133e                __sys_close
 .text.__sys_flen
                0x0000134a        0xc c:/nxp/mcuxpressoide_11.0.1_2563/ide/plugins/com.nxp.mcuxpresso.tools.win32_11.0.1.201907311258/tools/bin/../lib/gcc/arm-none-eabi/8.2.1/../../../../arm-none-eabi/lib/thumb/v7e-m+fp/hard\libcr_semihost_nf.a(__sys_flen.o)
                0x0000134a                __sys_flen
 .text.__sys_istty
                0x00001356        0xc c:/nxp/mcuxpressoide_11.0.1_2563/ide/plugins/com.nxp.mcuxpresso.tools.win32_11.0.1.201907311258/tools/bin/../lib/gcc/arm-none-eabi/8.2.1/../../../../arm-none-eabi/lib/thumb/v7e-m+fp/hard\libcr_semihost_nf.a(__sys_istty.o)
                0x00001356                __sys_istty
 .text.__sys_remove
                0x00001362        0xc c:/nxp/mcuxpressoide_11.0.1_2563/ide/plugins/com.nxp.mcuxpresso.tools.win32_11.0.1.201907311258/tools/bin/../lib/gcc/arm-none-eabi/8.2.1/../../../../arm-none-eabi/lib/thumb/v7e-m+fp/hard\libcr_semihost_nf.a(__sys_remove.o)
                0x00001362                __sys_remove
 .text.__sys_seek
                0x0000136e        0xc c:/nxp/mcuxpressoide_11.0.1_2563/ide/plugins/com.nxp.mcuxpresso.tools.win32_11.0.1.201907311258/tools/bin/../lib/gcc/arm-none-eabi/8.2.1/../../../../arm-none-eabi/lib/thumb/v7e-m+fp/hard\libcr_semihost_nf.a(__sys_seek.o)
                0x0000136e                __sys_seek
 .text.__sys_tmpnam
                0x0000137a        0xc c:/nxp/mcuxpressoide_11.0.1_2563/ide/plugins/com.nxp.mcuxpresso.tools.win32_11.0.1.201907311258/tools/bin/../lib/gcc/arm-none-eabi/8.2.1/../../../../arm-none-eabi/lib/thumb/v7e-m+fp/hard\libcr_semihost_nf.a(__sys_tmpnam.o)
                0x0000137a                __sys_tmpnam
 .text.__sys_write
                0x00001386        0xc c:/nxp/mcuxpressoide_11.0.1_2563/ide/plugins/com.nxp.mcuxpresso.tools.win32_11.0.1.201907311258/tools/bin/../lib/gcc/arm-none-eabi/8.2.1/../../../../arm-none-eabi/lib/thumb/v7e-m+fp/hard\libcr_semihost_nf.a(__sys_write.o)
                0x00001386                __sys_write
 *(SORT_BY_ALIGNMENT(.rodata) SORT_BY_ALIGNMENT(.rodata.*) SORT_BY_ALIGNMENT(.constdata) SORT_BY_ALIGNMENT(.constdata.*))
 *fill*         0x00001392        0x2 ff
 .rodata        0x00001394       0x63 ./drivers/fsl_gpio.o
 *fill*         0x000013f7        0x1 ff
 .rodata.__num_Ciob_streams
                0x000013f8        0x4 c:/nxp/mcuxpressoide_11.0.1_2563/ide/plugins/com.nxp.mcuxpresso.tools.win32_11.0.1.201907311258/tools/bin/../lib/gcc/arm-none-eabi/8.2.1/../../../../arm-none-eabi/lib/thumb/v7e-m+fp/hard\libcr_semihost_nf.a(__ciob.o)
                0x000013f8                __num_Ciob_streams
 .rodata.__assertion_failed.str1.1
                0x000013fc       0x15 c:/nxp/mcuxpressoide_11.0.1_2563/ide/plugins/com.nxp.mcuxpresso.tools.win32_11.0.1.201907311258/tools/bin/../lib/gcc/arm-none-eabi/8.2.1/../../../../arm-none-eabi/lib/thumb/v7e-m+fp/hard\libcr_semihost_nf.a(_cr_assert.o)
 .rodata._Csys_alloc.str1.1
                0x00001411       0x18 c:/nxp/mcuxpressoide_11.0.1_2563/ide/plugins/com.nxp.mcuxpresso.tools.win32_11.0.1.201907311258/tools/bin/../lib/gcc/arm-none-eabi/8.2.1/../../../../arm-none-eabi/lib/thumb/v7e-m+fp/hard\libcr_c.a(alloc.o)
 .rodata._initio.str1.1
                0x00001429        0x4 c:/nxp/mcuxpressoide_11.0.1_2563/ide/plugins/com.nxp.mcuxpresso.tools.win32_11.0.1.201907311258/tools/bin/../lib/gcc/arm-none-eabi/8.2.1/../../../../arm-none-eabi/lib/thumb/v7e-m+fp/hard\libcr_c.a(initio.o)
                0x00001430                . = ALIGN (0x8)
 *fill*         0x0000142d        0x3 ff

.glue_7         0x00001430        0x0
 .glue_7        0x00001430        0x0 linker stubs

.glue_7t        0x00001430        0x0
 .glue_7t       0x00001430        0x0 linker stubs

.vfp11_veneer   0x00001430        0x0
 .vfp11_veneer  0x00001430        0x0 linker stubs

.v4_bx          0x00001430        0x0
 .v4_bx         0x00001430        0x0 linker stubs

.iplt           0x00001430        0x0
 .iplt          0x00001430        0x0 ./startup/startup_mk64f12.o

.rel.dyn        0x00001430        0x0
 .rel.iplt      0x00001430        0x0 ./startup/startup_mk64f12.o

.ARM.extab
 *(SORT_BY_ALIGNMENT(.ARM.extab*) SORT_BY_ALIGNMENT(.gnu.linkonce.armextab.*))
                0x00001430                __exidx_start = .

.ARM.exidx
 *(SORT_BY_ALIGNMENT(.ARM.exidx*) SORT_BY_ALIGNMENT(.gnu.linkonce.armexidx.*))
                0x00001430                __exidx_end = .
                0x00001430                _etext = .

.m_usb_data
 *(SORT_BY_ALIGNMENT(m_usb_bdt))

.data_RAM2      0x1fff0000        0x0 load address 0x00001430
 FILL mask 0xff
                [!provide]                PROVIDE (__start_data_RAM2 = .)
 *(SORT_BY_ALIGNMENT(.ramfunc.$RAM2))
 *(SORT_BY_ALIGNMENT(.ramfunc.$SRAM_LOWER))
 *(SORT_BY_ALIGNMENT(.data.$RAM2))
 *(SORT_BY_ALIGNMENT(.data.$SRAM_LOWER))
 *(SORT_BY_ALIGNMENT(.data.$RAM2.*))
 *(SORT_BY_ALIGNMENT(.data.$SRAM_LOWER.*))
                0x1fff0000                . = ALIGN (0x8)
                [!provide]                PROVIDE (__end_data_RAM2 = .)

.data_RAM3      0x14000000        0x0 load address 0x00001430
 FILL mask 0xff
                [!provide]                PROVIDE (__start_data_RAM3 = .)
 *(SORT_BY_ALIGNMENT(.ramfunc.$RAM3))
 *(SORT_BY_ALIGNMENT(.ramfunc.$FLEX_RAM))
 *(SORT_BY_ALIGNMENT(.data.$RAM3))
 *(SORT_BY_ALIGNMENT(.data.$FLEX_RAM))
 *(SORT_BY_ALIGNMENT(.data.$RAM3.*))
 *(SORT_BY_ALIGNMENT(.data.$FLEX_RAM.*))
                0x14000000                . = ALIGN (0x8)
                [!provide]                PROVIDE (__end_data_RAM3 = .)

.uninit_RESERVED
                0x20000000        0x0
                0x20000000                . = ALIGN (0x8)
 *(SORT_BY_ALIGNMENT(.bss.$RESERVED*))
                0x20000000                . = ALIGN (0x8)
                0x20000000                _end_uninit_RESERVED = .

.data           0x20000000        0x8 load address 0x00001430
 FILL mask 0xff
                0x20000000                _data = .
 *(SORT_BY_ALIGNMENT(vtable))
 *(SORT_BY_ALIGNMENT(.ramfunc*))
 *(SORT_BY_ALIGNMENT(CodeQuickAccess))
 *(SORT_BY_ALIGNMENT(DataQuickAccess))
 *(SORT_BY_ALIGNMENT(RamFunction))
 *(SORT_BY_ALIGNMENT(.data*))
 .data.SystemCoreClock
                0x20000000        0x4 ./CMSIS/system_MK64F12.o
                0x20000000                SystemCoreClock
                0x20000008                . = ALIGN (0x8)
 *fill*         0x20000004        0x4 ff
                0x20000008                _edata = .

.igot.plt       0x20000008        0x0 load address 0x00001438
 .igot.plt      0x20000008        0x0 ./startup/startup_mk64f12.o

.bss_RAM2       0x1fff0000        0x0
                0x1fff0000                . = ALIGN (0x8)
                [!provide]                PROVIDE (__start_bss_RAM2 = .)
 *(SORT_BY_ALIGNMENT(.bss.$RAM2))
 *(SORT_BY_ALIGNMENT(.bss.$SRAM_LOWER))
 *(SORT_BY_ALIGNMENT(.bss.$RAM2.*))
 *(SORT_BY_ALIGNMENT(.bss.$SRAM_LOWER.*))
                0x1fff0000                . = ALIGN ((. != 0x0)?0x8:0x1)
                [!provide]                PROVIDE (__end_bss_RAM2 = .)

.bss_RAM3       0x14000000        0x0
                0x14000000                . = ALIGN (0x8)
                [!provide]                PROVIDE (__start_bss_RAM3 = .)
 *(SORT_BY_ALIGNMENT(.bss.$RAM3))
 *(SORT_BY_ALIGNMENT(.bss.$FLEX_RAM))
 *(SORT_BY_ALIGNMENT(.bss.$RAM3.*))
 *(SORT_BY_ALIGNMENT(.bss.$FLEX_RAM.*))
                0x14000000                . = ALIGN ((. != 0x0)?0x8:0x1)
                [!provide]                PROVIDE (__end_bss_RAM3 = .)

.bss            0x20000008       0xe0
                0x20000008                . = ALIGN (0x8)
                0x20000008                _bss = .
 *(SORT_BY_ALIGNMENT(.bss*))
 .bss.g_systickCounter
                0x20000008        0x4 ./source/led_blinky.o
                0x20000008                g_systickCounter
 .bss.s_uartHandle
                0x2000000c       0x18 ./drivers/fsl_uart.o
 .bss.s_uartIsr
                0x20000024        0x4 ./drivers/fsl_uart.o
 .bss.__Ciob    0x20000028       0xb4 c:/nxp/mcuxpressoide_11.0.1_2563/ide/plugins/com.nxp.mcuxpresso.tools.win32_11.0.1.201907311258/tools/bin/../lib/gcc/arm-none-eabi/8.2.1/../../../../arm-none-eabi/lib/thumb/v7e-m+fp/hard\libcr_semihost_nf.a(__ciob.o)
                0x20000028                __Ciob
 .bss.__end_of_heap
                0x200000dc        0x4 c:/nxp/mcuxpressoide_11.0.1_2563/ide/plugins/com.nxp.mcuxpresso.tools.win32_11.0.1.201907311258/tools/bin/../lib/gcc/arm-none-eabi/8.2.1/../../../../arm-none-eabi/lib/thumb/v7e-m+fp/hard\libcr_c.a(__init_alloc.o)
                0x200000dc                __end_of_heap
 .bss.__heaps   0x200000e0        0x4 c:/nxp/mcuxpressoide_11.0.1_2563/ide/plugins/com.nxp.mcuxpresso.tools.win32_11.0.1.201907311258/tools/bin/../lib/gcc/arm-none-eabi/8.2.1/../../../../arm-none-eabi/lib/thumb/v7e-m+fp/hard\libcr_c.a(__init_alloc.o)
                0x200000e0                __heaps
 .bss.errno     0x200000e4        0x4 c:/nxp/mcuxpressoide_11.0.1_2563/ide/plugins/com.nxp.mcuxpresso.tools.win32_11.0.1.201907311258/tools/bin/../lib/gcc/arm-none-eabi/8.2.1/../../../../arm-none-eabi/lib/thumb/v7e-m+fp/hard\libcr_c.a(errno.o)
                0x200000e4                errno
 *(SORT_BY_ALIGNMENT(COMMON))
                0x200000e8                . = ALIGN (0x8)
                0x200000e8                _ebss = .
                [!provide]                PROVIDE (end = .)

.noinit_RAM2    0x1fff0000        0x0
                0x1fff0000                . = ALIGN (0x8)
 *(SORT_BY_ALIGNMENT(.noinit.$RAM2))
 *(SORT_BY_ALIGNMENT(.noinit.$SRAM_LOWER))
 *(SORT_BY_ALIGNMENT(.noinit.$RAM2.*))
 *(SORT_BY_ALIGNMENT(.noinit.$SRAM_LOWER.*))
                0x1fff0000                . = ALIGN (0x8)

.noinit_RAM3    0x14000000        0x0
                0x14000000                . = ALIGN (0x8)
 *(SORT_BY_ALIGNMENT(.noinit.$RAM3))
 *(SORT_BY_ALIGNMENT(.noinit.$FLEX_RAM))
 *(SORT_BY_ALIGNMENT(.noinit.$RAM3.*))
 *(SORT_BY_ALIGNMENT(.noinit.$FLEX_RAM.*))
                0x14000000                . = ALIGN (0x8)

.noinit         0x200000e8        0x0
                0x200000e8                . = ALIGN (0x8)
                0x200000e8                _noinit = .
 *(SORT_BY_ALIGNMENT(.noinit*))
                0x200000e8                . = ALIGN (0x8)
                0x200000e8                _end_noinit = .
                0x00001000                _HeapSize = 0x1000

.heap           0x200000e8     0x1000
                0x200000e8                _pvHeapStart = .
                0x200010e8                . = (. + _HeapSize)
 *fill*         0x200000e8     0x1000 
                0x200010e8                . = ALIGN (0x8)
                0x200010e8                _pvHeapLimit = .
                0x00001000                _StackSize = 0x1000

.heap2stackfill
                0x200010e8     0x1000
                0x200020e8                . = (. + _StackSize)
 *fill*         0x200010e8     0x1000 

.stack          0x2002f000        0x0
                0x2002f000                _vStackBase = .
                0x2002f000                . = ALIGN (0x8)
                0x20030000                _vStackTop = (. + _StackSize)
                0x00000000                _image_start = LOADADDR (.text)
                0x00001438                _image_end = (LOADADDR (.data) + SIZEOF (.data))
                0x00001438                _image_size = (_image_end - _image_start)
OUTPUT(frdmk64f_led_blinky.axf elf32-littlearm)

.debug_info     0x00000000     0x4368
 .debug_info    0x00000000      0x92a ./startup/startup_mk64f12.o
 .debug_info    0x0000092a      0xd6f ./source/led_blinky.o
 .debug_info    0x00001699       0x38 ./source/semihost_hardfault.o
 .debug_info    0x000016d1      0x654 ./drivers/fsl_gpio.o
 .debug_info    0x00001d25     0x1aec ./drivers/fsl_uart.o
 .debug_info    0x00003811      0x4ca ./board/pin_mux.o
 .debug_info    0x00003cdb      0x68d ./CMSIS/system_MK64F12.o

.debug_abbrev   0x00000000      0xc21
 .debug_abbrev  0x00000000      0x177 ./startup/startup_mk64f12.o
 .debug_abbrev  0x00000177      0x276 ./source/led_blinky.o
 .debug_abbrev  0x000003ed       0x2e ./source/semihost_hardfault.o
 .debug_abbrev  0x0000041b      0x1cf ./drivers/fsl_gpio.o
 .debug_abbrev  0x000005ea      0x342 ./drivers/fsl_uart.o
 .debug_abbrev  0x0000092c      0x188 ./board/pin_mux.o
 .debug_abbrev  0x00000ab4      0x16d ./CMSIS/system_MK64F12.o

.debug_aranges  0x00000000      0x5b8
 .debug_aranges
                0x00000000      0x330 ./startup/startup_mk64f12.o
 .debug_aranges
                0x00000330       0x48 ./source/led_blinky.o
 .debug_aranges
                0x00000378       0x20 ./source/semihost_hardfault.o
 .debug_aranges
                0x00000398       0x48 ./drivers/fsl_gpio.o
 .debug_aranges
                0x000003e0      0x170 ./drivers/fsl_uart.o
 .debug_aranges
                0x00000550       0x38 ./board/pin_mux.o
 .debug_aranges
                0x00000588       0x30 ./CMSIS/system_MK64F12.o

.debug_ranges   0x00000000      0x548
 .debug_ranges  0x00000000      0x320 ./startup/startup_mk64f12.o
 .debug_ranges  0x00000320       0x38 ./source/led_blinky.o
 .debug_ranges  0x00000358       0x10 ./source/semihost_hardfault.o
 .debug_ranges  0x00000368       0x38 ./drivers/fsl_gpio.o
 .debug_ranges  0x000003a0      0x160 ./drivers/fsl_uart.o
 .debug_ranges  0x00000500       0x28 ./board/pin_mux.o
 .debug_ranges  0x00000528       0x20 ./CMSIS/system_MK64F12.o

.debug_line     0x00000000     0x2500
 .debug_line    0x00000000      0x910 ./startup/startup_mk64f12.o
 .debug_line    0x00000910      0x2e5 ./source/led_blinky.o
 .debug_line    0x00000bf5       0x5a ./source/semihost_hardfault.o
 .debug_line    0x00000c4f      0x2b6 ./drivers/fsl_gpio.o
 .debug_line    0x00000f05     0x10b1 ./drivers/fsl_uart.o
 .debug_line    0x00001fb6      0x221 ./board/pin_mux.o
 .debug_line    0x000021d7      0x329 ./CMSIS/system_MK64F12.o

.debug_str      0x00000000     0x2f30
 .debug_str     0x00000000      0x93d ./startup/startup_mk64f12.o
                                0x95f (size before relaxing)
 .debug_str     0x0000093d     0x10cc ./source/led_blinky.o
                               0x1271 (size before relaxing)
 .debug_str     0x00001a09       0x1f ./source/semihost_hardfault.o
                                0x181 (size before relaxing)
 .debug_str     0x00001a28       0xff ./drivers/fsl_gpio.o
                                0x96d (size before relaxing)
 .debug_str     0x00001b27     0x1144 ./drivers/fsl_uart.o
                               0x1e91 (size before relaxing)
 .debug_str     0x00002c6b      0x14d ./board/pin_mux.o
                                0x693 (size before relaxing)
 .debug_str     0x00002db8      0x178 ./CMSIS/system_MK64F12.o
                                0x42a (size before relaxing)

.comment        0x00000000       0x75
 .comment       0x00000000       0x75 ./startup/startup_mk64f12.o
                                 0x76 (size before relaxing)
 .comment       0x00000075       0x76 ./source/led_blinky.o
 .comment       0x00000075       0x76 ./source/semihost_hardfault.o
 .comment       0x00000075       0x76 ./drivers/fsl_gpio.o
 .comment       0x00000075       0x76 ./drivers/fsl_uart.o
 .comment       0x00000075       0x76 ./board/pin_mux.o
 .comment       0x00000075       0x76 ./CMSIS/system_MK64F12.o
 .comment       0x00000075       0x76 c:/nxp/mcuxpressoide_11.0.1_2563/ide/plugins/com.nxp.mcuxpresso.tools.win32_11.0.1.201907311258/tools/bin/../lib/gcc/arm-none-eabi/8.2.1/../../../../arm-none-eabi/lib/thumb/v7e-m+fp/hard\libcr_semihost_nf.a(_cr__main.o)
 .comment       0x00000075       0x76 c:/nxp/mcuxpressoide_11.0.1_2563/ide/plugins/com.nxp.mcuxpresso.tools.win32_11.0.1.201907311258/tools/bin/../lib/gcc/arm-none-eabi/8.2.1/../../../../arm-none-eabi/lib/thumb/v7e-m+fp/hard\libcr_semihost_nf.a(_cr_assert.o)
 .comment       0x00000075       0x76 c:/nxp/mcuxpressoide_11.0.1_2563/ide/plugins/com.nxp.mcuxpresso.tools.win32_11.0.1.201907311258/tools/bin/../lib/gcc/arm-none-eabi/8.2.1/../../../../arm-none-eabi/lib/thumb/v7e-m+fp/hard\libcr_semihost_nf.a(__ciob.o)
 .comment       0x00000075       0x76 c:/nxp/mcuxpressoide_11.0.1_2563/ide/plugins/com.nxp.mcuxpresso.tools.win32_11.0.1.201907311258/tools/bin/../lib/gcc/arm-none-eabi/8.2.1/../../../../arm-none-eabi/lib/thumb/v7e-m+fp/hard\libcr_c.a(memset.o)
 .comment       0x00000075       0x76 c:/nxp/mcuxpressoide_11.0.1_2563/ide/plugins/com.nxp.mcuxpresso.tools.win32_11.0.1.201907311258/tools/bin/../lib/gcc/arm-none-eabi/8.2.1/../../../../arm-none-eabi/lib/thumb/v7e-m+fp/hard\libcr_c.a(_deferredlazyseek.o)
 .comment       0x00000075       0x76 c:/nxp/mcuxpressoide_11.0.1_2563/ide/plugins/com.nxp.mcuxpresso.tools.win32_11.0.1.201907311258/tools/bin/../lib/gcc/arm-none-eabi/8.2.1/../../../../arm-none-eabi/lib/thumb/v7e-m+fp/hard\libcr_c.a(_fflush.o)
 .comment       0x00000075       0x76 c:/nxp/mcuxpressoide_11.0.1_2563/ide/plugins/com.nxp.mcuxpresso.tools.win32_11.0.1.201907311258/tools/bin/../lib/gcc/arm-none-eabi/8.2.1/../../../../arm-none-eabi/lib/thumb/v7e-m+fp/hard\libcr_c.a(_writebuf.o)
 .comment       0x00000075       0x76 c:/nxp/mcuxpressoide_11.0.1_2563/ide/plugins/com.nxp.mcuxpresso.tools.win32_11.0.1.201907311258/tools/bin/../lib/gcc/arm-none-eabi/8.2.1/../../../../arm-none-eabi/lib/thumb/v7e-m+fp/hard\libcr_c.a(alloc.o)
 .comment       0x00000075       0x76 c:/nxp/mcuxpressoide_11.0.1_2563/ide/plugins/com.nxp.mcuxpresso.tools.win32_11.0.1.201907311258/tools/bin/../lib/gcc/arm-none-eabi/8.2.1/../../../../arm-none-eabi/lib/thumb/v7e-m+fp/hard\libcr_c.a(fputs.o)
 .comment       0x00000075       0x76 c:/nxp/mcuxpressoide_11.0.1_2563/ide/plugins/com.nxp.mcuxpresso.tools.win32_11.0.1.201907311258/tools/bin/../lib/gcc/arm-none-eabi/8.2.1/../../../../arm-none-eabi/lib/thumb/v7e-m+fp/hard\libcr_c.a(fseek.o)
 .comment       0x00000075       0x76 c:/nxp/mcuxpressoide_11.0.1_2563/ide/plugins/com.nxp.mcuxpresso.tools.win32_11.0.1.201907311258/tools/bin/../lib/gcc/arm-none-eabi/8.2.1/../../../../arm-none-eabi/lib/thumb/v7e-m+fp/hard\libcr_c.a(ftell.o)
 .comment       0x00000075       0x76 c:/nxp/mcuxpressoide_11.0.1_2563/ide/plugins/com.nxp.mcuxpresso.tools.win32_11.0.1.201907311258/tools/bin/../lib/gcc/arm-none-eabi/8.2.1/../../../../arm-none-eabi/lib/thumb/v7e-m+fp/hard\libcr_c.a(initio.o)
 .comment       0x00000075       0x76 c:/nxp/mcuxpressoide_11.0.1_2563/ide/plugins/com.nxp.mcuxpresso.tools.win32_11.0.1.201907311258/tools/bin/../lib/gcc/arm-none-eabi/8.2.1/../../../../arm-none-eabi/lib/thumb/v7e-m+fp/hard\libcr_c.a(setvbuf.o)
 .comment       0x00000075       0x76 c:/nxp/mcuxpressoide_11.0.1_2563/ide/plugins/com.nxp.mcuxpresso.tools.win32_11.0.1.201907311258/tools/bin/../lib/gcc/arm-none-eabi/8.2.1/../../../../arm-none-eabi/lib/thumb/v7e-m+fp/hard\libcr_c.a(strlen.o)
 .comment       0x00000075       0x76 c:/nxp/mcuxpressoide_11.0.1_2563/ide/plugins/com.nxp.mcuxpresso.tools.win32_11.0.1.201907311258/tools/bin/../lib/gcc/arm-none-eabi/8.2.1/../../../../arm-none-eabi/lib/thumb/v7e-m+fp/hard\libcr_c.a(__init_alloc.o)
 .comment       0x00000075       0x76 c:/nxp/mcuxpressoide_11.0.1_2563/ide/plugins/com.nxp.mcuxpresso.tools.win32_11.0.1.201907311258/tools/bin/../lib/gcc/arm-none-eabi/8.2.1/../../../../arm-none-eabi/lib/thumb/v7e-m+fp/hard\libcr_c.a(_cr_sbrk.o)
 .comment       0x00000075       0x76 c:/nxp/mcuxpressoide_11.0.1_2563/ide/plugins/com.nxp.mcuxpresso.tools.win32_11.0.1.201907311258/tools/bin/../lib/gcc/arm-none-eabi/8.2.1/../../../../arm-none-eabi/lib/thumb/v7e-m+fp/hard\libcr_c.a(_fdopen.o)
 .comment       0x00000075       0x76 c:/nxp/mcuxpressoide_11.0.1_2563/ide/plugins/com.nxp.mcuxpresso.tools.win32_11.0.1.201907311258/tools/bin/../lib/gcc/arm-none-eabi/8.2.1/../../../../arm-none-eabi/lib/thumb/v7e-m+fp/hard\libcr_c.a(errno.o)
 .comment       0x00000075       0x76 c:/nxp/mcuxpressoide_11.0.1_2563/ide/plugins/com.nxp.mcuxpresso.tools.win32_11.0.1.201907311258/tools/bin/../lib/gcc/arm-none-eabi/8.2.1/../../../../arm-none-eabi/lib/thumb/v7e-m+fp/hard\libcr_c.a(fclose.o)
 .comment       0x00000075       0x76 c:/nxp/mcuxpressoide_11.0.1_2563/ide/plugins/com.nxp.mcuxpresso.tools.win32_11.0.1.201907311258/tools/bin/../lib/gcc/arm-none-eabi/8.2.1/../../../../arm-none-eabi/lib/thumb/v7e-m+fp/hard\libcr_c.a(fflush.o)
 .comment       0x00000075       0x76 c:/nxp/mcuxpressoide_11.0.1_2563/ide/plugins/com.nxp.mcuxpresso.tools.win32_11.0.1.201907311258/tools/bin/../lib/gcc/arm-none-eabi/8.2.1/../../../../arm-none-eabi/lib/thumb/v7e-m+fp/hard\libcr_c.a(remove.o)
 .comment       0x00000075       0x76 c:/nxp/mcuxpressoide_11.0.1_2563/ide/plugins/com.nxp.mcuxpresso.tools.win32_11.0.1.201907311258/tools/bin/../lib/gcc/arm-none-eabi/8.2.1/../../../../arm-none-eabi/lib/thumb/v7e-m+fp/hard\libcr_c.a(_cr_check_heap.o)
 .comment       0x00000075       0x76 c:/nxp/mcuxpressoide_11.0.1_2563/ide/plugins/com.nxp.mcuxpresso.tools.win32_11.0.1.201907311258/tools/bin/../lib/gcc/arm-none-eabi/8.2.1/../../../../arm-none-eabi/lib/thumb/v7e-m+fp/hard\libcr_c.a(_do_fflush.o)

.ARM.attributes
                0x00000000       0x32
 .ARM.attributes
                0x00000000       0x34 ./startup/startup_mk64f12.o
 .ARM.attributes
                0x00000034       0x34 ./source/led_blinky.o
 .ARM.attributes
                0x00000068       0x34 ./source/semihost_hardfault.o
 .ARM.attributes
                0x0000009c       0x34 ./drivers/fsl_gpio.o
 .ARM.attributes
                0x000000d0       0x34 ./drivers/fsl_uart.o
 .ARM.attributes
                0x00000104       0x34 ./board/pin_mux.o
 .ARM.attributes
                0x00000138       0x34 ./CMSIS/system_MK64F12.o
 .ARM.attributes
                0x0000016c       0x34 c:/nxp/mcuxpressoide_11.0.1_2563/ide/plugins/com.nxp.mcuxpresso.tools.win32_11.0.1.201907311258/tools/bin/../lib/gcc/arm-none-eabi/8.2.1/../../../../arm-none-eabi/lib/thumb/v7e-m+fp/hard\libcr_semihost_nf.a(_cr__main.o)
 .ARM.attributes
                0x000001a0       0x34 c:/nxp/mcuxpressoide_11.0.1_2563/ide/plugins/com.nxp.mcuxpresso.tools.win32_11.0.1.201907311258/tools/bin/../lib/gcc/arm-none-eabi/8.2.1/../../../../arm-none-eabi/lib/thumb/v7e-m+fp/hard\libcr_semihost_nf.a(_cr_assert.o)
 .ARM.attributes
                0x000001d4       0x39 c:/nxp/mcuxpressoide_11.0.1_2563/ide/plugins/com.nxp.mcuxpresso.tools.win32_11.0.1.201907311258/tools/bin/../lib/gcc/arm-none-eabi/8.2.1/../../../../arm-none-eabi/lib/thumb/v7e-m+fp/hard\libcr_semihost_nf.a(__ciob.o)
 .ARM.attributes
                0x0000020d       0x20 c:/nxp/mcuxpressoide_11.0.1_2563/ide/plugins/com.nxp.mcuxpresso.tools.win32_11.0.1.201907311258/tools/bin/../lib/gcc/arm-none-eabi/8.2.1/../../../../arm-none-eabi/lib/thumb/v7e-m+fp/hard\libcr_semihost_nf.a(__sys_appexit.o)
 .ARM.attributes
                0x0000022d       0x34 c:/nxp/mcuxpressoide_11.0.1_2563/ide/plugins/com.nxp.mcuxpresso.tools.win32_11.0.1.201907311258/tools/bin/../lib/gcc/arm-none-eabi/8.2.1/../../../../arm-none-eabi/lib/thumb/v7e-m+fp/hard\libcr_c.a(memset.o)
 .ARM.attributes
                0x00000261       0x34 c:/nxp/mcuxpressoide_11.0.1_2563/ide/plugins/com.nxp.mcuxpresso.tools.win32_11.0.1.201907311258/tools/bin/../lib/gcc/arm-none-eabi/8.2.1/../../../../arm-none-eabi/lib/thumb/v7e-m+fp/hard\libcr_c.a(_deferredlazyseek.o)
 .ARM.attributes
                0x00000295       0x34 c:/nxp/mcuxpressoide_11.0.1_2563/ide/plugins/com.nxp.mcuxpresso.tools.win32_11.0.1.201907311258/tools/bin/../lib/gcc/arm-none-eabi/8.2.1/../../../../arm-none-eabi/lib/thumb/v7e-m+fp/hard\libcr_c.a(_fflush.o)
 .ARM.attributes
                0x000002c9       0x34 c:/nxp/mcuxpressoide_11.0.1_2563/ide/plugins/com.nxp.mcuxpresso.tools.win32_11.0.1.201907311258/tools/bin/../lib/gcc/arm-none-eabi/8.2.1/../../../../arm-none-eabi/lib/thumb/v7e-m+fp/hard\libcr_c.a(_writebuf.o)
 .ARM.attributes
                0x000002fd       0x34 c:/nxp/mcuxpressoide_11.0.1_2563/ide/plugins/com.nxp.mcuxpresso.tools.win32_11.0.1.201907311258/tools/bin/../lib/gcc/arm-none-eabi/8.2.1/../../../../arm-none-eabi/lib/thumb/v7e-m+fp/hard\libcr_c.a(alloc.o)
 .ARM.attributes
                0x00000331       0x34 c:/nxp/mcuxpressoide_11.0.1_2563/ide/plugins/com.nxp.mcuxpresso.tools.win32_11.0.1.201907311258/tools/bin/../lib/gcc/arm-none-eabi/8.2.1/../../../../arm-none-eabi/lib/thumb/v7e-m+fp/hard\libcr_c.a(fputs.o)
 .ARM.attributes
                0x00000365       0x34 c:/nxp/mcuxpressoide_11.0.1_2563/ide/plugins/com.nxp.mcuxpresso.tools.win32_11.0.1.201907311258/tools/bin/../lib/gcc/arm-none-eabi/8.2.1/../../../../arm-none-eabi/lib/thumb/v7e-m+fp/hard\libcr_c.a(fseek.o)
 .ARM.attributes
                0x00000399       0x34 c:/nxp/mcuxpressoide_11.0.1_2563/ide/plugins/com.nxp.mcuxpresso.tools.win32_11.0.1.201907311258/tools/bin/../lib/gcc/arm-none-eabi/8.2.1/../../../../arm-none-eabi/lib/thumb/v7e-m+fp/hard\libcr_c.a(ftell.o)
 .ARM.attributes
                0x000003cd       0x34 c:/nxp/mcuxpressoide_11.0.1_2563/ide/plugins/com.nxp.mcuxpresso.tools.win32_11.0.1.201907311258/tools/bin/../lib/gcc/arm-none-eabi/8.2.1/../../../../arm-none-eabi/lib/thumb/v7e-m+fp/hard\libcr_c.a(initio.o)
 .ARM.attributes
                0x00000401       0x34 c:/nxp/mcuxpressoide_11.0.1_2563/ide/plugins/com.nxp.mcuxpresso.tools.win32_11.0.1.201907311258/tools/bin/../lib/gcc/arm-none-eabi/8.2.1/../../../../arm-none-eabi/lib/thumb/v7e-m+fp/hard\libcr_c.a(setvbuf.o)
 .ARM.attributes
                0x00000435       0x34 c:/nxp/mcuxpressoide_11.0.1_2563/ide/plugins/com.nxp.mcuxpresso.tools.win32_11.0.1.201907311258/tools/bin/../lib/gcc/arm-none-eabi/8.2.1/../../../../arm-none-eabi/lib/thumb/v7e-m+fp/hard\libcr_c.a(strlen.o)
 .ARM.attributes
                0x00000469       0x34 c:/nxp/mcuxpressoide_11.0.1_2563/ide/plugins/com.nxp.mcuxpresso.tools.win32_11.0.1.201907311258/tools/bin/../lib/gcc/arm-none-eabi/8.2.1/../../../../arm-none-eabi/lib/thumb/v7e-m+fp/hard\libcr_c.a(__init_alloc.o)
 .ARM.attributes
                0x0000049d       0x34 c:/nxp/mcuxpressoide_11.0.1_2563/ide/plugins/com.nxp.mcuxpresso.tools.win32_11.0.1.201907311258/tools/bin/../lib/gcc/arm-none-eabi/8.2.1/../../../../arm-none-eabi/lib/thumb/v7e-m+fp/hard\libcr_c.a(_cr_sbrk.o)
 .ARM.attributes
                0x000004d1       0x34 c:/nxp/mcuxpressoide_11.0.1_2563/ide/plugins/com.nxp.mcuxpresso.tools.win32_11.0.1.201907311258/tools/bin/../lib/gcc/arm-none-eabi/8.2.1/../../../../arm-none-eabi/lib/thumb/v7e-m+fp/hard\libcr_c.a(_fdopen.o)
 .ARM.attributes
                0x00000505       0x39 c:/nxp/mcuxpressoide_11.0.1_2563/ide/plugins/com.nxp.mcuxpresso.tools.win32_11.0.1.201907311258/tools/bin/../lib/gcc/arm-none-eabi/8.2.1/../../../../arm-none-eabi/lib/thumb/v7e-m+fp/hard\libcr_c.a(errno.o)
 .ARM.attributes
                0x0000053e       0x34 c:/nxp/mcuxpressoide_11.0.1_2563/ide/plugins/com.nxp.mcuxpresso.tools.win32_11.0.1.201907311258/tools/bin/../lib/gcc/arm-none-eabi/8.2.1/../../../../arm-none-eabi/lib/thumb/v7e-m+fp/hard\libcr_c.a(fclose.o)
 .ARM.attributes
                0x00000572       0x34 c:/nxp/mcuxpressoide_11.0.1_2563/ide/plugins/com.nxp.mcuxpresso.tools.win32_11.0.1.201907311258/tools/bin/../lib/gcc/arm-none-eabi/8.2.1/../../../../arm-none-eabi/lib/thumb/v7e-m+fp/hard\libcr_c.a(fflush.o)
 .ARM.attributes
                0x000005a6       0x34 c:/nxp/mcuxpressoide_11.0.1_2563/ide/plugins/com.nxp.mcuxpresso.tools.win32_11.0.1.201907311258/tools/bin/../lib/gcc/arm-none-eabi/8.2.1/../../../../arm-none-eabi/lib/thumb/v7e-m+fp/hard\libcr_c.a(remove.o)
 .ARM.attributes
                0x000005da       0x34 c:/nxp/mcuxpressoide_11.0.1_2563/ide/plugins/com.nxp.mcuxpresso.tools.win32_11.0.1.201907311258/tools/bin/../lib/gcc/arm-none-eabi/8.2.1/../../../../arm-none-eabi/lib/thumb/v7e-m+fp/hard\libcr_c.a(_cr_check_heap.o)
 .ARM.attributes
                0x0000060e       0x34 c:/nxp/mcuxpressoide_11.0.1_2563/ide/plugins/com.nxp.mcuxpresso.tools.win32_11.0.1.201907311258/tools/bin/../lib/gcc/arm-none-eabi/8.2.1/../../../../arm-none-eabi/lib/thumb/v7e-m+fp/hard\libcr_c.a(_do_fflush.o)
 .ARM.attributes
                0x00000642       0x20 c:/nxp/mcuxpressoide_11.0.1_2563/ide/plugins/com.nxp.mcuxpresso.tools.win32_11.0.1.201907311258/tools/bin/../lib/gcc/arm-none-eabi/8.2.1/thumb/v7e-m+fp/hard\libcr_eabihelpers.a(memcpy.o)
 .ARM.attributes
                0x00000662       0x20 c:/nxp/mcuxpressoide_11.0.1_2563/ide/plugins/com.nxp.mcuxpresso.tools.win32_11.0.1.201907311258/tools/bin/../lib/gcc/arm-none-eabi/8.2.1/../../../../arm-none-eabi/lib/thumb/v7e-m+fp/hard\libcr_semihost_nf.a(__sys_close.o)
 .ARM.attributes
                0x00000682       0x20 c:/nxp/mcuxpressoide_11.0.1_2563/ide/plugins/com.nxp.mcuxpresso.tools.win32_11.0.1.201907311258/tools/bin/../lib/gcc/arm-none-eabi/8.2.1/../../../../arm-none-eabi/lib/thumb/v7e-m+fp/hard\libcr_semihost_nf.a(__sys_flen.o)
 .ARM.attributes
                0x000006a2       0x20 c:/nxp/mcuxpressoide_11.0.1_2563/ide/plugins/com.nxp.mcuxpresso.tools.win32_11.0.1.201907311258/tools/bin/../lib/gcc/arm-none-eabi/8.2.1/../../../../arm-none-eabi/lib/thumb/v7e-m+fp/hard\libcr_semihost_nf.a(__sys_istty.o)
 .ARM.attributes
                0x000006c2       0x20 c:/nxp/mcuxpressoide_11.0.1_2563/ide/plugins/com.nxp.mcuxpresso.tools.win32_11.0.1.201907311258/tools/bin/../lib/gcc/arm-none-eabi/8.2.1/../../../../arm-none-eabi/lib/thumb/v7e-m+fp/hard\libcr_semihost_nf.a(__sys_remove.o)
 .ARM.attributes
                0x000006e2       0x20 c:/nxp/mcuxpressoide_11.0.1_2563/ide/plugins/com.nxp.mcuxpresso.tools.win32_11.0.1.201907311258/tools/bin/../lib/gcc/arm-none-eabi/8.2.1/../../../../arm-none-eabi/lib/thumb/v7e-m+fp/hard\libcr_semihost_nf.a(__sys_seek.o)
 .ARM.attributes
                0x00000702       0x20 c:/nxp/mcuxpressoide_11.0.1_2563/ide/plugins/com.nxp.mcuxpresso.tools.win32_11.0.1.201907311258/tools/bin/../lib/gcc/arm-none-eabi/8.2.1/../../../../arm-none-eabi/lib/thumb/v7e-m+fp/hard\libcr_semihost_nf.a(__sys_tmpnam.o)
 .ARM.attributes
                0x00000722       0x20 c:/nxp/mcuxpressoide_11.0.1_2563/ide/plugins/com.nxp.mcuxpresso.tools.win32_11.0.1.201907311258/tools/bin/../lib/gcc/arm-none-eabi/8.2.1/../../../../arm-none-eabi/lib/thumb/v7e-m+fp/hard\libcr_semihost_nf.a(__sys_write.o)

.debug_frame    0x00000000     0x11f4
 .debug_frame   0x00000000      0x904 ./startup/startup_mk64f12.o
 .debug_frame   0x00000904       0xec ./source/led_blinky.o
 .debug_frame   0x000009f0       0x20 ./source/semihost_hardfault.o
 .debug_frame   0x00000a10       0xec ./drivers/fsl_gpio.o
 .debug_frame   0x00000afc      0x5ec ./drivers/fsl_uart.o
 .debug_frame   0x000010e8       0x98 ./board/pin_mux.o
 .debug_frame   0x00001180       0x74 ./CMSIS/system_MK64F12.o

Cross Reference Table

Symbol                                            File
ADC0_DriverIRQHandler                             ./startup/startup_mk64f12.o
ADC0_IRQHandler                                   ./startup/startup_mk64f12.o
ADC1_DriverIRQHandler                             ./startup/startup_mk64f12.o
ADC1_IRQHandler                                   ./startup/startup_mk64f12.o
BOARD_BootClockRUN                                ./board/src/clock_config.o
BOARD_BootClockVLPR                               ./board/src/clock_config.o
BOARD_InitBootPins                                ./board/pin_mux.o
BOARD_InitDebugConsole                            ./board/src/board.o
BOARD_InitPins                                    ./board/pin_mux.o
                                                  ./source/led_blinky.o
BusFault_Handler                                  ./startup/startup_mk64f12.o
CAN0_Bus_Off_IRQHandler                           ./startup/startup_mk64f12.o
CAN0_DriverIRQHandler                             ./startup/startup_mk64f12.o
CAN0_Error_IRQHandler                             ./startup/startup_mk64f12.o
CAN0_ORed_Message_buffer_IRQHandler               ./startup/startup_mk64f12.o
CAN0_Rx_Warning_IRQHandler                        ./startup/startup_mk64f12.o
CAN0_Tx_Warning_IRQHandler                        ./startup/startup_mk64f12.o
CAN0_Wake_Up_IRQHandler                           ./startup/startup_mk64f12.o
CLOCK_BootToBlpeMode                              ./drivers/fsl_clock.o
CLOCK_BootToBlpiMode                              ./drivers/fsl_clock.o
                                                  ./board/src/clock_config.o
CLOCK_BootToFeeMode                               ./drivers/fsl_clock.o
CLOCK_BootToFeiMode                               ./drivers/fsl_clock.o
CLOCK_BootToPeeMode                               ./drivers/fsl_clock.o
                                                  ./board/src/clock_config.o
CLOCK_CalcPllDiv                                  ./drivers/fsl_clock.o
CLOCK_ClearStatusFlags                            ./drivers/fsl_clock.o
CLOCK_DeinitOsc0                                  ./drivers/fsl_clock.o
CLOCK_EnablePll0                                  ./drivers/fsl_clock.o
CLOCK_EnableUsbfs0Clock                           ./drivers/fsl_clock.o
CLOCK_ExternalModeToFbeModeQuick                  ./drivers/fsl_clock.o
CLOCK_GetBusClkFreq                               ./drivers/fsl_clock.o
CLOCK_GetCoreSysClkFreq                           ./drivers/fsl_clock.o
                                                  ./board/src/board.o
CLOCK_GetEr32kClkFreq                             ./drivers/fsl_clock.o
CLOCK_GetFixedFreqClkFreq                         ./drivers/fsl_clock.o
CLOCK_GetFlashClkFreq                             ./drivers/fsl_clock.o
CLOCK_GetFlexBusClkFreq                           ./drivers/fsl_clock.o
CLOCK_GetFllFreq                                  ./drivers/fsl_clock.o
CLOCK_GetFreq                                     ./drivers/fsl_clock.o
CLOCK_GetInternalRefClkFreq                       ./drivers/fsl_clock.o
CLOCK_GetMode                                     ./drivers/fsl_clock.o
CLOCK_GetOsc0ErClkFreq                            ./drivers/fsl_clock.o
CLOCK_GetOutClkFreq                               ./drivers/fsl_clock.o
CLOCK_GetPlatClkFreq                              ./drivers/fsl_clock.o
CLOCK_GetPll0Freq                                 ./drivers/fsl_clock.o
CLOCK_GetPllFllSelClkFreq                         ./drivers/fsl_clock.o
CLOCK_GetStatusFlags                              ./drivers/fsl_clock.o
CLOCK_InitOsc0                                    ./drivers/fsl_clock.o
                                                  ./board/src/clock_config.o
CLOCK_InternalModeToFbiModeQuick                  ./drivers/fsl_clock.o
CLOCK_SetBlpeMode                                 ./drivers/fsl_clock.o
CLOCK_SetBlpiMode                                 ./drivers/fsl_clock.o
CLOCK_SetExternalRefClkConfig                     ./drivers/fsl_clock.o
CLOCK_SetFbeMode                                  ./drivers/fsl_clock.o
CLOCK_SetFbiMode                                  ./drivers/fsl_clock.o
CLOCK_SetFeeMode                                  ./drivers/fsl_clock.o
CLOCK_SetFeiMode                                  ./drivers/fsl_clock.o
CLOCK_SetInternalRefClkConfig                     ./drivers/fsl_clock.o
                                                  ./board/src/clock_config.o
CLOCK_SetMcgConfig                                ./drivers/fsl_clock.o
CLOCK_SetOsc0MonitorMode                          ./drivers/fsl_clock.o
CLOCK_SetPbeMode                                  ./drivers/fsl_clock.o
CLOCK_SetPeeMode                                  ./drivers/fsl_clock.o
CLOCK_SetPll0MonitorMode                          ./drivers/fsl_clock.o
CLOCK_SetRtcOscMonitorMode                        ./drivers/fsl_clock.o
CLOCK_SetSimConfig                                ./drivers/fsl_clock.o
                                                  ./board/src/clock_config.o
CLOCK_TrimInternalRefClk                          ./drivers/fsl_clock.o
CMP0_DriverIRQHandler                             ./startup/startup_mk64f12.o
CMP0_IRQHandler                                   ./startup/startup_mk64f12.o
CMP1_DriverIRQHandler                             ./startup/startup_mk64f12.o
CMP1_IRQHandler                                   ./startup/startup_mk64f12.o
CMP2_DriverIRQHandler                             ./startup/startup_mk64f12.o
CMP2_IRQHandler                                   ./startup/startup_mk64f12.o
CMT_DriverIRQHandler                              ./startup/startup_mk64f12.o
CMT_IRQHandler                                    ./startup/startup_mk64f12.o
DAC0_DriverIRQHandler                             ./startup/startup_mk64f12.o
DAC0_IRQHandler                                   ./startup/startup_mk64f12.o
DAC1_DriverIRQHandler                             ./startup/startup_mk64f12.o
DAC1_IRQHandler                                   ./startup/startup_mk64f12.o
DMA0_DriverIRQHandler                             ./startup/startup_mk64f12.o
DMA0_IRQHandler                                   ./startup/startup_mk64f12.o
DMA10_DriverIRQHandler                            ./startup/startup_mk64f12.o
DMA10_IRQHandler                                  ./startup/startup_mk64f12.o
DMA11_DriverIRQHandler                            ./startup/startup_mk64f12.o
DMA11_IRQHandler                                  ./startup/startup_mk64f12.o
DMA12_DriverIRQHandler                            ./startup/startup_mk64f12.o
DMA12_IRQHandler                                  ./startup/startup_mk64f12.o
DMA13_DriverIRQHandler                            ./startup/startup_mk64f12.o
DMA13_IRQHandler                                  ./startup/startup_mk64f12.o
DMA14_DriverIRQHandler                            ./startup/startup_mk64f12.o
DMA14_IRQHandler                                  ./startup/startup_mk64f12.o
DMA15_DriverIRQHandler                            ./startup/startup_mk64f12.o
DMA15_IRQHandler                                  ./startup/startup_mk64f12.o
DMA1_DriverIRQHandler                             ./startup/startup_mk64f12.o
DMA1_IRQHandler                                   ./startup/startup_mk64f12.o
DMA2_DriverIRQHandler                             ./startup/startup_mk64f12.o
DMA2_IRQHandler                                   ./startup/startup_mk64f12.o
DMA3_DriverIRQHandler                             ./startup/startup_mk64f12.o
DMA3_IRQHandler                                   ./startup/startup_mk64f12.o
DMA4_DriverIRQHandler                             ./startup/startup_mk64f12.o
DMA4_IRQHandler                                   ./startup/startup_mk64f12.o
DMA5_DriverIRQHandler                             ./startup/startup_mk64f12.o
DMA5_IRQHandler                                   ./startup/startup_mk64f12.o
DMA6_DriverIRQHandler                             ./startup/startup_mk64f12.o
DMA6_IRQHandler                                   ./startup/startup_mk64f12.o
DMA7_DriverIRQHandler                             ./startup/startup_mk64f12.o
DMA7_IRQHandler                                   ./startup/startup_mk64f12.o
DMA8_DriverIRQHandler                             ./startup/startup_mk64f12.o
DMA8_IRQHandler                                   ./startup/startup_mk64f12.o
DMA9_DriverIRQHandler                             ./startup/startup_mk64f12.o
DMA9_IRQHandler                                   ./startup/startup_mk64f12.o
DMA_Error_DriverIRQHandler                        ./startup/startup_mk64f12.o
DMA_Error_IRQHandler                              ./startup/startup_mk64f12.o
DbgConsole_Deinit                                 ./utilities/fsl_debug_console.o
DbgConsole_Flush                                  ./utilities/fsl_debug_console.o
DbgConsole_Init                                   ./utilities/fsl_debug_console.o
                                                  ./board/src/board.o
DebugMon_Handler                                  ./startup/startup_mk64f12.o
ENET_1588_Timer_DriverIRQHandler                  ./startup/startup_mk64f12.o
ENET_1588_Timer_IRQHandler                        ./startup/startup_mk64f12.o
ENET_Error_DriverIRQHandler                       ./startup/startup_mk64f12.o
ENET_Error_IRQHandler                             ./startup/startup_mk64f12.o
ENET_Receive_DriverIRQHandler                     ./startup/startup_mk64f12.o
ENET_Receive_IRQHandler                           ./startup/startup_mk64f12.o
ENET_Transmit_DriverIRQHandler                    ./startup/startup_mk64f12.o
ENET_Transmit_IRQHandler                          ./startup/startup_mk64f12.o
FLASH_Erase                                       ./drivers/fsl_ftfx_flash.o
FLASH_EraseAll                                    ./drivers/fsl_ftfx_flash.o
FLASH_GetProperty                                 ./drivers/fsl_ftfx_flash.o
FLASH_GetSecurityState                            ./drivers/fsl_ftfx_flash.o
FLASH_Init                                        ./drivers/fsl_ftfx_flash.o
FLASH_IsExecuteOnly                               ./drivers/fsl_ftfx_flash.o
FLASH_IsProtected                                 ./drivers/fsl_ftfx_flash.o
FLASH_PflashGetProtection                         ./drivers/fsl_ftfx_flash.o
FLASH_PflashSetProtection                         ./drivers/fsl_ftfx_flash.o
FLASH_Program                                     ./drivers/fsl_ftfx_flash.o
FLASH_ProgramSection                              ./drivers/fsl_ftfx_flash.o
FLASH_ReadResource                                ./drivers/fsl_ftfx_flash.o
FLASH_SecurityBypass                              ./drivers/fsl_ftfx_flash.o
FLASH_Swap                                        ./drivers/fsl_ftfx_flash.o
FLASH_VerifyErase                                 ./drivers/fsl_ftfx_flash.o
FLASH_VerifyEraseAll                              ./drivers/fsl_ftfx_flash.o
FLASH_VerifyProgram                               ./drivers/fsl_ftfx_flash.o
FTFE_DriverIRQHandler                             ./startup/startup_mk64f12.o
FTFE_IRQHandler                                   ./startup/startup_mk64f12.o
FTFx_API_Init                                     ./drivers/fsl_ftfx_controller.o
                                                  ./drivers/fsl_ftfx_flash.o
FTFx_CACHE_ClearCachePrefetchSpeculation          ./drivers/fsl_ftfx_cache.o
FTFx_CACHE_Init                                   ./drivers/fsl_ftfx_cache.o
FTFx_CACHE_PflashGetPrefetchSpeculation           ./drivers/fsl_ftfx_cache.o
FTFx_CACHE_PflashSetPrefetchSpeculation           ./drivers/fsl_ftfx_cache.o
                                                  ./drivers/fsl_smc.o
FTFx_CMD_Erase                                    ./drivers/fsl_ftfx_controller.o
                                                  ./drivers/fsl_ftfx_flash.o
FTFx_CMD_EraseAll                                 ./drivers/fsl_ftfx_controller.o
                                                  ./drivers/fsl_ftfx_flash.o
FTFx_CMD_EraseAllExecuteOnlySegments              ./drivers/fsl_ftfx_controller.o
FTFx_CMD_Program                                  ./drivers/fsl_ftfx_controller.o
                                                  ./drivers/fsl_ftfx_flash.o
FTFx_CMD_ProgramOnce                              ./drivers/fsl_ftfx_controller.o
FTFx_CMD_ProgramSection                           ./drivers/fsl_ftfx_controller.o
                                                  ./drivers/fsl_ftfx_flash.o
FTFx_CMD_ReadOnce                                 ./drivers/fsl_ftfx_controller.o
FTFx_CMD_ReadResource                             ./drivers/fsl_ftfx_controller.o
                                                  ./drivers/fsl_ftfx_flash.o
FTFx_CMD_SecurityBypass                           ./drivers/fsl_ftfx_controller.o
                                                  ./drivers/fsl_ftfx_flash.o
FTFx_CMD_SwapControl                              ./drivers/fsl_ftfx_controller.o
                                                  ./drivers/fsl_ftfx_flash.o
FTFx_CMD_VerifyErase                              ./drivers/fsl_ftfx_controller.o
                                                  ./drivers/fsl_ftfx_flash.o
FTFx_CMD_VerifyEraseAll                           ./drivers/fsl_ftfx_controller.o
                                                  ./drivers/fsl_ftfx_flash.o
FTFx_CMD_VerifyEraseAllExecuteOnlySegments        ./drivers/fsl_ftfx_controller.o
FTFx_CMD_VerifyProgram                            ./drivers/fsl_ftfx_controller.o
                                                  ./drivers/fsl_ftfx_flash.o
FTFx_REG_GetSecurityState                         ./drivers/fsl_ftfx_controller.o
                                                  ./drivers/fsl_ftfx_flash.o
FTM0_DriverIRQHandler                             ./startup/startup_mk64f12.o
FTM0_IRQHandler                                   ./startup/startup_mk64f12.o
FTM1_DriverIRQHandler                             ./startup/startup_mk64f12.o
FTM1_IRQHandler                                   ./startup/startup_mk64f12.o
FTM2_DriverIRQHandler                             ./startup/startup_mk64f12.o
FTM2_IRQHandler                                   ./startup/startup_mk64f12.o
FTM3_DriverIRQHandler                             ./startup/startup_mk64f12.o
FTM3_IRQHandler                                   ./startup/startup_mk64f12.o
Flash_Config                                      ./startup/startup_mk64f12.o
GPIO_PinInit                                      ./drivers/fsl_gpio.o
                                                  ./source/led_blinky.o
GPIO_PortClearInterruptFlags                      ./drivers/fsl_gpio.o
GPIO_PortGetInterruptFlags                        ./drivers/fsl_gpio.o
HardFault_Handler                                 ./source/semihost_hardfault.o
                                                  ./startup/startup_mk64f12.o
I2C0_DriverIRQHandler                             ./startup/startup_mk64f12.o
I2C0_IRQHandler                                   ./startup/startup_mk64f12.o
I2C1_DriverIRQHandler                             ./startup/startup_mk64f12.o
I2C1_IRQHandler                                   ./startup/startup_mk64f12.o
I2C2_DriverIRQHandler                             ./startup/startup_mk64f12.o
I2C2_IRQHandler                                   ./startup/startup_mk64f12.o
I2S0_Rx_DriverIRQHandler                          ./startup/startup_mk64f12.o
I2S0_Rx_IRQHandler                                ./startup/startup_mk64f12.o
I2S0_Tx_DriverIRQHandler                          ./startup/startup_mk64f12.o
I2S0_Tx_IRQHandler                                ./startup/startup_mk64f12.o
IO_Deinit                                         ./utilities/fsl_io.o
                                                  ./utilities/fsl_log.o
IO_Init                                           ./utilities/fsl_io.o
                                                  ./utilities/fsl_log.o
IO_Transfer                                       ./utilities/fsl_io.o
                                                  ./utilities/fsl_log.o
IO_WaitIdle                                       ./utilities/fsl_io.o
                                                  ./utilities/fsl_log.o
IntDefaultHandler                                 ./startup/startup_mk64f12.o
LLWU_DriverIRQHandler                             ./startup/startup_mk64f12.o
LLWU_IRQHandler                                   ./startup/startup_mk64f12.o
LOG_Deinit                                        ./utilities/fsl_log.o
                                                  ./utilities/fsl_debug_console.o
LOG_Init                                          ./utilities/fsl_log.o
                                                  ./utilities/fsl_debug_console.o
LOG_Pop                                           ./utilities/fsl_log.o
LOG_Push                                          ./utilities/fsl_log.o
LOG_ReadCharacter                                 ./utilities/fsl_log.o
LOG_ReadLine                                      ./utilities/fsl_log.o
LOG_WaitIdle                                      ./utilities/fsl_log.o
                                                  ./utilities/fsl_debug_console.o
LPTMR0_DriverIRQHandler                           ./startup/startup_mk64f12.o
LPTMR0_IRQHandler                                 ./startup/startup_mk64f12.o
LVD_LVW_DriverIRQHandler                          ./startup/startup_mk64f12.o
LVD_LVW_IRQHandler                                ./startup/startup_mk64f12.o
MCG_DriverIRQHandler                              ./startup/startup_mk64f12.o
MCG_IRQHandler                                    ./startup/startup_mk64f12.o
MCM_DriverIRQHandler                              ./startup/startup_mk64f12.o
MCM_IRQHandler                                    ./startup/startup_mk64f12.o
MemManage_Handler                                 ./startup/startup_mk64f12.o
NMI_Handler                                       ./startup/startup_mk64f12.o
PDB0_DriverIRQHandler                             ./startup/startup_mk64f12.o
PDB0_IRQHandler                                   ./startup/startup_mk64f12.o
PIT0_DriverIRQHandler                             ./startup/startup_mk64f12.o
PIT0_IRQHandler                                   ./startup/startup_mk64f12.o
PIT1_DriverIRQHandler                             ./startup/startup_mk64f12.o
PIT1_IRQHandler                                   ./startup/startup_mk64f12.o
PIT2_DriverIRQHandler                             ./startup/startup_mk64f12.o
PIT2_IRQHandler                                   ./startup/startup_mk64f12.o
PIT3_DriverIRQHandler                             ./startup/startup_mk64f12.o
PIT3_IRQHandler                                   ./startup/startup_mk64f12.o
PORTA_DriverIRQHandler                            ./startup/startup_mk64f12.o
PORTA_IRQHandler                                  ./startup/startup_mk64f12.o
PORTB_DriverIRQHandler                            ./startup/startup_mk64f12.o
PORTB_IRQHandler                                  ./startup/startup_mk64f12.o
PORTC_DriverIRQHandler                            ./startup/startup_mk64f12.o
PORTC_IRQHandler                                  ./startup/startup_mk64f12.o
PORTD_DriverIRQHandler                            ./startup/startup_mk64f12.o
PORTD_IRQHandler                                  ./startup/startup_mk64f12.o
PORTE_DriverIRQHandler                            ./startup/startup_mk64f12.o
PORTE_IRQHandler                                  ./startup/startup_mk64f12.o
PendSV_Handler                                    ./startup/startup_mk64f12.o
RNG_DriverIRQHandler                              ./startup/startup_mk64f12.o
RNG_IRQHandler                                    ./startup/startup_mk64f12.o
RTC_DriverIRQHandler                              ./startup/startup_mk64f12.o
RTC_IRQHandler                                    ./startup/startup_mk64f12.o
RTC_Seconds_DriverIRQHandler                      ./startup/startup_mk64f12.o
RTC_Seconds_IRQHandler                            ./startup/startup_mk64f12.o
Read_Collision_DriverIRQHandler                   ./startup/startup_mk64f12.o
Read_Collision_IRQHandler                         ./startup/startup_mk64f12.o
Reserved71_DriverIRQHandler                       ./startup/startup_mk64f12.o
Reserved71_IRQHandler                             ./startup/startup_mk64f12.o
ResetISR                                          ./startup/startup_mk64f12.o
SDHC_DriverIRQHandler                             ./startup/startup_mk64f12.o
SDHC_IRQHandler                                   ./startup/startup_mk64f12.o
SDK_Free                                          ./drivers/fsl_common.o
SDK_Malloc                                        ./drivers/fsl_common.o
SMC_PostExitStopModes                             ./drivers/fsl_smc.o
SMC_PostExitWaitModes                             ./drivers/fsl_smc.o
SMC_PreEnterStopModes                             ./drivers/fsl_smc.o
SMC_PreEnterWaitModes                             ./drivers/fsl_smc.o
SMC_SetPowerModeLls                               ./drivers/fsl_smc.o
SMC_SetPowerModeRun                               ./drivers/fsl_smc.o
SMC_SetPowerModeStop                              ./drivers/fsl_smc.o
SMC_SetPowerModeVlls                              ./drivers/fsl_smc.o
SMC_SetPowerModeVlpr                              ./drivers/fsl_smc.o
                                                  ./board/src/clock_config.o
SMC_SetPowerModeVlps                              ./drivers/fsl_smc.o
SMC_SetPowerModeVlpw                              ./drivers/fsl_smc.o
SMC_SetPowerModeWait                              ./drivers/fsl_smc.o
SPI0_DriverIRQHandler                             ./startup/startup_mk64f12.o
SPI0_IRQHandler                                   ./startup/startup_mk64f12.o
SPI1_DriverIRQHandler                             ./startup/startup_mk64f12.o
SPI1_IRQHandler                                   ./startup/startup_mk64f12.o
SPI2_DriverIRQHandler                             ./startup/startup_mk64f12.o
SPI2_IRQHandler                                   ./startup/startup_mk64f12.o
SVC_Handler                                       ./startup/startup_mk64f12.o
SWI_DriverIRQHandler                              ./startup/startup_mk64f12.o
SWI_IRQHandler                                    ./startup/startup_mk64f12.o
StrFormatPrintf                                   ./utilities/fsl_str.o
StrFormatScanf                                    ./utilities/fsl_str.o
SysTick_DelayTicks                                ./source/led_blinky.o
SysTick_Handler                                   ./source/led_blinky.o
                                                  ./startup/startup_mk64f12.o
SystemCoreClock                                   ./CMSIS/system_MK64F12.o
                                                  ./board/src/clock_config.o
                                                  ./source/led_blinky.o
SystemCoreClockUpdate                             ./CMSIS/system_MK64F12.o
SystemInit                                        ./CMSIS/system_MK64F12.o
                                                  ./startup/startup_mk64f12.o
SystemInitHook                                    ./CMSIS/system_MK64F12.o
UART0_DriverIRQHandler                            ./drivers/fsl_uart.o
UART0_ERR_DriverIRQHandler                        ./startup/startup_mk64f12.o
UART0_ERR_IRQHandler                              ./startup/startup_mk64f12.o
UART0_LON_DriverIRQHandler                        ./startup/startup_mk64f12.o
UART0_LON_IRQHandler                              ./startup/startup_mk64f12.o
UART0_RX_TX_DriverIRQHandler                      ./drivers/fsl_uart.o
                                                  ./startup/startup_mk64f12.o
UART0_RX_TX_IRQHandler                            ./startup/startup_mk64f12.o
UART1_DriverIRQHandler                            ./drivers/fsl_uart.o
UART1_ERR_DriverIRQHandler                        ./startup/startup_mk64f12.o
UART1_ERR_IRQHandler                              ./startup/startup_mk64f12.o
UART1_RX_TX_DriverIRQHandler                      ./drivers/fsl_uart.o
                                                  ./startup/startup_mk64f12.o
UART1_RX_TX_IRQHandler                            ./startup/startup_mk64f12.o
UART2_DriverIRQHandler                            ./drivers/fsl_uart.o
UART2_ERR_DriverIRQHandler                        ./startup/startup_mk64f12.o
UART2_ERR_IRQHandler                              ./startup/startup_mk64f12.o
UART2_RX_TX_DriverIRQHandler                      ./drivers/fsl_uart.o
                                                  ./startup/startup_mk64f12.o
UART2_RX_TX_IRQHandler                            ./startup/startup_mk64f12.o
UART3_DriverIRQHandler                            ./drivers/fsl_uart.o
UART3_ERR_DriverIRQHandler                        ./startup/startup_mk64f12.o
UART3_ERR_IRQHandler                              ./startup/startup_mk64f12.o
UART3_RX_TX_DriverIRQHandler                      ./drivers/fsl_uart.o
                                                  ./startup/startup_mk64f12.o
UART3_RX_TX_IRQHandler                            ./startup/startup_mk64f12.o
UART4_DriverIRQHandler                            ./drivers/fsl_uart.o
UART4_ERR_DriverIRQHandler                        ./startup/startup_mk64f12.o
UART4_ERR_IRQHandler                              ./startup/startup_mk64f12.o
UART4_RX_TX_DriverIRQHandler                      ./drivers/fsl_uart.o
                                                  ./startup/startup_mk64f12.o
UART4_RX_TX_IRQHandler                            ./startup/startup_mk64f12.o
UART5_DriverIRQHandler                            ./drivers/fsl_uart.o
UART5_ERR_DriverIRQHandler                        ./startup/startup_mk64f12.o
UART5_ERR_IRQHandler                              ./startup/startup_mk64f12.o
UART5_RX_TX_DriverIRQHandler                      ./drivers/fsl_uart.o
                                                  ./startup/startup_mk64f12.o
UART5_RX_TX_IRQHandler                            ./startup/startup_mk64f12.o
UART_ClearStatusFlags                             ./drivers/fsl_uart.o
UART_Deinit                                       ./drivers/fsl_uart.o
                                                  ./utilities/fsl_io.o
UART_DisableInterrupts                            ./drivers/fsl_uart.o
UART_EnableInterrupts                             ./drivers/fsl_uart.o
UART_GetDefaultConfig                             ./drivers/fsl_uart.o
                                                  ./utilities/fsl_io.o
UART_GetEnabledInterrupts                         ./drivers/fsl_uart.o
UART_GetInstance                                  ./drivers/fsl_uart.o
UART_GetStatusFlags                               ./drivers/fsl_uart.o
                                                  ./utilities/fsl_io.o
UART_Init                                         ./drivers/fsl_uart.o
                                                  ./utilities/fsl_io.o
UART_ReadBlocking                                 ./drivers/fsl_uart.o
                                                  ./utilities/fsl_io.o
UART_SetBaudRate                                  ./drivers/fsl_uart.o
UART_TransferAbortReceive                         ./drivers/fsl_uart.o
UART_TransferAbortSend                            ./drivers/fsl_uart.o
UART_TransferCreateHandle                         ./drivers/fsl_uart.o
UART_TransferGetReceiveCount                      ./drivers/fsl_uart.o
UART_TransferGetRxRingBufferLength                ./drivers/fsl_uart.o
UART_TransferGetSendCount                         ./drivers/fsl_uart.o
UART_TransferHandleErrorIRQ                       ./drivers/fsl_uart.o
UART_TransferHandleIRQ                            ./drivers/fsl_uart.o
UART_TransferReceiveNonBlocking                   ./drivers/fsl_uart.o
UART_TransferSendNonBlocking                      ./drivers/fsl_uart.o
UART_TransferStartRingBuffer                      ./drivers/fsl_uart.o