Archive member included to satisfy reference by file (symbol)

c:/nxp/mcuxpressoide_11.1.0_3209/ide/plugins/com.nxp.mcuxpresso.tools.win32_11.1.0.201909161352/tools/bin/../lib/gcc/arm-none-eabi/8.3.1/../../../../arm-none-eabi/lib/thumb/v7e-m+fp/hard\libcr_semihost_nf.a(_cr__main.o)
                              ./startup/startup_mk64f12.o (__main)
c:/nxp/mcuxpressoide_11.1.0_3209/ide/plugins/com.nxp.mcuxpresso.tools.win32_11.1.0.201909161352/tools/bin/../lib/gcc/arm-none-eabi/8.3.1/../../../../arm-none-eabi/lib/thumb/v7e-m+fp/hard\libcr_semihost_nf.a(_cr_assert.o)
                              ./utilities/fsl_debug_console.o (__assertion_failed)
c:/nxp/mcuxpressoide_11.1.0_3209/ide/plugins/com.nxp.mcuxpresso.tools.win32_11.1.0.201909161352/tools/bin/../lib/gcc/arm-none-eabi/8.3.1/../../../../arm-none-eabi/lib/thumb/v7e-m+fp/hard\libcr_semihost_nf.a(__ciob.o)
                              c:/nxp/mcuxpressoide_11.1.0_3209/ide/plugins/com.nxp.mcuxpresso.tools.win32_11.1.0.201909161352/tools/bin/../lib/gcc/arm-none-eabi/8.3.1/../../../../arm-none-eabi/lib/thumb/v7e-m+fp/hard\libcr_semihost_nf.a(_cr_assert.o) (__Ciob)
c:/nxp/mcuxpressoide_11.1.0_3209/ide/plugins/com.nxp.mcuxpresso.tools.win32_11.1.0.201909161352/tools/bin/../lib/gcc/arm-none-eabi/8.3.1/../../../../arm-none-eabi/lib/thumb/v7e-m+fp/hard\libcr_semihost_nf.a(__sys_appexit.o)
                              c:/nxp/mcuxpressoide_11.1.0_3209/ide/plugins/com.nxp.mcuxpresso.tools.win32_11.1.0.201909161352/tools/bin/../lib/gcc/arm-none-eabi/8.3.1/../../../../arm-none-eabi/lib/thumb/v7e-m+fp/hard\libcr_semihost_nf.a(_cr_assert.o) (__sys_appexit)
c:/nxp/mcuxpressoide_11.1.0_3209/ide/plugins/com.nxp.mcuxpresso.tools.win32_11.1.0.201909161352/tools/bin/../lib/gcc/arm-none-eabi/8.3.1/../../../../arm-none-eabi/lib/thumb/v7e-m+fp/hard\libcr_c.a(memcpy.o)
                              ./drivers/fsl_ftfx_cache.o (memcpy)
c:/nxp/mcuxpressoide_11.1.0_3209/ide/plugins/com.nxp.mcuxpresso.tools.win32_11.1.0.201909161352/tools/bin/../lib/gcc/arm-none-eabi/8.3.1/../../../../arm-none-eabi/lib/thumb/v7e-m+fp/hard\libcr_c.a(memset.o)
                              ./drivers/fsl_ftfx_cache.o (memset)
c:/nxp/mcuxpressoide_11.1.0_3209/ide/plugins/com.nxp.mcuxpresso.tools.win32_11.1.0.201909161352/tools/bin/../lib/gcc/arm-none-eabi/8.3.1/../../../../arm-none-eabi/lib/thumb/v7e-m+fp/hard\libcr_c.a(_deferredlazyseek.o)
                              c:/nxp/mcuxpressoide_11.1.0_3209/ide/plugins/com.nxp.mcuxpresso.tools.win32_11.1.0.201909161352/tools/bin/../lib/gcc/arm-none-eabi/8.3.1/../../../../arm-none-eabi/lib/thumb/v7e-m+fp/hard\libcr_semihost_nf.a(_cr_assert.o) (__flsbuf)
c:/nxp/mcuxpressoide_11.1.0_3209/ide/plugins/com.nxp.mcuxpresso.tools.win32_11.1.0.201909161352/tools/bin/../lib/gcc/arm-none-eabi/8.3.1/../../../../arm-none-eabi/lib/thumb/v7e-m+fp/hard\libcr_c.a(_fflush.o)
                              c:/nxp/mcuxpressoide_11.1.0_3209/ide/plugins/com.nxp.mcuxpresso.tools.win32_11.1.0.201909161352/tools/bin/../lib/gcc/arm-none-eabi/8.3.1/../../../../arm-none-eabi/lib/thumb/v7e-m+fp/hard\libcr_c.a(_deferredlazyseek.o) (_fflush)
c:/nxp/mcuxpressoide_11.1.0_3209/ide/plugins/com.nxp.mcuxpresso.tools.win32_11.1.0.201909161352/tools/bin/../lib/gcc/arm-none-eabi/8.3.1/../../../../arm-none-eabi/lib/thumb/v7e-m+fp/hard\libcr_c.a(_writebuf.o)
                              c:/nxp/mcuxpressoide_11.1.0_3209/ide/plugins/com.nxp.mcuxpresso.tools.win32_11.1.0.201909161352/tools/bin/../lib/gcc/arm-none-eabi/8.3.1/../../../../arm-none-eabi/lib/thumb/v7e-m+fp/hard\libcr_c.a(_deferredlazyseek.o) (_Cwritebuf)
c:/nxp/mcuxpressoide_11.1.0_3209/ide/plugins/com.nxp.mcuxpresso.tools.win32_11.1.0.201909161352/tools/bin/../lib/gcc/arm-none-eabi/8.3.1/../../../../arm-none-eabi/lib/thumb/v7e-m+fp/hard\libcr_c.a(alloc.o)
                              ./drivers/fsl_common.o (malloc)
c:/nxp/mcuxpressoide_11.1.0_3209/ide/plugins/com.nxp.mcuxpresso.tools.win32_11.1.0.201909161352/tools/bin/../lib/gcc/arm-none-eabi/8.3.1/../../../../arm-none-eabi/lib/thumb/v7e-m+fp/hard\libcr_c.a(fputs.o)
                              c:/nxp/mcuxpressoide_11.1.0_3209/ide/plugins/com.nxp.mcuxpresso.tools.win32_11.1.0.201909161352/tools/bin/../lib/gcc/arm-none-eabi/8.3.1/../../../../arm-none-eabi/lib/thumb/v7e-m+fp/hard\libcr_semihost_nf.a(_cr_assert.o) (fputs)
c:/nxp/mcuxpressoide_11.1.0_3209/ide/plugins/com.nxp.mcuxpresso.tools.win32_11.1.0.201909161352/tools/bin/../lib/gcc/arm-none-eabi/8.3.1/../../../../arm-none-eabi/lib/thumb/v7e-m+fp/hard\libcr_c.a(fseek.o)
                              c:/nxp/mcuxpressoide_11.1.0_3209/ide/plugins/com.nxp.mcuxpresso.tools.win32_11.1.0.201909161352/tools/bin/../lib/gcc/arm-none-eabi/8.3.1/../../../../arm-none-eabi/lib/thumb/v7e-m+fp/hard\libcr_c.a(_deferredlazyseek.o) (fseek)
c:/nxp/mcuxpressoide_11.1.0_3209/ide/plugins/com.nxp.mcuxpresso.tools.win32_11.1.0.201909161352/tools/bin/../lib/gcc/arm-none-eabi/8.3.1/../../../../arm-none-eabi/lib/thumb/v7e-m+fp/hard\libcr_c.a(ftell.o)
[...]
Memory Configuration

Name             Origin             Length             Attributes
PROGRAM_FLASH    0x00000000         0x00100000         xr
SRAM_UPPER       0x20000000         0x00030000         xrw
SRAM_LOWER       0x1fff0000         0x00010000         xrw
FLEX_RAM         0x14000000         0x00001000         xrw
*default*        0x00000000         0xffffffff

Linker script and memory map

LOAD ./utilities/fsl_assert.o
LOAD ./utilities/fsl_debug_console.o
LOAD ./utilities/fsl_io.o
LOAD ./utilities/fsl_log.o
LOAD ./utilities/fsl_str.o
LOAD ./startup/startup_mk64f12.o
LOAD ./source/led_blinky.o
LOAD ./source/semihost_hardfault.o
LOAD ./drivers/fsl_clock.o
LOAD ./drivers/fsl_common.o
LOAD ./drivers/fsl_ftfx_cache.o
LOAD ./drivers/fsl_ftfx_controller.o
LOAD ./drivers/fsl_ftfx_flash.o
LOAD ./drivers/fsl_ftfx_flexnvm.o
LOAD ./drivers/fsl_gpio.o
LOAD ./drivers/fsl_smc.o
LOAD ./drivers/fsl_uart.o
LOAD ./board/src/board.o
LOAD ./board/src/clock_config.o
LOAD ./board/pin_mux.o
LOAD ./CMSIS/system_MK64F12.o
START GROUP
LOAD c:/nxp/mcuxpressoide_11.1.0_3209/ide/plugins/com.nxp.mcuxpresso.tools.win32_11.1.0.201909161352/tools/bin/../lib/gcc/arm-none-eabi/8.3.1/../../../../arm-none-eabi/lib/thumb/v7e-m+fp/hard\libcr_semihost_nf.a
LOAD c:/nxp/mcuxpressoide_11.1.0_3209/ide/plugins/com.nxp.mcuxpresso.tools.win32_11.1.0.201909161352/tools/bin/../lib/gcc/arm-none-eabi/8.3.1/../../../../arm-none-eabi/lib/thumb/v7e-m+fp/hard\libcr_c.a
LOAD c:/nxp/mcuxpressoide_11.1.0_3209/ide/plugins/com.nxp.mcuxpresso.tools.win32_11.1.0.201909161352/tools/bin/../lib/gcc/arm-none-eabi/8.3.1/thumb/v7e-m+fp/hard\libcr_eabihelpers.a
LOAD c:/nxp/mcuxpressoide_11.1.0_3209/ide/plugins/com.nxp.mcuxpresso.tools.win32_11.1.0.201909161352/tools/bin/../lib/gcc/arm-none-eabi/8.3.1/thumb/v7e-m+fp/hard\libgcc.a
END GROUP
                0x00000000                __base_PROGRAM_FLASH = 0x0
                0x00000000                __base_Flash = 0x0
                0x00100000                __top_PROGRAM_FLASH = 0x100000
                0x00100000                __top_Flash = 0x100000
                0x20000000                __base_SRAM_UPPER = 0x20000000
                0x20000000                __base_RAM = 0x20000000
                0x20030000                __top_SRAM_UPPER = 0x20030000
                0x20030000                __top_RAM = 0x20030000
                0x1fff0000                __base_SRAM_LOWER = 0x1fff0000
                0x1fff0000                __base_RAM2 = 0x1fff0000
                0x20000000                __top_SRAM_LOWER = 0x20000000
                0x20000000                __top_RAM2 = 0x20000000
                0x14000000                __base_FLEX_RAM = 0x14000000
                0x14000000                __base_RAM3 = 0x14000000
                0x14001000                __top_FLEX_RAM = 0x14001000
                0x14001000                __top_RAM3 = 0x14001000

.text           0x00000000     0x4cd0
 FILL mask 0xff
                0x00000000                __vectors_start__ = ABSOLUTE (.)
 *(SORT_BY_ALIGNMENT(.isr_vector))
 .isr_vector    0x00000000      0x198 ./startup/startup_mk64f12.o
                0x00000000                g_pfnVectors
                0x00000000                __Vectors
                0x00000198                . = ALIGN (0x4)
                0x00000198                __section_table_start = .
                0x00000198                __data_section_table = .
                0x00000198        0x4 LONG 0x4cd0 LOADADDR (.data)
                0x0000019c        0x4 LONG 0x20000000 ADDR (.data)
                0x000001a0        0x4 LONG 0x18 SIZEOF (.data)
                0x000001a4        0x4 LONG 0x4cd0 LOADADDR (.data_RAM2)
                0x000001a8        0x4 LONG 0x1fff0000 ADDR (.data_RAM2)
                0x000001ac        0x4 LONG 0x0 SIZEOF (.data_RAM2)
                0x000001b0        0x4 LONG 0x4cd0 LOADADDR (.data_RAM3)
                0x000001b4        0x4 LONG 0x14000000 ADDR (.data_RAM3)
                0x000001b8        0x4 LONG 0x0 SIZEOF (.data_RAM3)
                0x000001bc                __data_section_table_end = .
                0x000001bc                __bss_section_table = .
                0x000001bc        0x4 LONG 0x20000018 ADDR (.bss)
                0x000001c0        0x4 LONG 0xf0 SIZEOF (.bss)
                0x000001c4        0x4 LONG 0x1fff0000 ADDR (.bss_RAM2)
                0x000001c8        0x4 LONG 0x0 SIZEOF (.bss_RAM2)
                0x000001cc        0x4 LONG 0x14000000 ADDR (.bss_RAM3)
                0x000001d0        0x4 LONG 0x0 SIZEOF (.bss_RAM3)
                0x000001d4                __bss_section_table_end = .
                0x000001d4                __section_table_end = .
 *(SORT_BY_ALIGNMENT(.after_vectors*))
 .after_vectors.reset
                0x000001d4       0x4c ./startup/startup_mk64f12.o
                0x000001d4                ResetISR
 .after_vectors.init_data
                0x00000220       0x1e ./startup/startup_mk64f12.o
                0x00000220                data_init
 .after_vectors.init_bss
                0x0000023e       0x12 ./startup/startup_mk64f12.o
                0x0000023e                bss_init
 .after_vectors
                0x00000250       0x14 ./startup/startup_mk64f12.o
                0x00000250                NMI_Handler
                0x00000254                MemManage_Handler
                0x00000256                BusFault_Handler
                0x00000258                UsageFault_Handler
                0x0000025a                SVC_Handler
                0x0000025c                DebugMon_Handler
                0x0000025e                PendSV_Handler
                0x00000262                DMA_Error_DriverIRQHandler
                0x00000262                LPTMR0_DriverIRQHandler
                0x00000262                FTM1_DriverIRQHandler
                0x00000262                FTM2_DriverIRQHandler
                0x00000262                PIT2_DriverIRQHandler
                0x00000262                SDHC_DriverIRQHandler
                0x00000262                I2S0_Tx_DriverIRQHandler
                0x00000262                RTC_Seconds_DriverIRQHandler
                0x00000262                DMA6_DriverIRQHandler
                0x00000262                LLWU_DriverIRQHandler
                0x00000262                MCM_DriverIRQHandler
                0x00000262                MCG_DriverIRQHandler
                0x00000262                ENET_1588_Timer_DriverIRQHandler
                0x00000262                I2C2_DriverIRQHandler
                0x00000262                DAC1_DriverIRQHandler
                0x00000262                SPI1_DriverIRQHandler
                0x00000262                CMP1_DriverIRQHandler
                0x00000262                FTM0_DriverIRQHandler
                0x00000262                IntDefaultHandler
                0x00000262                USB0_DriverIRQHandler
                0x00000262                UART5_ERR_DriverIRQHandler
                0x00000262                PORTC_DriverIRQHandler
                0x00000262                DMA11_DriverIRQHandler
                0x00000262                DAC0_DriverIRQHandler
                0x00000262                DMA10_DriverIRQHandler
                0x00000262                CMP2_DriverIRQHandler
                0x00000262                UART2_ERR_DriverIRQHandler
                0x00000262                SPI2_DriverIRQHandler
                0x00000262                LVD_LVW_DriverIRQHandler
                0x00000262                PIT0_DriverIRQHandler
                0x00000262                DMA12_DriverIRQHandler
                0x00000262                DMA5_DriverIRQHandler
                0x00000262                DMA4_DriverIRQHandler
                0x00000262                USBDCD_DriverIRQHandler
                0x00000262                UART3_ERR_DriverIRQHandler
                0x00000262                DMA3_DriverIRQHandler
                0x00000262                DMA8_DriverIRQHandler
                0x00000262                DMA9_DriverIRQHandler
                0x00000262                UART0_ERR_DriverIRQHandler
                0x00000262                CMT_DriverIRQHandler
                0x00000262                Reserved71_DriverIRQHandler
                0x00000262                ADC1_DriverIRQHandler
                0x00000262                PORTA_DriverIRQHandler
                0x00000262                DMA14_DriverIRQHandler
                0x00000262                PIT3_DriverIRQHandler
                0x00000262                PIT1_DriverIRQHandler
                0x00000262                WDOG_EWM_DriverIRQHandler
                0x00000262                PDB0_DriverIRQHandler
                0x00000262                RTC_DriverIRQHandler
                0x00000262                I2S0_Rx_DriverIRQHandler
                0x00000262                Read_Collision_DriverIRQHandler
                0x00000262                SWI_DriverIRQHandler
                0x00000262                UART4_ERR_DriverIRQHandler
                0x00000262                PORTB_DriverIRQHandler
                0x00000262                UART0_LON_DriverIRQHandler
                0x00000262                DMA0_DriverIRQHandler
                0x00000262                DMA1_DriverIRQHandler
                0x00000262                I2C1_DriverIRQHandler
                0x00000262                ENET_Receive_DriverIRQHandler
                0x00000262                DMA13_DriverIRQHandler
                0x00000262                ENET_Error_DriverIRQHandler
                0x00000262                DMA15_DriverIRQHandler
                0x00000262                SPI0_DriverIRQHandler
                0x00000262                ADC0_DriverIRQHandler
                0x00000262                CMP0_DriverIRQHandler
                0x00000262                CAN0_DriverIRQHandler
                0x00000262                FTM3_DriverIRQHandler
                0x00000262                RNG_DriverIRQHandler
                0x00000262                UART1_ERR_DriverIRQHandler
                0x00000262                DMA2_DriverIRQHandler
                0x00000262                ENET_Transmit_DriverIRQHandler
                0x00000262                PORTD_DriverIRQHandler
                0x00000262                PORTE_DriverIRQHandler
                0x00000262                FTFE_DriverIRQHandler
                0x00000262                I2C0_DriverIRQHandler
                0x00000262                DMA7_DriverIRQHandler
                0x00000400                . = 0x400
 *fill*         0x00000264      0x19c ff
                0x00000400                PROVIDE (__FLASH_CONFIG_START__ = .)
 *(SORT_BY_ALIGNMENT(.FlashConfig))
 .FlashConfig   0x00000400       0x10 ./startup/startup_mk64f12.o
                0x00000400                Flash_Config
                0x00000410                PROVIDE (__FLASH_CONFIG_END__ = .)
                0x00000001                ASSERT (! ((__FLASH_CONFIG_START__ == __FLASH_CONFIG_END__)), Linker Flash Config Support Enabled, but no .FlashConfig section provided within application)
 *(SORT_BY_ALIGNMENT(.text*))
 .text.vfscanf  0x00000410      0x93c c:/nxp/mcuxpressoide_11.1.0_3209/ide/plugins/com.nxp.mcuxpresso.tools.win32_11.1.0.201909161352/tools/bin/../lib/gcc/arm-none-eabi/8.3.1/../../../../arm-none-eabi/lib/thumb/v7e-m+fp/hard\libcr_c.a(scanf.o)
                0x00000410                vfscanf
 *fill*         0x00000d4c        0x4 ff
 .text._frexpl  0x00000d50       0x68 c:/nxp/mcuxpressoide_11.1.0_3209/ide/plugins/com.nxp.mcuxpresso.tools.win32_11.1.0.201909161352/tools/bin/../lib/gcc/arm-none-eabi/8.3.1/../../../../arm-none-eabi/lib/thumb/v7e-m+fp/hard\libcr_c.a(_frexpl.o)
                0x00000d50                _frexpl
 .text._ldexpl  0x00000db8       0x5c c:/nxp/mcuxpressoide_11.1.0_3209/ide/plugins/com.nxp.mcuxpresso.tools.win32_11.1.0.201909161352/tools/bin/../lib/gcc/arm-none-eabi/8.3.1/../../../../arm-none-eabi/lib/thumb/v7e-m+fp/hard\libcr_c.a(_ldexpl.o)
                0x00000db8                _ldexpl
 .text.DbgConsole_Init
                0x00000e14       0x38 ./utilities/fsl_debug_console.o
                0x00000e14                DbgConsole_Init
 .text.IO_Init  0x00000e4c       0x80 ./utilities/fsl_io.o
                0x00000e4c                IO_Init
 .text.__NVIC_SetPriority
                0x00000ecc       0x54 ./source/led_blinky.o
 .text.SysTick_Config
                0x00000f20       0x44 ./source/led_blinky.o
 .text.SysTick_Handler
                0x00000f64       0x24 ./source/led_blinky.o
                0x00000f64                SysTick_Handler
 .text.SysTick_DelayTicks
                0x00000f88       0x28 ./source/led_blinky.o
                0x00000f88                SysTick_DelayTicks
 .text.main     0x00000fb0       0xa4 ./source/led_blinky.o
                0x00000fb0                main
 .text.CLOCK_SetEr32kClock
                0x00001054       0x30 ./drivers/fsl_clock.o
 .text.CLOCK_SetPllFllSelClock
                0x00001084       0x3c ./drivers/fsl_clock.o
 .text.CLOCK_GetMcgExtClkFreq
                0x000010c0       0x78 ./drivers/fsl_clock.o
 .text.CLOCK_GetFllExtRefClkFreq
                0x00001138       0xd0 ./drivers/fsl_clock.o
 .text.CLOCK_GetInternalRefClkSelectFreq
                0x00001208       0x44 ./drivers/fsl_clock.o
 .text.CLOCK_GetFllRefClkFreq
                0x0000124c       0x2c ./drivers/fsl_clock.o
 .text.CLOCK_GetOscRangeFromFreq
                0x00001278       0x3c ./drivers/fsl_clock.o
 .text.CLOCK_GetCoreSysClkFreq
                0x000012b4       0x28 ./drivers/fsl_clock.o
                0x000012b4                CLOCK_GetCoreSysClkFreq
 .text.CLOCK_SetSimConfig
                0x000012dc       0x38 ./drivers/fsl_clock.o
                0x000012dc                CLOCK_SetSimConfig
 .text.CLOCK_GetOutClkFreq
                0x00001314       0x64 ./drivers/fsl_clock.o
                0x00001314                CLOCK_GetOutClkFreq
 .text.CLOCK_GetFllFreq
                0x00001378       0x7c ./drivers/fsl_clock.o
                0x00001378                CLOCK_GetFllFreq
 .text.CLOCK_GetPll0Freq
                0x000013f4       0x68 ./drivers/fsl_clock.o
                0x000013f4                CLOCK_GetPll0Freq
 .text.CLOCK_SetExternalRefClkConfig
                0x0000145c       0x6c ./drivers/fsl_clock.o
                0x0000145c                CLOCK_SetExternalRefClkConfig
 .text.CLOCK_SetInternalRefClkConfig
                0x000014c8      0x104 ./drivers/fsl_clock.o
                0x000014c8                CLOCK_SetInternalRefClkConfig
 .text.CLOCK_EnablePll0
                0x000015cc       0x84 ./drivers/fsl_clock.o
                0x000015cc                CLOCK_EnablePll0
 .text.CLOCK_InitOsc0
                0x00001650       0x8c ./drivers/fsl_clock.o
                0x00001650                CLOCK_InitOsc0
 .text.CLOCK_SetPbeMode
                0x000016dc       0xa8 ./drivers/fsl_clock.o
                0x000016dc                CLOCK_SetPbeMode
 .text.CLOCK_BootToPeeMode
                0x00001784       0x64 ./drivers/fsl_clock.o
                0x00001784                CLOCK_BootToPeeMode
 .text.GPIO_PinInit
                0x000017e8       0x64 ./drivers/fsl_gpio.o
                0x000017e8                GPIO_PinInit
 .text.UART_GetInstance
                0x0000184c       0x54 ./drivers/fsl_uart.o
                0x0000184c                UART_GetInstance
 .text.UART_Init
                0x000018a0      0x2d8 ./drivers/fsl_uart.o
                0x000018a0                UART_Init
 .text.UART_GetDefaultConfig
                0x00001b78       0x60 ./drivers/fsl_uart.o
                0x00001b78                UART_GetDefaultConfig
 .text.UART0_DriverIRQHandler
                0x00001bd8       0x28 ./drivers/fsl_uart.o
                0x00001bd8                UART0_DriverIRQHandler
 .text.UART1_DriverIRQHandler
                0x00001c00       0x28 ./drivers/fsl_uart.o
                0x00001c00                UART1_DriverIRQHandler
 .text.UART2_DriverIRQHandler
                0x00001c28       0x28 ./drivers/fsl_uart.o
                0x00001c28                UART2_DriverIRQHandler
 .text.UART3_DriverIRQHandler
                0x00001c50       0x28 ./drivers/fsl_uart.o
                0x00001c50                UART3_DriverIRQHandler
 .text.UART4_DriverIRQHandler
                0x00001c78       0x28 ./drivers/fsl_uart.o
                0x00001c78                UART4_DriverIRQHandler
 .text.UART5_DriverIRQHandler
                0x00001ca0       0x28 ./drivers/fsl_uart.o
                0x00001ca0                UART5_DriverIRQHandler
 .text.BOARD_InitDebugConsole
                0x00001cc8       0x28 ./board/src/board.o
                0x00001cc8                BOARD_InitDebugConsole
 .text.CLOCK_SetSimSafeDivs
                0x00001cf0       0x20 ./board/src/clock_config.o
 .text.CLOCK_SetXtal0Freq
                0x00001d10       0x20 ./board/src/clock_config.o
 .text.CLOCK_CONFIG_SetFllExtRefDiv
                0x00001d30       0x3c ./board/src/clock_config.o
 .text.BOARD_BootClockRUN
                0x00001d6c       0x60 ./board/src/clock_config.o
                0x00001d6c                BOARD_BootClockRUN
 .text.BOARD_InitPins
                0x00001dcc       0x20 ./board/pin_mux.o
                0x00001dcc                BOARD_InitPins
 .text.SystemInit
                0x00001dec       0x3c ./CMSIS/system_MK64F12.o
                0x00001dec                SystemInit
 .text.__assertion_failed
                0x00001e28       0x4c c:/nxp/mcuxpressoide_11.1.0_3209/ide/plugins/com.nxp.mcuxpresso.tools.win32_11.1.0.201909161352/tools/bin/../lib/gcc/arm-none-eabi/8.3.1/../../../../arm-none-eabi/lib/thumb/v7e-m+fp/hard\libcr_semihost_nf.a(_cr_assert.o)
                0x00001e28                __assertion_failed
 .text.__sys_appexit
                0x00001e74        0xc c:/nxp/mcuxpressoide_11.1.0_3209/ide/plugins/com.nxp.mcuxpresso.tools.win32_11.1.0.201909161352/tools/bin/../lib/gcc/arm-none-eabi/8.3.1/../../../../arm-none-eabi/lib/thumb/v7e-m+fp/hard\libcr_semihost_nf.a(__sys_appexit.o)
                0x00001e74                __sys_appexit
                0x00001e74                __exit
 .text._Cwritebuf
                0x00001e80       0x6c c:/nxp/mcuxpressoide_11.1.0_3209/ide/plugins/com.nxp.mcuxpresso.tools.win32_11.1.0.201909161352/tools/bin/../lib/gcc/arm-none-eabi/8.3.1/../../../../arm-none-eabi/lib/thumb/v7e-m+fp/hard\libcr_c.a(_writebuf.o)
                0x00001e80                _Cwritebuf
 .text.malloc   0x00001eec       0xc8 c:/nxp/mcuxpressoide_11.1.0_3209/ide/plugins/com.nxp.mcuxpresso.tools.win32_11.1.0.201909161352/tools/bin/../lib/gcc/arm-none-eabi/8.3.1/../../../../arm-none-eabi/lib/thumb/v7e-m+fp/hard\libcr_c.a(alloc.o)
                0x00001eec                malloc
 .text._Csys_alloc
                0x00001fb4       0x20 c:/nxp/mcuxpressoide_11.1.0_3209/ide/plugins/com.nxp.mcuxpresso.tools.win32_11.1.0.201909161352/tools/bin/../lib/gcc/arm-none-eabi/8.3.1/../../../../arm-none-eabi/lib/thumb/v7e-m+fp/hard\libcr_c.a(alloc.o)
                0x00001fb4                _Csys_alloc
 .text.fseek    0x00001fd4      0x100 c:/nxp/mcuxpressoide_11.1.0_3209/ide/plugins/com.nxp.mcuxpresso.tools.win32_11.1.0.201909161352/tools/bin/../lib/gcc/arm-none-eabi/8.3.1/../../../../arm-none-eabi/lib/thumb/v7e-m+fp/hard\libcr_c.a(fseek.o)
                0x00001fd4                fseek
 .text.ftell    0x000020d4       0x48 c:/nxp/mcuxpressoide_11.1.0_3209/ide/plugins/com.nxp.mcuxpresso.tools.win32_11.1.0.201909161352/tools/bin/../lib/gcc/arm-none-eabi/8.3.1/../../../../arm-none-eabi/lib/thumb/v7e-m+fp/hard\libcr_c.a(ftell.o)
                0x000020d4                ftell
 .text._initio  0x0000211c       0x78 c:/nxp/mcuxpressoide_11.1.0_3209/ide/plugins/com.nxp.mcuxpresso.tools.win32_11.1.0.201909161352/tools/bin/../lib/gcc/arm-none-eabi/8.3.1/../../../../arm-none-eabi/lib/thumb/v7e-m+fp/hard\libcr_c.a(initio.o)
                0x0000211c                _initio
 .text.__vfprintf
                0x00002194      0xbe0 c:/nxp/mcuxpressoide_11.1.0_3209/ide/plugins/com.nxp.mcuxpresso.tools.win32_11.1.0.201909161352/tools/bin/../lib/gcc/arm-none-eabi/8.3.1/../../../../arm-none-eabi/lib/thumb/v7e-m+fp/hard\libcr_c.a(printf.o)
                0x00002194                __vfprintf
 .text._vsnprintf
                0x00002d74       0x68 c:/nxp/mcuxpressoide_11.1.0_3209/ide/plugins/com.nxp.mcuxpresso.tools.win32_11.1.0.201909161352/tools/bin/../lib/gcc/arm-none-eabi/8.3.1/../../../../arm-none-eabi/lib/thumb/v7e-m+fp/hard\libcr_c.a(printf.o)
                0x00002d74                _vsnprintf
 .text._printf  0x00002ddc       0x54 c:/nxp/mcuxpressoide_11.1.0_3209/ide/plugins/com.nxp.mcuxpresso.tools.win32_11.1.0.201909161352/tools/bin/../lib/gcc/arm-none-eabi/8.3.1/../../../../arm-none-eabi/lib/thumb/v7e-m+fp/hard\libcr_c.a(printf.o)
                0x00002ddc                _printf
 .text.ch_val   0x00002e30       0x30 c:/nxp/mcuxpressoide_11.1.0_3209/ide/plugins/com.nxp.mcuxpresso.tools.win32_11.1.0.201909161352/tools/bin/../lib/gcc/arm-none-eabi/8.3.1/../../../../arm-none-eabi/lib/thumb/v7e-m+fp/hard\libcr_c.a(scanf.o)
 .text.cr_rd_int
                0x00002e60      0x1a8 c:/nxp/mcuxpressoide_11.1.0_3209/ide/plugins/com.nxp.mcuxpresso.tools.win32_11.1.0.201909161352/tools/bin/../lib/gcc/arm-none-eabi/8.3.1/../../../../arm-none-eabi/lib/thumb/v7e-m+fp/hard\libcr_c.a(scanf.o)
 .text.scanf    0x00003008       0x20 c:/nxp/mcuxpressoide_11.1.0_3209/ide/plugins/com.nxp.mcuxpresso.tools.win32_11.1.0.201909161352/tools/bin/../lib/gcc/arm-none-eabi/8.3.1/../../../../arm-none-eabi/lib/thumb/v7e-m+fp/hard\libcr_c.a(scanf.o)
                0x00003008                scanf
 .text.setvbuf  0x00003028       0x40 c:/nxp/mcuxpressoide_11.1.0_3209/ide/plugins/com.nxp.mcuxpresso.tools.win32_11.1.0.201909161352/tools/bin/../lib/gcc/arm-none-eabi/8.3.1/../../../../arm-none-eabi/lib/thumb/v7e-m+fp/hard\libcr_c.a(setvbuf.o)
                0x00003028                setvbuf
 .text.__filbuf
                0x00003068      0x178 c:/nxp/mcuxpressoide_11.1.0_3209/ide/plugins/com.nxp.mcuxpresso.tools.win32_11.1.0.201909161352/tools/bin/../lib/gcc/arm-none-eabi/8.3.1/../../../../arm-none-eabi/lib/thumb/v7e-m+fp/hard\libcr_c.a(__fillbuf.o)
                0x00003068                __filbuf
 .text._sbrk    0x000031e0       0x3c c:/nxp/mcuxpressoide_11.1.0_3209/ide/plugins/com.nxp.mcuxpresso.tools.win32_11.1.0.201909161352/tools/bin/../lib/gcc/arm-none-eabi/8.3.1/../../../../arm-none-eabi/lib/thumb/v7e-m+fp/hard\libcr_c.a(_cr_sbrk.o)
                0x000031e0                _sbrk
 .text.fflush   0x0000321c       0x44 c:/nxp/mcuxpressoide_11.1.0_3209/ide/plugins/com.nxp.mcuxpresso.tools.win32_11.1.0.201909161352/tools/bin/../lib/gcc/arm-none-eabi/8.3.1/../../../../arm-none-eabi/lib/thumb/v7e-m+fp/hard\libcr_c.a(fflush.o)
                0x0000321c                fflush
 .text.__check_heap_overflow
                0x00003260       0x18 c:/nxp/mcuxpressoide_11.1.0_3209/ide/plugins/com.nxp.mcuxpresso.tools.win32_11.1.0.201909161352/tools/bin/../lib/gcc/arm-none-eabi/8.3.1/../../../../arm-none-eabi/lib/thumb/v7e-m+fp/hard\libcr_c.a(_cr_check_heap.o)
                0x00003260                __check_heap_overflow
 .text.__aeabi_dmul
                0x00003278      0x114 c:/nxp/mcuxpressoide_11.1.0_3209/ide/plugins/com.nxp.mcuxpresso.tools.win32_11.1.0.201909161352/tools/bin/../lib/gcc/arm-none-eabi/8.3.1/thumb/v7e-m+fp/hard\libcr_eabihelpers.a(double.o)
                0x00003278                __aeabi_dmul
 .text.__aeabi_ddiv
                0x0000338c      0x150 c:/nxp/mcuxpressoide_11.1.0_3209/ide/plugins/com.nxp.mcuxpresso.tools.win32_11.1.0.201909161352/tools/bin/../lib/gcc/arm-none-eabi/8.3.1/thumb/v7e-m+fp/hard\libcr_eabihelpers.a(double.o)
                0x0000338c                __aeabi_ddiv
 .text.__aeabi_dsub
                0x000034dc      0x1ac c:/nxp/mcuxpressoide_11.1.0_3209/ide/plugins/com.nxp.mcuxpresso.tools.win32_11.1.0.201909161352/tools/bin/../lib/gcc/arm-none-eabi/8.3.1/thumb/v7e-m+fp/hard\libcr_eabihelpers.a(double.o)
                0x000034dc                __aeabi_dsub
 .text.__aeabi_dadd
                0x00003688      0x114 c:/nxp/mcuxpressoide_11.1.0_3209/ide/plugins/com.nxp.mcuxpresso.tools.win32_11.1.0.201909161352/tools/bin/../lib/gcc/arm-none-eabi/8.3.1/thumb/v7e-m+fp/hard\libcr_eabihelpers.a(double.o)
                0x00003688                __aeabi_dadd
 .text.__aeabi_d2f
                0x0000379c       0x50 c:/nxp/mcuxpressoide_11.1.0_3209/ide/plugins/com.nxp.mcuxpresso.tools.win32_11.1.0.201909161352/tools/bin/../lib/gcc/arm-none-eabi/8.3.1/thumb/v7e-m+fp/hard\libcr_eabihelpers.a(double.o)
                0x0000379c                __aeabi_d2f
 .text.UART_EnableTx
                0x000037ec       0x40 ./utilities/fsl_io.o
 .text.UART_EnableRx
                0x0000382c       0x40 ./utilities/fsl_io.o
 .text.LOG_Init
                0x0000386c       0x30 ./utilities/fsl_log.o
                0x0000386c                LOG_Init
 .text.DMA0_IRQHandler
                0x0000389c        0x8 ./startup/startup_mk64f12.o
                0x0000389c                DMA0_IRQHandler
 .text.DMA1_IRQHandler
                0x000038a4        0x8 ./startup/startup_mk64f12.o
                0x000038a4                DMA1_IRQHandler
 .text.DMA2_IRQHandler
                0x000038ac        0x8 ./startup/startup_mk64f12.o
                0x000038ac                DMA2_IRQHandler
 .text.DMA3_IRQHandler
                0x000038b4        0x8 ./startup/startup_mk64f12.o
                0x000038b4                DMA3_IRQHandler
 .text.DMA4_IRQHandler
                0x000038bc        0x8 ./startup/startup_mk64f12.o
                0x000038bc                DMA4_IRQHandler
 .text.DMA5_IRQHandler
                0x000038c4        0x8 ./startup/startup_mk64f12.o
                0x000038c4                DMA5_IRQHandler
 .text.DMA6_IRQHandler
                0x000038cc        0x8 ./startup/startup_mk64f12.o
                0x000038cc                DMA6_IRQHandler
 .text.DMA7_IRQHandler
                0x000038d4        0x8 ./startup/startup_mk64f12.o
                0x000038d4                DMA7_IRQHandler
 .text.DMA8_IRQHandler
                0x000038dc        0x8 ./startup/startup_mk64f12.o
                0x000038dc                DMA8_IRQHandler
 .text.DMA9_IRQHandler
                0x000038e4        0x8 ./startup/startup_mk64f12.o
                0x000038e4                DMA9_IRQHandler
 .text.DMA10_IRQHandler
                0x000038ec        0x8 ./startup/startup_mk64f12.o
                0x000038ec                DMA10_IRQHandler
 .text.DMA11_IRQHandler
                0x000038f4        0x8 ./startup/startup_mk64f12.o
                0x000038f4                DMA11_IRQHandler
 .text.DMA12_IRQHandler
                0x000038fc        0x8 ./startup/startup_mk64f12.o
                0x000038fc                DMA12_IRQHandler
 .text.DMA13_IRQHandler
                0x00003904        0x8 ./startup/startup_mk64f12.o
                0x00003904                DMA13_IRQHandler
 .text.DMA14_IRQHandler
                0x0000390c        0x8 ./startup/startup_mk64f12.o
                0x0000390c                DMA14_IRQHandler
 .text.DMA15_IRQHandler
                0x00003914        0x8 ./startup/startup_mk64f12.o
                0x00003914                DMA15_IRQHandler
 .text.DMA_Error_IRQHandler
                0x0000391c        0x8 ./startup/startup_mk64f12.o
                0x0000391c                DMA_Error_IRQHandler
 .text.MCM_IRQHandler
                0x00003924        0x8 ./startup/startup_mk64f12.o
                0x00003924                MCM_IRQHandler
 .text.FTFE_IRQHandler
                0x0000392c        0x8 ./startup/startup_mk64f12.o
                0x0000392c                FTFE_IRQHandler
 .text.Read_Collision_IRQHandler
                0x00003934        0x8 ./startup/startup_mk64f12.o
                0x00003934                Read_Collision_IRQHandler
 .text.LVD_LVW_IRQHandler
                0x0000393c        0x8 ./startup/startup_mk64f12.o
                0x0000393c                LVD_LVW_IRQHandler
 .text.LLWU_IRQHandler
                0x00003944        0x8 ./startup/startup_mk64f12.o
                0x00003944                LLWU_IRQHandler
 .text.WDOG_EWM_IRQHandler
                0x0000394c        0x8 ./startup/startup_mk64f12.o
                0x0000394c                WDOG_EWM_IRQHandler
 .text.RNG_IRQHandler
                0x00003954        0x8 ./startup/startup_mk64f12.o
                0x00003954                RNG_IRQHandler
 .text.I2C0_IRQHandler
                0x0000395c        0x8 ./startup/startup_mk64f12.o
                0x0000395c                I2C0_IRQHandler
 .text.I2C1_IRQHandler
                0x00003964        0x8 ./startup/startup_mk64f12.o
                0x00003964                I2C1_IRQHandler
 .text.SPI0_IRQHandler
                0x0000396c        0x8 ./startup/startup_mk64f12.o
                0x0000396c                SPI0_IRQHandler
 .text.SPI1_IRQHandler
                0x00003974        0x8 ./startup/startup_mk64f12.o
                0x00003974                SPI1_IRQHandler
 .text.I2S0_Tx_IRQHandler
                0x0000397c        0x8 ./startup/startup_mk64f12.o
                0x0000397c                I2S0_Tx_IRQHandler
 .text.I2S0_Rx_IRQHandler
                0x00003984        0x8 ./startup/startup_mk64f12.o
                0x00003984                I2S0_Rx_IRQHandler
 .text.UART0_LON_IRQHandler
                0x0000398c        0x8 ./startup/startup_mk64f12.o
                0x0000398c                UART0_LON_IRQHandler
 .text.UART0_RX_TX_IRQHandler
                0x00003994        0x8 ./startup/startup_mk64f12.o
                0x00003994                UART0_RX_TX_IRQHandler
 .text.UART0_ERR_IRQHandler
                0x0000399c        0x8 ./startup/startup_mk64f12.o
                0x0000399c                UART0_ERR_IRQHandler
 .text.UART1_RX_TX_IRQHandler
                0x000039a4        0x8 ./startup/startup_mk64f12.o
                0x000039a4                UART1_RX_TX_IRQHandler
 .text.UART1_ERR_IRQHandler
                0x000039ac        0x8 ./startup/startup_mk64f12.o
                0x000039ac                UART1_ERR_IRQHandler
 .text.UART2_RX_TX_IRQHandler
                0x000039b4        0x8 ./startup/startup_mk64f12.o
                0x000039b4                UART2_RX_TX_IRQHandler
 .text.UART2_ERR_IRQHandler
                0x000039bc        0x8 ./startup/startup_mk64f12.o
                0x000039bc                UART2_ERR_IRQHandler
 .text.UART3_RX_TX_IRQHandler
                0x000039c4        0x8 ./startup/startup_mk64f12.o
                0x000039c4                UART3_RX_TX_IRQHandler
 .text.UART3_ERR_IRQHandler
                0x000039cc        0x8 ./startup/startup_mk64f12.o
                0x000039cc                UART3_ERR_IRQHandler
 .text.ADC0_IRQHandler
                0x000039d4        0x8 ./startup/startup_mk64f12.o
                0x000039d4                ADC0_IRQHandler
 .text.CMP0_IRQHandler
                0x000039dc        0x8 ./startup/startup_mk64f12.o
                0x000039dc                CMP0_IRQHandler
 .text.CMP1_IRQHandler
                0x000039e4        0x8 ./startup/startup_mk64f12.o
                0x000039e4                CMP1_IRQHandler
 .text.FTM0_IRQHandler
                0x000039ec        0x8 ./startup/startup_mk64f12.o
                0x000039ec                FTM0_IRQHandler
 .text.FTM1_IRQHandler
                0x000039f4        0x8 ./startup/startup_mk64f12.o
                0x000039f4                FTM1_IRQHandler
 .text.FTM2_IRQHandler
                0x000039fc        0x8 ./startup/startup_mk64f12.o
                0x000039fc                FTM2_IRQHandler
 .text.CMT_IRQHandler
                0x00003a04        0x8 ./startup/startup_mk64f12.o
                0x00003a04                CMT_IRQHandler
 .text.RTC_IRQHandler
                0x00003a0c        0x8 ./startup/startup_mk64f12.o
                0x00003a0c                RTC_IRQHandler
 .text.RTC_Seconds_IRQHandler
                0x00003a14        0x8 ./startup/startup_mk64f12.o
                0x00003a14                RTC_Seconds_IRQHandler
 .text.PIT0_IRQHandler
                0x00003a1c        0x8 ./startup/startup_mk64f12.o
                0x00003a1c                PIT0_IRQHandler
 .text.PIT1_IRQHandler
                0x00003a24        0x8 ./startup/startup_mk64f12.o
                0x00003a24                PIT1_IRQHandler
 .text.PIT2_IRQHandler
                0x00003a2c        0x8 ./startup/startup_mk64f12.o
                0x00003a2c                PIT2_IRQHandler
 .text.PIT3_IRQHandler
                0x00003a34        0x8 ./startup/startup_mk64f12.o
                0x00003a34                PIT3_IRQHandler
 .text.PDB0_IRQHandler
                0x00003a3c        0x8 ./startup/startup_mk64f12.o
                0x00003a3c                PDB0_IRQHandler
 .text.USB0_IRQHandler
                0x00003a44        0x8 ./startup/startup_mk64f12.o
                0x00003a44                USB0_IRQHandler
 .text.USBDCD_IRQHandler
                0x00003a4c        0x8 ./startup/startup_mk64f12.o
                0x00003a4c                USBDCD_IRQHandler
 .text.Reserved71_IRQHandler
                0x00003a54        0x8 ./startup/startup_mk64f12.o
                0x00003a54                Reserved71_IRQHandler
 .text.DAC0_IRQHandler
                0x00003a5c        0x8 ./startup/startup_mk64f12.o
                0x00003a5c                DAC0_IRQHandler
 .text.MCG_IRQHandler
                0x00003a64        0x8 ./startup/startup_mk64f12.o
                0x00003a64                MCG_IRQHandler
 .text.LPTMR0_IRQHandler
                0x00003a6c        0x8 ./startup/startup_mk64f12.o
                0x00003a6c                LPTMR0_IRQHandler
 .text.PORTA_IRQHandler
                0x00003a74        0x8 ./startup/startup_mk64f12.o
                0x00003a74                PORTA_IRQHandler
 .text.PORTB_IRQHandler
                0x00003a7c        0x8 ./startup/startup_mk64f12.o
                0x00003a7c                PORTB_IRQHandler
 .text.PORTC_IRQHandler
                0x00003a84        0x8 ./startup/startup_mk64f12.o
                0x00003a84                PORTC_IRQHandler
 .text.PORTD_IRQHandler
                0x00003a8c        0x8 ./startup/startup_mk64f12.o
                0x00003a8c                PORTD_IRQHandler
 .text.PORTE_IRQHandler
                0x00003a94        0x8 ./startup/startup_mk64f12.o
                0x00003a94                PORTE_IRQHandler
 .text.SWI_IRQHandler
                0x00003a9c        0x8 ./startup/startup_mk64f12.o
                0x00003a9c                SWI_IRQHandler
 .text.SPI2_IRQHandler
                0x00003aa4        0x8 ./startup/startup_mk64f12.o
                0x00003aa4                SPI2_IRQHandler
 .text.UART4_RX_TX_IRQHandler
                0x00003aac        0x8 ./startup/startup_mk64f12.o
                0x00003aac                UART4_RX_TX_IRQHandler
 .text.UART4_ERR_IRQHandler
                0x00003ab4        0x8 ./startup/startup_mk64f12.o
                0x00003ab4                UART4_ERR_IRQHandler
 .text.UART5_RX_TX_IRQHandler
                0x00003abc        0x8 ./startup/startup_mk64f12.o
                0x00003abc                UART5_RX_TX_IRQHandler
 .text.UART5_ERR_IRQHandler
                0x00003ac4        0x8 ./startup/startup_mk64f12.o
                0x00003ac4                UART5_ERR_IRQHandler
 .text.CMP2_IRQHandler
                0x00003acc        0x8 ./startup/startup_mk64f12.o
                0x00003acc                CMP2_IRQHandler
 .text.FTM3_IRQHandler
                0x00003ad4        0x8 ./startup/startup_mk64f12.o
                0x00003ad4                FTM3_IRQHandler
 .text.DAC1_IRQHandler
                0x00003adc        0x8 ./startup/startup_mk64f12.o
                0x00003adc                DAC1_IRQHandler
 .text.ADC1_IRQHandler
                0x00003ae4        0x8 ./startup/startup_mk64f12.o
                0x00003ae4                ADC1_IRQHandler
 .text.I2C2_IRQHandler
                0x00003aec        0x8 ./startup/startup_mk64f12.o
                0x00003aec                I2C2_IRQHandler
 .text.CAN0_ORed_Message_buffer_IRQHandler
                0x00003af4        0x8 ./startup/startup_mk64f12.o
                0x00003af4                CAN0_ORed_Message_buffer_IRQHandler
 .text.CAN0_Bus_Off_IRQHandler
                0x00003afc        0x8 ./startup/startup_mk64f12.o
                0x00003afc                CAN0_Bus_Off_IRQHandler
 .text.CAN0_Error_IRQHandler
                0x00003b04        0x8 ./startup/startup_mk64f12.o
                0x00003b04                CAN0_Error_IRQHandler
 .text.CAN0_Tx_Warning_IRQHandler
                0x00003b0c        0x8 ./startup/startup_mk64f12.o
                0x00003b0c                CAN0_Tx_Warning_IRQHandler
 .text.CAN0_Rx_Warning_IRQHandler
                0x00003b14        0x8 ./startup/startup_mk64f12.o
                0x00003b14                CAN0_Rx_Warning_IRQHandler
 .text.CAN0_Wake_Up_IRQHandler
                0x00003b1c        0x8 ./startup/startup_mk64f12.o
                0x00003b1c                CAN0_Wake_Up_IRQHandler
 .text.SDHC_IRQHandler
                0x00003b24        0x8 ./startup/startup_mk64f12.o
                0x00003b24                SDHC_IRQHandler
 .text.ENET_1588_Timer_IRQHandler
                0x00003b2c        0x8 ./startup/startup_mk64f12.o
                0x00003b2c                ENET_1588_Timer_IRQHandler
 .text.ENET_Transmit_IRQHandler
                0x00003b34        0x8 ./startup/startup_mk64f12.o
                0x00003b34                ENET_Transmit_IRQHandler
 .text.ENET_Receive_IRQHandler
                0x00003b3c        0x8 ./startup/startup_mk64f12.o
                0x00003b3c                ENET_Receive_IRQHandler
 .text.ENET_Error_IRQHandler
                0x00003b44        0x8 ./startup/startup_mk64f12.o
                0x00003b44                ENET_Error_IRQHandler
 .text.GPIO_PortToggle
                0x00003b4c       0x1c ./source/led_blinky.o
 .text.HardFault_Handler
                0x00003b68       0x2c ./source/semihost_hardfault.o
                0x00003b68                HardFault_Handler
 .text.OSC_SetExtRefClkConfig
                0x00003b94       0x34 ./drivers/fsl_clock.o
 .text.OSC_SetCapLoad
                0x00003bc8       0x34 ./drivers/fsl_clock.o
 .text.CLOCK_GetPll0RefFreq
                0x00003bfc        0xe ./drivers/fsl_clock.o
 .text.GPIO_PinWrite
                0x00003c0a       0x36 ./drivers/fsl_gpio.o
 .text.GPIO_WritePinOutput
                0x00003c40       0x22 ./drivers/fsl_gpio.o
 .text.CLOCK_EnableClock
                0x00003c62       0x34 ./drivers/fsl_uart.o
 .text.UART0_RX_TX_DriverIRQHandler
                0x00003c96       0x10 ./drivers/fsl_uart.o
                0x00003c96                UART0_RX_TX_DriverIRQHandler
 .text.UART1_RX_TX_DriverIRQHandler
                0x00003ca6       0x10 ./drivers/fsl_uart.o
                0x00003ca6                UART1_RX_TX_DriverIRQHandler
 .text.UART2_RX_TX_DriverIRQHandler
                0x00003cb6       0x10 ./drivers/fsl_uart.o
                0x00003cb6                UART2_RX_TX_DriverIRQHandler
 .text.UART3_RX_TX_DriverIRQHandler
                0x00003cc6       0x10 ./drivers/fsl_uart.o
                0x00003cc6                UART3_RX_TX_DriverIRQHandler
 .text.UART4_RX_TX_DriverIRQHandler
                0x00003cd6       0x10 ./drivers/fsl_uart.o
                0x00003cd6                UART4_RX_TX_DriverIRQHandler
 .text.UART5_RX_TX_DriverIRQHandler
                0x00003ce6       0x10 ./drivers/fsl_uart.o
                0x00003ce6                UART5_RX_TX_DriverIRQHandler
 .text.CLOCK_EnableClock
                0x00003cf6       0x34 ./board/pin_mux.o
 .text.PORT_SetPinMux
                0x00003d2a       0x3a ./board/pin_mux.o
 .text.SystemInitHook
                0x00003d64        0xe ./CMSIS/system_MK64F12.o
                0x00003d64                SystemInitHook
 .text.__main   0x00003d72        0xe c:/nxp/mcuxpressoide_11.1.0_3209/ide/plugins/com.nxp.mcuxpresso.tools.win32_11.1.0.201909161352/tools/bin/../lib/gcc/arm-none-eabi/8.3.1/../../../../arm-none-eabi/lib/thumb/v7e-m+fp/hard\libcr_semihost_nf.a(_cr__main.o)
                0x00003d72                __CR_SEMIHOST
                0x00003d72                __main
 .text.memset   0x00003d80        0x4 c:/nxp/mcuxpressoide_11.1.0_3209/ide/plugins/com.nxp.mcuxpresso.tools.win32_11.1.0.201909161352/tools/bin/../lib/gcc/arm-none-eabi/8.3.1/../../../../arm-none-eabi/lib/thumb/v7e-m+fp/hard\libcr_c.a(memset.o)
                0x00003d80                memset
 .text._deferredlazyseek
                0x00003d84       0x40 c:/nxp/mcuxpressoide_11.1.0_3209/ide/plugins/com.nxp.mcuxpresso.tools.win32_11.1.0.201909161352/tools/bin/../lib/gcc/arm-none-eabi/8.3.1/../../../../arm-none-eabi/lib/thumb/v7e-m+fp/hard\libcr_c.a(_deferredlazyseek.o)
                0x00003d84                _deferredlazyseek
 .text.__flsbuf
                0x00003dc4      0x140 c:/nxp/mcuxpressoide_11.1.0_3209/ide/plugins/com.nxp.mcuxpresso.tools.win32_11.1.0.201909161352/tools/bin/../lib/gcc/arm-none-eabi/8.3.1/../../../../arm-none-eabi/lib/thumb/v7e-m+fp/hard\libcr_c.a(_deferredlazyseek.o)
                0x00003dc4                __flsbuf
 .text._fflush  0x00003f04       0x52 c:/nxp/mcuxpressoide_11.1.0_3209/ide/plugins/com.nxp.mcuxpresso.tools.win32_11.1.0.201909161352/tools/bin/../lib/gcc/arm-none-eabi/8.3.1/../../../../arm-none-eabi/lib/thumb/v7e-m+fp/hard\libcr_c.a(_fflush.o)
                0x00003f04                _fflush
 .text.free     0x00003f56       0x30 c:/nxp/mcuxpressoide_11.1.0_3209/ide/plugins/com.nxp.mcuxpresso.tools.win32_11.1.0.201909161352/tools/bin/../lib/gcc/arm-none-eabi/8.3.1/../../../../arm-none-eabi/lib/thumb/v7e-m+fp/hard\libcr_c.a(alloc.o)
                0x00003f56                free
 .text.fputs    0x00003f86       0x2c c:/nxp/mcuxpressoide_11.1.0_3209/ide/plugins/com.nxp.mcuxpresso.tools.win32_11.1.0.201909161352/tools/bin/../lib/gcc/arm-none-eabi/8.3.1/../../../../arm-none-eabi/lib/thumb/v7e-m+fp/hard\libcr_c.a(fputs.o)
                0x00003f86                fputs
 .text.no_fp_display
                0x00003fb2        0x4 c:/nxp/mcuxpressoide_11.1.0_3209/ide/plugins/com.nxp.mcuxpresso.tools.win32_11.1.0.201909161352/tools/bin/../lib/gcc/arm-none-eabi/8.3.1/../../../../arm-none-eabi/lib/thumb/v7e-m+fp/hard\libcr_c.a(printf.o)
 .text.strlen   0x00003fb6       0x4c c:/nxp/mcuxpressoide_11.1.0_3209/ide/plugins/com.nxp.mcuxpresso.tools.win32_11.1.0.201909161352/tools/bin/../lib/gcc/arm-none-eabi/8.3.1/../../../../arm-none-eabi/lib/thumb/v7e-m+fp/hard\libcr_c.a(strlen.o)
                0x00003fb6                strlen
 .text.ungetc   0x00004002       0x32 c:/nxp/mcuxpressoide_11.1.0_3209/ide/plugins/com.nxp.mcuxpresso.tools.win32_11.1.0.201909161352/tools/bin/../lib/gcc/arm-none-eabi/8.3.1/../../../../arm-none-eabi/lib/thumb/v7e-m+fp/hard\libcr_c.a(ungetc.o)
                0x00004002                ungetc
 .text._Csys_read_
                0x00004034       0x22 c:/nxp/mcuxpressoide_11.1.0_3209/ide/plugins/com.nxp.mcuxpresso.tools.win32_11.1.0.201909161352/tools/bin/../lib/gcc/arm-none-eabi/8.3.1/../../../../arm-none-eabi/lib/thumb/v7e-m+fp/hard\libcr_c.a(__fillbuf.o)
                0x00004034                _Csys_read_
 .text._fdopen  0x00004056       0x68 c:/nxp/mcuxpressoide_11.1.0_3209/ide/plugins/com.nxp.mcuxpresso.tools.win32_11.1.0.201909161352/tools/bin/../lib/gcc/arm-none-eabi/8.3.1/../../../../arm-none-eabi/lib/thumb/v7e-m+fp/hard\libcr_c.a(_fdopen.o)
                0x00004056                _fdopen
 .text.fclose   0x000040be       0x58 c:/nxp/mcuxpressoide_11.1.0_3209/ide/plugins/com.nxp.mcuxpresso.tools.win32_11.1.0.201909161352/tools/bin/../lib/gcc/arm-none-eabi/8.3.1/../../../../arm-none-eabi/lib/thumb/v7e-m+fp/hard\libcr_c.a(fclose.o)
                0x000040be                fclose
 .text.remove   0x00004116       0x14 c:/nxp/mcuxpressoide_11.1.0_3209/ide/plugins/com.nxp.mcuxpresso.tools.win32_11.1.0.201909161352/tools/bin/../lib/gcc/arm-none-eabi/8.3.1/../../../../arm-none-eabi/lib/thumb/v7e-m+fp/hard\libcr_c.a(remove.o)
                0x00004116                remove
 .text._do_fflush
                0x0000412a       0x40 c:/nxp/mcuxpressoide_11.1.0_3209/ide/plugins/com.nxp.mcuxpresso.tools.win32_11.1.0.201909161352/tools/bin/../lib/gcc/arm-none-eabi/8.3.1/../../../../arm-none-eabi/lib/thumb/v7e-m+fp/hard\libcr_c.a(_do_fflush.o)
                0x0000412a                _do_fflush
 .text.__bhs_ui2d
                0x0000416a       0x46 c:/nxp/mcuxpressoide_11.1.0_3209/ide/plugins/com.nxp.mcuxpresso.tools.win32_11.1.0.201909161352/tools/bin/../lib/gcc/arm-none-eabi/8.3.1/thumb/v7e-m+fp/hard\libcr_eabihelpers.a(double.o)
                0x0000416a                __bhs_ui2d
 .text.__aeabi_i2d
                0x000041b0       0x12 c:/nxp/mcuxpressoide_11.1.0_3209/ide/plugins/com.nxp.mcuxpresso.tools.win32_11.1.0.201909161352/tools/bin/../lib/gcc/arm-none-eabi/8.3.1/thumb/v7e-m+fp/hard\libcr_eabihelpers.a(double.o)
                0x000041b0                __aeabi_i2d
 .text.__aeabi_dcmpeq
                0x000041c2       0x2e c:/nxp/mcuxpressoide_11.1.0_3209/ide/plugins/com.nxp.mcuxpresso.tools.win32_11.1.0.201909161352/tools/bin/../lib/gcc/arm-none-eabi/8.3.1/thumb/v7e-m+fp/hard\libcr_eabihelpers.a(double.o)
                0x000041c2                __aeabi_dcmpeq
 .text.__aeabi_dcmpge
                0x000041f0       0x5c c:/nxp/mcuxpressoide_11.1.0_3209/ide/plugins/com.nxp.mcuxpresso.tools.win32_11.1.0.201909161352/tools/bin/../lib/gcc/arm-none-eabi/8.3.1/thumb/v7e-m+fp/hard\libcr_eabihelpers.a(double.o)
                0x000041f0                __aeabi_dcmpge
 .text.__aeabi_memset_lowlevel
                0x0000424c       0x32 c:/nxp/mcuxpressoide_11.1.0_3209/ide/plugins/com.nxp.mcuxpresso.tools.win32_11.1.0.201909161352/tools/bin/../lib/gcc/arm-none-eabi/8.3.1/thumb/v7e-m+fp/hard\libcr_eabihelpers.a(memcpy.o)
                0x0000424c                __aeabi_lowlevel_memset
 .text.__sys_close
                0x0000427e        0xc c:/nxp/mcuxpressoide_11.1.0_3209/ide/plugins/com.nxp.mcuxpresso.tools.win32_11.1.0.201909161352/tools/bin/../lib/gcc/arm-none-eabi/8.3.1/../../../../arm-none-eabi/lib/thumb/v7e-m+fp/hard\libcr_semihost_nf.a(__sys_close.o)
                0x0000427e                __sys_close
 .text.__sys_flen
                0x0000428a        0xc c:/nxp/mcuxpressoide_11.1.0_3209/ide/plugins/com.nxp.mcuxpresso.tools.win32_11.1.0.201909161352/tools/bin/../lib/gcc/arm-none-eabi/8.3.1/../../../../arm-none-eabi/lib/thumb/v7e-m+fp/hard\libcr_semihost_nf.a(__sys_flen.o)
                0x0000428a                __sys_flen
 .text.__sys_istty
                0x00004296        0xc c:/nxp/mcuxpressoide_11.1.0_3209/ide/plugins/com.nxp.mcuxpresso.tools.win32_11.1.0.201909161352/tools/bin/../lib/gcc/arm-none-eabi/8.3.1/../../../../arm-none-eabi/lib/thumb/v7e-m+fp/hard\libcr_semihost_nf.a(__sys_istty.o)
                0x00004296                __sys_istty
 .text.__sys_read
                0x000042a2        0xc c:/nxp/mcuxpressoide_11.1.0_3209/ide/plugins/com.nxp.mcuxpresso.tools.win32_11.1.0.201909161352/tools/bin/../lib/gcc/arm-none-eabi/8.3.1/../../../../arm-none-eabi/lib/thumb/v7e-m+fp/hard\libcr_semihost_nf.a(__sys_read.o)
                0x000042a2                __sys_read
 .text.__sys_readc
                0x000042ae        0x8 c:/nxp/mcuxpressoide_11.1.0_3209/ide/plugins/com.nxp.mcuxpresso.tools.win32_11.1.0.201909161352/tools/bin/../lib/gcc/arm-none-eabi/8.3.1/../../../../arm-none-eabi/lib/thumb/v7e-m+fp/hard\libcr_semihost_nf.a(__sys_readc.o)
                0x000042ae                __sys_readc
                0x000042ae                __readc
 .text.__sys_remove
                0x000042b6        0xc c:/nxp/mcuxpressoide_11.1.0_3209/ide/plugins/com.nxp.mcuxpresso.tools.win32_11.1.0.201909161352/tools/bin/../lib/gcc/arm-none-eabi/8.3.1/../../../../arm-none-eabi/lib/thumb/v7e-m+fp/hard\libcr_semihost_nf.a(__sys_remove.o)
                0x000042b6                __sys_remove
 .text.__sys_seek
                0x000042c2        0xc c:/nxp/mcuxpressoide_11.1.0_3209/ide/plugins/com.nxp.mcuxpresso.tools.win32_11.1.0.201909161352/tools/bin/../lib/gcc/arm-none-eabi/8.3.1/../../../../arm-none-eabi/lib/thumb/v7e-m+fp/hard\libcr_semihost_nf.a(__sys_seek.o)
                0x000042c2                __sys_seek
 .text.__sys_tmpnam
                0x000042ce        0xc c:/nxp/mcuxpressoide_11.1.0_3209/ide/plugins/com.nxp.mcuxpresso.tools.win32_11.1.0.201909161352/tools/bin/../lib/gcc/arm-none-eabi/8.3.1/../../../../arm-none-eabi/lib/thumb/v7e-m+fp/hard\libcr_semihost_nf.a(__sys_tmpnam.o)
                0x000042ce                __sys_tmpnam
 .text.__sys_write
                0x000042da        0xc c:/nxp/mcuxpressoide_11.1.0_3209/ide/plugins/com.nxp.mcuxpresso.tools.win32_11.1.0.201909161352/tools/bin/../lib/gcc/arm-none-eabi/8.3.1/../../../../arm-none-eabi/lib/thumb/v7e-m+fp/hard\libcr_semihost_nf.a(__sys_write.o)
                0x000042da                __sys_write
 *(SORT_BY_ALIGNMENT(.rodata) SORT_BY_ALIGNMENT(.rodata.*) SORT_BY_ALIGNMENT(.constdata) SORT_BY_ALIGNMENT(.constdata.*))
 *fill*         0x000042e6        0x2 ff
 .rodata        0x000042e8       0x50 ./utilities/fsl_debug_console.o
 .rodata        0x00004338       0x27 ./utilities/fsl_io.o
 *fill*         0x0000435f        0x1 ff
 .rodata.main.str1.4
                0x00004360       0x64 ./source/led_blinky.o
 .rodata        0x000043c4      0x149 ./drivers/fsl_clock.o
 *fill*         0x0000450d        0x3 ff
 .rodata.fllFactorTable.7821
                0x00004510       0x10 ./drivers/fsl_clock.o
 .rodata        0x00004520       0x63 ./drivers/fsl_gpio.o
 *fill*         0x00004583        0x1 ff
 .rodata.s_uartBases
                0x00004584       0x18 ./drivers/fsl_uart.o
 .rodata.s_uartClock
                0x0000459c       0x18 ./drivers/fsl_uart.o
 .rodata        0x000045b4      0x513 ./drivers/fsl_uart.o
 *fill*         0x00004ac7        0x1 ff
 .rodata.mcgConfig_BOARD_BootClockRUN
                0x00004ac8        0xb ./board/src/clock_config.o
                0x00004ac8                mcgConfig_BOARD_BootClockRUN
 *fill*         0x00004ad3        0x1 ff
 .rodata.simConfig_BOARD_BootClockRUN
                0x00004ad4        0x8 ./board/src/clock_config.o
                0x00004ad4                simConfig_BOARD_BootClockRUN
 .rodata.oscConfig_BOARD_BootClockRUN
                0x00004adc        0x8 ./board/src/clock_config.o
                0x00004adc                oscConfig_BOARD_BootClockRUN
 .rodata.__num_Ciob_streams
                0x00004ae4        0x4 c:/nxp/mcuxpressoide_11.1.0_3209/ide/plugins/com.nxp.mcuxpresso.tools.win32_11.1.0.201909161352/tools/bin/../lib/gcc/arm-none-eabi/8.3.1/../../../../arm-none-eabi/lib/thumb/v7e-m+fp/hard\libcr_semihost_nf.a(__ciob.o)
                0x00004ae4                __num_Ciob_streams
 .rodata.__assertion_failed.str1.1
                0x00004ae8       0x15 c:/nxp/mcuxpressoide_11.1.0_3209/ide/plugins/com.nxp.mcuxpresso.tools.win32_11.1.0.201909161352/tools/bin/../lib/gcc/arm-none-eabi/8.3.1/../../../../arm-none-eabi/lib/thumb/v7e-m+fp/hard\libcr_semihost_nf.a(_cr_assert.o)
 .rodata._Csys_alloc.str1.1
                0x00004afd       0x18 c:/nxp/mcuxpressoide_11.1.0_3209/ide/plugins/com.nxp.mcuxpresso.tools.win32_11.1.0.201909161352/tools/bin/../lib/gcc/arm-none-eabi/8.3.1/../../../../arm-none-eabi/lib/thumb/v7e-m+fp/hard\libcr_c.a(alloc.o)
 .rodata._initio.str1.1
                0x00004b15        0x4 c:/nxp/mcuxpressoide_11.1.0_3209/ide/plugins/com.nxp.mcuxpresso.tools.win32_11.1.0.201909161352/tools/bin/../lib/gcc/arm-none-eabi/8.3.1/../../../../arm-none-eabi/lib/thumb/v7e-m+fp/hard\libcr_c.a(initio.o)
 .rodata.__vfprintf.str1.1
                0x00004b19       0x35 c:/nxp/mcuxpressoide_11.1.0_3209/ide/plugins/com.nxp.mcuxpresso.tools.win32_11.1.0.201909161352/tools/bin/../lib/gcc/arm-none-eabi/8.3.1/../../../../arm-none-eabi/lib/thumb/v7e-m+fp/hard\libcr_c.a(printf.o)
                                 0x38 (size before relaxing)
 .rodata.__ctype
                0x00004b4e      0x180 c:/nxp/mcuxpressoide_11.1.0_3209/ide/plugins/com.nxp.mcuxpresso.tools.win32_11.1.0.201909161352/tools/bin/../lib/gcc/arm-none-eabi/8.3.1/../../../../arm-none-eabi/lib/thumb/v7e-m+fp/hard\libcr_c.a(ctype.o)
                0x00004b4e                __ctype
                0x00004cd0                . = ALIGN (0x8)
 *fill*         0x00004cce        0x2 ff

.glue_7         0x00004cd0        0x0
 .glue_7        0x00004cd0        0x0 linker stubs

.glue_7t        0x00004cd0        0x0
 .glue_7t       0x00004cd0        0x0 linker stubs

.vfp11_veneer   0x00004cd0        0x0
 .vfp11_veneer  0x00004cd0        0x0 linker stubs

.v4_bx          0x00004cd0        0x0
 .v4_bx         0x00004cd0        0x0 linker stubs

.iplt           0x00004cd0        0x0
 .iplt          0x00004cd0        0x0 ./utilities/fsl_debug_console.o

.rel.dyn        0x00004cd0        0x0
 .rel.iplt      0x00004cd0        0x0 ./utilities/fsl_debug_console.o

.ARM.extab
 *(SORT_BY_ALIGNMENT(.ARM.extab*) SORT_BY_ALIGNMENT(.gnu.linkonce.armextab.*))
                0x00004cd0                __exidx_start = .

.ARM.exidx
 *(SORT_BY_ALIGNMENT(.ARM.exidx*) SORT_BY_ALIGNMENT(.gnu.linkonce.armexidx.*))
                0x00004cd0                __exidx_end = .
                0x00004cd0                _etext = .

.m_usb_data
 *(SORT_BY_ALIGNMENT(m_usb_bdt))

.data_RAM2      0x1fff0000        0x0 load address 0x00004cd0
 FILL mask 0xff
                [!provide]                PROVIDE (__start_data_RAM2 = .)
                [!provide]                PROVIDE (__start_data_SRAM_LOWER = .)
 *(SORT_BY_ALIGNMENT(.ramfunc.$RAM2))
 *(SORT_BY_ALIGNMENT(.ramfunc.$SRAM_LOWER))
 *(SORT_BY_ALIGNMENT(.data.$RAM2))
 *(SORT_BY_ALIGNMENT(.data.$SRAM_LOWER))
 *(SORT_BY_ALIGNMENT(.data.$RAM2.*))
 *(SORT_BY_ALIGNMENT(.data.$SRAM_LOWER.*))
                0x1fff0000                . = ALIGN (0x8)
                [!provide]                PROVIDE (__end_data_RAM2 = .)
                [!provide]                PROVIDE (__end_data_SRAM_LOWER = .)

.data_RAM3      0x14000000        0x0 load address 0x00004cd0
 FILL mask 0xff
                [!provide]                PROVIDE (__start_data_RAM3 = .)
                [!provide]                PROVIDE (__start_data_FLEX_RAM = .)
 *(SORT_BY_ALIGNMENT(.ramfunc.$RAM3))
 *(SORT_BY_ALIGNMENT(.ramfunc.$FLEX_RAM))
 *(SORT_BY_ALIGNMENT(.data.$RAM3))
 *(SORT_BY_ALIGNMENT(.data.$FLEX_RAM))
 *(SORT_BY_ALIGNMENT(.data.$RAM3.*))
 *(SORT_BY_ALIGNMENT(.data.$FLEX_RAM.*))
                0x14000000                . = ALIGN (0x8)
                [!provide]                PROVIDE (__end_data_RAM3 = .)
                [!provide]                PROVIDE (__end_data_FLEX_RAM = .)

.uninit_RESERVED
                0x20000000        0x0
                0x20000000                _start_uninit_RESERVED = .
 *(SORT_BY_ALIGNMENT(.bss.$RESERVED*))
                0x20000000                . = ALIGN (0x8)
                0x20000000                _end_uninit_RESERVED = .

.data           0x20000000       0x18 load address 0x00004cd0
 FILL mask 0xff
                0x20000000                _data = .
                [!provide]                PROVIDE (__start_data_RAM = .)
                [!provide]                PROVIDE (__start_data_SRAM_UPPER = .)
 *(SORT_BY_ALIGNMENT(vtable))
 *(SORT_BY_ALIGNMENT(.ramfunc*))
 *(SORT_BY_ALIGNMENT(CodeQuickAccess))
 *(SORT_BY_ALIGNMENT(DataQuickAccess))
 *(SORT_BY_ALIGNMENT(RamFunction))
 *(SORT_BY_ALIGNMENT(.data*))
 .data.s_slowIrcFreq
                0x20000000        0x4 ./drivers/fsl_clock.o
 .data.s_fastIrcFreq
                0x20000004        0x4 ./drivers/fsl_clock.o
 .data.SystemCoreClock
                0x20000008        0x4 ./CMSIS/system_MK64F12.o
                0x20000008                SystemCoreClock
 .data.neginf.5721
                0x2000000c        0x4 c:/nxp/mcuxpressoide_11.1.0_3209/ide/plugins/com.nxp.mcuxpresso.tools.win32_11.1.0.201909161352/tools/bin/../lib/gcc/arm-none-eabi/8.3.1/../../../../arm-none-eabi/lib/thumb/v7e-m+fp/hard\libcr_c.a(scanf.o)
 .data.posinf.5720
                0x20000010        0x4 c:/nxp/mcuxpressoide_11.1.0_3209/ide/plugins/com.nxp.mcuxpresso.tools.win32_11.1.0.201909161352/tools/bin/../lib/gcc/arm-none-eabi/8.3.1/../../../../arm-none-eabi/lib/thumb/v7e-m+fp/hard\libcr_c.a(scanf.o)
                0x20000018                . = ALIGN (0x8)
 *fill*         0x20000014        0x4 ff
                0x20000018                _edata = .
                [!provide]                PROVIDE (__end_data_RAM = .)
                [!provide]                PROVIDE (__end_data_SRAM_UPPER = .)

.igot.plt       0x20000018        0x0 load address 0x00004ce8
 .igot.plt      0x20000018        0x0 ./utilities/fsl_debug_console.o

.bss_RAM2       0x1fff0000        0x0
                [!provide]                PROVIDE (__start_bss_RAM2 = .)
                [!provide]                PROVIDE (__start_bss_SRAM_LOWER = .)
 *(SORT_BY_ALIGNMENT(.bss.$RAM2))
 *(SORT_BY_ALIGNMENT(.bss.$SRAM_LOWER))
 *(SORT_BY_ALIGNMENT(.bss.$RAM2.*))
 *(SORT_BY_ALIGNMENT(.bss.$SRAM_LOWER.*))
                0x1fff0000                . = ALIGN ((. != 0x0)?0x8:0x1)
                [!provide]                PROVIDE (__end_bss_RAM2 = .)
                [!provide]                PROVIDE (__end_bss_SRAM_LOWER = .)

.bss_RAM3       0x14000000        0x0
                [!provide]                PROVIDE (__start_bss_RAM3 = .)
                [!provide]                PROVIDE (__start_bss_FLEX_RAM = .)
 *(SORT_BY_ALIGNMENT(.bss.$RAM3))
 *(SORT_BY_ALIGNMENT(.bss.$FLEX_RAM))
 *(SORT_BY_ALIGNMENT(.bss.$RAM3.*))
 *(SORT_BY_ALIGNMENT(.bss.$FLEX_RAM.*))
                0x14000000                . = ALIGN ((. != 0x0)?0x8:0x1)
                [!provide]                PROVIDE (__end_bss_RAM3 = .)
                [!provide]                PROVIDE (__end_bss_FLEX_RAM = .)

.bss            0x20000018       0xf0
                0x20000018                _bss = .
                [!provide]                PROVIDE (__start_bss_RAM = .)
                [!provide]                PROVIDE (__start_bss_SRAM_UPPER = .)
 *(SORT_BY_ALIGNMENT(.bss*))
 .bss.s_debugConsoleIO
                0x20000018        0x8 ./utilities/fsl_io.o
 .bss.g_systickCounter
                0x20000020        0x4 ./source/led_blinky.o
                0x20000020                g_systickCounter
 .bss.g_xtal0Freq
                0x20000024        0x4 ./drivers/fsl_clock.o
                0x20000024                g_xtal0Freq
 .bss.g_xtal32Freq
                0x20000028        0x4 ./drivers/fsl_clock.o
                0x20000028                g_xtal32Freq
 .bss.s_uartHandle
                0x2000002c       0x18 ./drivers/fsl_uart.o
 .bss.s_uartIsr
                0x20000044        0x4 ./drivers/fsl_uart.o
 .bss.__Ciob    0x20000048       0xb4 c:/nxp/mcuxpressoide_11.1.0_3209/ide/plugins/com.nxp.mcuxpresso.tools.win32_11.1.0.201909161352/tools/bin/../lib/gcc/arm-none-eabi/8.3.1/../../../../arm-none-eabi/lib/thumb/v7e-m+fp/hard\libcr_semihost_nf.a(__ciob.o)
                0x20000048                __Ciob
 .bss.__end_of_heap
                0x200000fc        0x4 c:/nxp/mcuxpressoide_11.1.0_3209/ide/plugins/com.nxp.mcuxpresso.tools.win32_11.1.0.201909161352/tools/bin/../lib/gcc/arm-none-eabi/8.3.1/../../../../arm-none-eabi/lib/thumb/v7e-m+fp/hard\libcr_c.a(__init_alloc.o)
                0x200000fc                __end_of_heap
 .bss.__heaps   0x20000100        0x4 c:/nxp/mcuxpressoide_11.1.0_3209/ide/plugins/com.nxp.mcuxpresso.tools.win32_11.1.0.201909161352/tools/bin/../lib/gcc/arm-none-eabi/8.3.1/../../../../arm-none-eabi/lib/thumb/v7e-m+fp/hard\libcr_c.a(__init_alloc.o)
                0x20000100                __heaps
 .bss.errno     0x20000104        0x4 c:/nxp/mcuxpressoide_11.1.0_3209/ide/plugins/com.nxp.mcuxpresso.tools.win32_11.1.0.201909161352/tools/bin/../lib/gcc/arm-none-eabi/8.3.1/../../../../arm-none-eabi/lib/thumb/v7e-m+fp/hard\libcr_c.a(errno.o)
                0x20000104                errno
 *(SORT_BY_ALIGNMENT(COMMON))
                0x20000108                . = ALIGN (0x8)
                0x20000108                _ebss = .
                [!provide]                PROVIDE (__end_bss_RAM = .)
                [!provide]                PROVIDE (__end_bss_SRAM_UPPER = .)
                [!provide]                PROVIDE (end = .)

.noinit_RAM2    0x1fff0000        0x0
                [!provide]                PROVIDE (__start_noinit_RAM2 = .)
                [!provide]                PROVIDE (__start_noinit_SRAM_LOWER = .)
 *(SORT_BY_ALIGNMENT(.noinit.$RAM2))
 *(SORT_BY_ALIGNMENT(.noinit.$SRAM_LOWER))
 *(SORT_BY_ALIGNMENT(.noinit.$RAM2.*))
 *(SORT_BY_ALIGNMENT(.noinit.$SRAM_LOWER.*))
                0x1fff0000                . = ALIGN (0x8)
                [!provide]                PROVIDE (__end_noinit_RAM2 = .)
                [!provide]                PROVIDE (__end_noinit_SRAM_LOWER = .)

.noinit_RAM3    0x14000000        0x0
                [!provide]                PROVIDE (__start_noinit_RAM3 = .)
                [!provide]                PROVIDE (__start_noinit_FLEX_RAM = .)
 *(SORT_BY_ALIGNMENT(.noinit.$RAM3))
 *(SORT_BY_ALIGNMENT(.noinit.$FLEX_RAM))
 *(SORT_BY_ALIGNMENT(.noinit.$RAM3.*))
 *(SORT_BY_ALIGNMENT(.noinit.$FLEX_RAM.*))
                0x14000000                . = ALIGN (0x8)
                [!provide]                PROVIDE (__end_noinit_RAM3 = .)
                [!provide]                PROVIDE (__end_noinit_FLEX_RAM = .)

.noinit         0x20000108        0x0
                0x20000108                _noinit = .
                [!provide]                PROVIDE (__start_noinit_RAM = .)
                [!provide]                PROVIDE (__start_noinit_SRAM_UPPER = .)
 *(SORT_BY_ALIGNMENT(.noinit*))
                0x20000108                . = ALIGN (0x8)
                0x20000108                _end_noinit = .
                [!provide]                PROVIDE (__end_noinit_RAM = .)
                [!provide]                PROVIDE (__end_noinit_SRAM_UPPER = .)
                0x00001000                _HeapSize = 0x1000

.heap           0x20000108     0x1000
                0x20000108                _pvHeapStart = .
                0x20001108                . = (. + _HeapSize)
 *fill*         0x20000108     0x1000 
                0x20001108                . = ALIGN (0x8)
                0x20001108                _pvHeapLimit = .
                0x00001000                _StackSize = 0x1000

.heap2stackfill
                0x20001108     0x1000
                0x20002108                . = (. + _StackSize)
 *fill*         0x20001108     0x1000 

.stack          0x2002f000        0x0
                0x2002f000                _vStackBase = .
                0x2002f000                . = ALIGN (0x8)
                0x20030000                _vStackTop = (. + _StackSize)
                0x00000000                _image_start = LOADADDR (.text)
                0x00004ce8                _image_end = (LOADADDR (.data) + SIZEOF (.data))
                0x00004ce8                _image_size = (_image_end - _image_start)
OUTPUT(frdmk64f_led_blinky.axf elf32-littlearm)

.debug_info     0x00000000     0x8624
 .debug_info    0x00000000      0x2de ./utilities/fsl_debug_console.o
 .debug_info    0x000002de      0x87d ./utilities/fsl_io.o
 .debug_info    0x00000b5b      0x35f ./utilities/fsl_log.o
 .debug_info    0x00000eba      0x92a ./startup/startup_mk64f12.o
 .debug_info    0x000017e4      0xeb5 ./source/led_blinky.o
 .debug_info    0x00002699       0x38 ./source/semihost_hardfault.o
 .debug_info    0x000026d1     0x2015 ./drivers/fsl_clock.o
 .debug_info    0x000046e6      0x654 ./drivers/fsl_gpio.o
 .debug_info    0x00004d3a     0x1aec ./drivers/fsl_uart.o
 .debug_info    0x00006826      0x780 ./board/src/board.o
 .debug_info    0x00006fa6      0xb27 ./board/src/clock_config.o
 .debug_info    0x00007acd      0x4ca ./board/pin_mux.o
 .debug_info    0x00007f97      0x68d ./CMSIS/system_MK64F12.o

.debug_abbrev   0x00000000     0x1813
 .debug_abbrev  0x00000000      0x116 ./utilities/fsl_debug_console.o
 .debug_abbrev  0x00000116      0x24b ./utilities/fsl_io.o
 .debug_abbrev  0x00000361      0x19b ./utilities/fsl_log.o
 .debug_abbrev  0x000004fc      0x177 ./startup/startup_mk64f12.o
 .debug_abbrev  0x00000673      0x276 ./source/led_blinky.o
 .debug_abbrev  0x000008e9       0x2e ./source/semihost_hardfault.o
 .debug_abbrev  0x00000917      0x362 ./drivers/fsl_clock.o
 .debug_abbrev  0x00000c79      0x1cf ./drivers/fsl_gpio.o
 .debug_abbrev  0x00000e48      0x342 ./drivers/fsl_uart.o
 .debug_abbrev  0x0000118a      0x177 ./board/src/board.o
 .debug_abbrev  0x00001301      0x21d ./board/src/clock_config.o
 .debug_abbrev  0x0000151e      0x188 ./board/pin_mux.o
 .debug_abbrev  0x000016a6      0x16d ./CMSIS/system_MK64F12.o

.debug_aranges  0x00000000      0x8e0
 .debug_aranges
                0x00000000       0x30 ./utilities/fsl_debug_console.o
 .debug_aranges
                0x00000030       0x48 ./utilities/fsl_io.o
 .debug_aranges
                0x00000078       0x58 ./utilities/fsl_log.o
 .debug_aranges
                0x000000d0      0x330 ./startup/startup_mk64f12.o
 .debug_aranges
                0x00000400       0x48 ./source/led_blinky.o
 .debug_aranges
                0x00000448       0x20 ./source/semihost_hardfault.o
 .debug_aranges
                0x00000468      0x1e8 ./drivers/fsl_clock.o
 .debug_aranges
                0x00000650       0x48 ./drivers/fsl_gpio.o
 .debug_aranges
                0x00000698      0x170 ./drivers/fsl_uart.o
 .debug_aranges
                0x00000808       0x20 ./board/src/board.o
 .debug_aranges
                0x00000828       0x50 ./board/src/clock_config.o
 .debug_aranges
                0x00000878       0x38 ./board/pin_mux.o
 .debug_aranges
                0x000008b0       0x30 ./CMSIS/system_MK64F12.o

.debug_ranges   0x00000000      0x810
 .debug_ranges  0x00000000       0x20 ./utilities/fsl_debug_console.o
 .debug_ranges  0x00000020       0x38 ./utilities/fsl_io.o
 .debug_ranges  0x00000058       0x48 ./utilities/fsl_log.o
 .debug_ranges  0x000000a0      0x320 ./startup/startup_mk64f12.o
 .debug_ranges  0x000003c0       0x38 ./source/led_blinky.o
 .debug_ranges  0x000003f8       0x10 ./source/semihost_hardfault.o
 .debug_ranges  0x00000408      0x1d8 ./drivers/fsl_clock.o
 .debug_ranges  0x000005e0       0x38 ./drivers/fsl_gpio.o
 .debug_ranges  0x00000618      0x160 ./drivers/fsl_uart.o
 .debug_ranges  0x00000778       0x10 ./board/src/board.o
 .debug_ranges  0x00000788       0x40 ./board/src/clock_config.o
 .debug_ranges  0x000007c8       0x28 ./board/pin_mux.o
 .debug_ranges  0x000007f0       0x20 ./CMSIS/system_MK64F12.o

.debug_line     0x00000000     0x4527
 .debug_line    0x00000000      0x203 ./utilities/fsl_debug_console.o
 .debug_line    0x00000203      0x318 ./utilities/fsl_io.o
 .debug_line    0x0000051b      0x322 ./utilities/fsl_log.o
 .debug_line    0x0000083d      0x910 ./startup/startup_mk64f12.o
 .debug_line    0x0000114d      0x312 ./source/led_blinky.o
 .debug_line    0x0000145f       0x5a ./source/semihost_hardfault.o
 .debug_line    0x000014b9     0x1343 ./drivers/fsl_clock.o
 .debug_line    0x000027fc      0x2b6 ./drivers/fsl_gpio.o
 .debug_line    0x00002ab2     0x10b1 ./drivers/fsl_uart.o
 .debug_line    0x00003b63      0x1cb ./board/src/board.o
 .debug_line    0x00003d2e      0x2af ./board/src/clock_config.o
 .debug_line    0x00003fdd      0x221 ./board/pin_mux.o
 .debug_line    0x000041fe      0x329 ./CMSIS/system_MK64F12.o

.debug_str      0x00000000     0x4317
 .debug_str     0x00000000      0x3d3 ./utilities/fsl_debug_console.o
                                0x414 (size before relaxing)
 .debug_str     0x000003d3      0x9e9 ./utilities/fsl_io.o
                                0xd0f (size before relaxing)
 .debug_str     0x00000dbc       0x85 ./utilities/fsl_log.o
                                0x3ca (size before relaxing)
 .debug_str     0x00000e41      0x7ed ./startup/startup_mk64f12.o
                                0x95f (size before relaxing)
 .debug_str     0x0000162e      0xbe8 ./source/led_blinky.o
                               0x1335 (size before relaxing)
 .debug_str     0x00002216       0x1f ./source/semihost_hardfault.o
                                0x181 (size before relaxing)
 .debug_str     0x00002235     0x119d ./drivers/fsl_clock.o
                               0x1d35 (size before relaxing)
 .debug_str     0x000033d2       0xe9 ./drivers/fsl_gpio.o
                                0x96d (size before relaxing)
 .debug_str     0x000034bb      0x9f2 ./drivers/fsl_uart.o
                               0x1e91 (size before relaxing)
 .debug_str     0x00003ead       0x3b ./board/src/board.o
                                0x77b (size before relaxing)
 .debug_str     0x00003ee8      0x226 ./board/src/clock_config.o
                                0xefe (size before relaxing)
 .debug_str     0x0000410e      0x14d ./board/pin_mux.o
                                0x693 (size before relaxing)
 .debug_str     0x0000425b       0xbc ./CMSIS/system_MK64F12.o
                                0x42a (size before relaxing)

.comment        0x00000000       0xeb
 .comment       0x00000000       0x75 ./utilities/fsl_debug_console.o
                                 0x76 (size before relaxing)
 .comment       0x00000075       0x76 ./utilities/fsl_io.o
 .comment       0x00000075       0x76 ./utilities/fsl_log.o
 .comment       0x00000075       0x76 ./startup/startup_mk64f12.o
 .comment       0x00000075       0x76 ./source/led_blinky.o
                                 0x77 (size before relaxing)
 .comment       0x000000eb       0x76 ./source/semihost_hardfault.o
 .comment       0x000000eb       0x76 ./drivers/fsl_clock.o
 .comment       0x000000eb       0x76 ./drivers/fsl_gpio.o
 .comment       0x000000eb       0x76 ./drivers/fsl_uart.o
 .comment       0x000000eb       0x76 ./board/src/board.o
 .comment       0x000000eb       0x76 ./board/src/clock_config.o
 .comment       0x000000eb       0x76 ./board/pin_mux.o
 .comment       0x000000eb       0x76 ./CMSIS/system_MK64F12.o
 .comment       0x000000eb       0x77 c:/nxp/mcuxpressoide_11.1.0_3209/ide/plugins/com.nxp.mcuxpresso.tools.win32_11.1.0.201909161352/tools/bin/../lib/gcc/arm-none-eabi/8.3.1/../../../../arm-none-eabi/lib/thumb/v7e-m+fp/hard\libcr_semihost_nf.a(_cr__main.o)
 .comment       0x000000eb       0x77 c:/nxp/mcuxpressoide_11.1.0_3209/ide/plugins/com.nxp.mcuxpresso.tools.win32_11.1.0.201909161352/tools/bin/../lib/gcc/arm-none-eabi/8.3.1/../../../../arm-none-eabi/lib/thumb/v7e-m+fp/hard\libcr_semihost_nf.a(_cr_assert.o)
 .comment       0x000000eb       0x77 c:/nxp/mcuxpressoide_11.1.0_3209/ide/plugins/com.nxp.mcuxpresso.tools.win32_11.1.0.201909161352/tools/bin/../lib/gcc/arm-none-eabi/8.3.1/../../../../arm-none-eabi/lib/thumb/v7e-m+fp/hard\libcr_semihost_nf.a(__ciob.o)
 .comment       0x000000eb       0x77 c:/nxp/mcuxpressoide_11.1.0_3209/ide/plugins/com.nxp.mcuxpresso.tools.win32_11.1.0.201909161352/tools/bin/../lib/gcc/arm-none-eabi/8.3.1/../../../../arm-none-eabi/lib/thumb/v7e-m+fp/hard\libcr_c.a(memset.o)
 .comment       0x000000eb       0x77 c:/nxp/mcuxpressoide_11.1.0_3209/ide/plugins/com.nxp.mcuxpresso.tools.win32_11.1.0.201909161352/tools/bin/../lib/gcc/arm-none-eabi/8.3.1/../../../../arm-none-eabi/lib/thumb/v7e-m+fp/hard\libcr_c.a(_deferredlazyseek.o)
 .comment       0x000000eb       0x77 c:/nxp/mcuxpressoide_11.1.0_3209/ide/plugins/com.nxp.mcuxpresso.tools.win32_11.1.0.201909161352/tools/bin/../lib/gcc/arm-none-eabi/8.3.1/../../../../arm-none-eabi/lib/thumb/v7e-m+fp/hard\libcr_c.a(_fflush.o)
 .comment       0x000000eb       0x77 c:/nxp/mcuxpressoide_11.1.0_3209/ide/plugins/com.nxp.mcuxpresso.tools.win32_11.1.0.201909161352/tools/bin/../lib/gcc/arm-none-eabi/8.3.1/../../../../arm-none-eabi/lib/thumb/v7e-m+fp/hard\libcr_c.a(_writebuf.o)
 .comment       0x000000eb       0x77 c:/nxp/mcuxpressoide_11.1.0_3209/ide/plugins/com.nxp.mcuxpresso.tools.win32_11.1.0.201909161352/tools/bin/../lib/gcc/arm-none-eabi/8.3.1/../../../../arm-none-eabi/lib/thumb/v7e-m+fp/hard\libcr_c.a(alloc.o)
 .comment       0x000000eb       0x77 c:/nxp/mcuxpressoide_11.1.0_3209/ide/plugins/com.nxp.mcuxpresso.tools.win32_11.1.0.201909161352/tools/bin/../lib/gcc/arm-none-eabi/8.3.1/../../../../arm-none-eabi/lib/thumb/v7e-m+fp/hard\libcr_c.a(fputs.o)
 .comment       0x000000eb       0x77 c:/nxp/mcuxpressoide_11.1.0_3209/ide/plugins/com.nxp.mcuxpresso.tools.win32_11.1.0.201909161352/tools/bin/../lib/gcc/arm-none-eabi/8.3.1/../../../../arm-none-eabi/lib/thumb/v7e-m+fp/hard\libcr_c.a(fseek.o)
 .comment       0x000000eb       0x77 c:/nxp/mcuxpressoide_11.1.0_3209/ide/plugins/com.nxp.mcuxpresso.tools.win32_11.1.0.201909161352/tools/bin/../lib/gcc/arm-none-eabi/8.3.1/../../../../arm-none-eabi/lib/thumb/v7e-m+fp/hard\libcr_c.a(ftell.o)
 .comment       0x000000eb       0x77 c:/nxp/mcuxpressoide_11.1.0_3209/ide/plugins/com.nxp.mcuxpresso.tools.win32_11.1.0.201909161352/tools/bin/../lib/gcc/arm-none-eabi/8.3.1/../../../../arm-none-eabi/lib/thumb/v7e-m+fp/hard\libcr_c.a(initio.o)
 .comment       0x000000eb       0x77 c:/nxp/mcuxpressoide_11.1.0_3209/ide/plugins/com.nxp.mcuxpresso.tools.win32_11.1.0.201909161352/tools/bin/../lib/gcc/arm-none-eabi/8.3.1/../../../../arm-none-eabi/lib/thumb/v7e-m+fp/hard\libcr_c.a(printf.o)
 .comment       0x000000eb       0x77 c:/nxp/mcuxpressoide_11.1.0_3209/ide/plugins/com.nxp.mcuxpresso.tools.win32_11.1.0.201909161352/tools/bin/../lib/gcc/arm-none-eabi/8.3.1/../../../../arm-none-eabi/lib/thumb/v7e-m+fp/hard\libcr_c.a(scanf.o)
 .comment       0x000000eb       0x77 c:/nxp/mcuxpressoide_11.1.0_3209/ide/plugins/com.nxp.mcuxpresso.tools.win32_11.1.0.201909161352/tools/bin/../lib/gcc/arm-none-eabi/8.3.1/../../../../arm-none-eabi/lib/thumb/v7e-m+fp/hard\libcr_c.a(setvbuf.o)
 .comment       0x000000eb       0x77 c:/nxp/mcuxpressoide_11.1.0_3209/ide/plugins/com.nxp.mcuxpresso.tools.win32_11.1.0.201909161352/tools/bin/../lib/gcc/arm-none-eabi/8.3.1/../../../../arm-none-eabi/lib/thumb/v7e-m+fp/hard\libcr_c.a(strlen.o)
 .comment       0x000000eb       0x77 c:/nxp/mcuxpressoide_11.1.0_3209/ide/plugins/com.nxp.mcuxpresso.tools.win32_11.1.0.201909161352/tools/bin/../lib/gcc/arm-none-eabi/8.3.1/../../../../arm-none-eabi/lib/thumb/v7e-m+fp/hard\libcr_c.a(ungetc.o)
 .comment       0x000000eb       0x77 c:/nxp/mcuxpressoide_11.1.0_3209/ide/plugins/com.nxp.mcuxpresso.tools.win32_11.1.0.201909161352/tools/bin/../lib/gcc/arm-none-eabi/8.3.1/../../../../arm-none-eabi/lib/thumb/v7e-m+fp/hard\libcr_c.a(__fillbuf.o)
 .comment       0x000000eb       0x77 c:/nxp/mcuxpressoide_11.1.0_3209/ide/plugins/com.nxp.mcuxpresso.tools.win32_11.1.0.201909161352/tools/bin/../lib/gcc/arm-none-eabi/8.3.1/../../../../arm-none-eabi/lib/thumb/v7e-m+fp/hard\libcr_c.a(__init_alloc.o)
 .comment       0x000000eb       0x77 c:/nxp/mcuxpressoide_11.1.0_3209/ide/plugins/com.nxp.mcuxpresso.tools.win32_11.1.0.201909161352/tools/bin/../lib/gcc/arm-none-eabi/8.3.1/../../../../arm-none-eabi/lib/thumb/v7e-m+fp/hard\libcr_c.a(_cr_sbrk.o)
 .comment       0x000000eb       0x77 c:/nxp/mcuxpressoide_11.1.0_3209/ide/plugins/com.nxp.mcuxpresso.tools.win32_11.1.0.201909161352/tools/bin/../lib/gcc/arm-none-eabi/8.3.1/../../../../arm-none-eabi/lib/thumb/v7e-m+fp/hard\libcr_c.a(_fdopen.o)
 .comment       0x000000eb       0x77 c:/nxp/mcuxpressoide_11.1.0_3209/ide/plugins/com.nxp.mcuxpresso.tools.win32_11.1.0.201909161352/tools/bin/../lib/gcc/arm-none-eabi/8.3.1/../../../../arm-none-eabi/lib/thumb/v7e-m+fp/hard\libcr_c.a(_frexpl.o)
 .comment       0x000000eb       0x77 c:/nxp/mcuxpressoide_11.1.0_3209/ide/plugins/com.nxp.mcuxpresso.tools.win32_11.1.0.201909161352/tools/bin/../lib/gcc/arm-none-eabi/8.3.1/../../../../arm-none-eabi/lib/thumb/v7e-m+fp/hard\libcr_c.a(_ldexpl.o)
 .comment       0x000000eb       0x77 c:/nxp/mcuxpressoide_11.1.0_3209/ide/plugins/com.nxp.mcuxpresso.tools.win32_11.1.0.201909161352/tools/bin/../lib/gcc/arm-none-eabi/8.3.1/../../../../arm-none-eabi/lib/thumb/v7e-m+fp/hard\libcr_c.a(ctype.o)
 .comment       0x000000eb       0x77 c:/nxp/mcuxpressoide_11.1.0_3209/ide/plugins/com.nxp.mcuxpresso.tools.win32_11.1.0.201909161352/tools/bin/../lib/gcc/arm-none-eabi/8.3.1/../../../../arm-none-eabi/lib/thumb/v7e-m+fp/hard\libcr_c.a(errno.o)
 .comment       0x000000eb       0x77 c:/nxp/mcuxpressoide_11.1.0_3209/ide/plugins/com.nxp.mcuxpresso.tools.win32_11.1.0.201909161352/tools/bin/../lib/gcc/arm-none-eabi/8.3.1/../../../../arm-none-eabi/lib/thumb/v7e-m+fp/hard\libcr_c.a(fclose.o)
 .comment       0x000000eb       0x77 c:/nxp/mcuxpressoide_11.1.0_3209/ide/plugins/com.nxp.mcuxpresso.tools.win32_11.1.0.201909161352/tools/bin/../lib/gcc/arm-none-eabi/8.3.1/../../../../arm-none-eabi/lib/thumb/v7e-m+fp/hard\libcr_c.a(fflush.o)
 .comment       0x000000eb       0x77 c:/nxp/mcuxpressoide_11.1.0_3209/ide/plugins/com.nxp.mcuxpresso.tools.win32_11.1.0.201909161352/tools/bin/../lib/gcc/arm-none-eabi/8.3.1/../../../../arm-none-eabi/lib/thumb/v7e-m+fp/hard\libcr_c.a(remove.o)
 .comment       0x000000eb       0x77 c:/nxp/mcuxpressoide_11.1.0_3209/ide/plugins/com.nxp.mcuxpresso.tools.win32_11.1.0.201909161352/tools/bin/../lib/gcc/arm-none-eabi/8.3.1/../../../../arm-none-eabi/lib/thumb/v7e-m+fp/hard\libcr_c.a(_cr_check_heap.o)
 .comment       0x000000eb       0x77 c:/nxp/mcuxpressoide_11.1.0_3209/ide/plugins/com.nxp.mcuxpresso.tools.win32_11.1.0.201909161352/tools/bin/../lib/gcc/arm-none-eabi/8.3.1/../../../../arm-none-eabi/lib/thumb/v7e-m+fp/hard\libcr_c.a(_do_fflush.o)
 .comment       0x000000eb       0x77 c:/nxp/mcuxpressoide_11.1.0_3209/ide/plugins/com.nxp.mcuxpresso.tools.win32_11.1.0.201909161352/tools/bin/../lib/gcc/arm-none-eabi/8.3.1/thumb/v7e-m+fp/hard\libcr_eabihelpers.a(double.o)

.ARM.attributes
                0x00000000       0x32
 .ARM.attributes
                0x00000000       0x34 ./utilities/fsl_debug_console.o
 .ARM.attributes
                0x00000034       0x34 ./utilities/fsl_io.o
 .ARM.attributes
                0x00000068       0x34 ./utilities/fsl_log.o
 .ARM.attributes
                0x0000009c       0x34 ./startup/startup_mk64f12.o
 .ARM.attributes
                0x000000d0       0x34 ./source/led_blinky.o
 .ARM.attributes
                0x00000104       0x34 ./source/semihost_hardfault.o
 .ARM.attributes
                0x00000138       0x34 ./drivers/fsl_clock.o
 .ARM.attributes
                0x0000016c       0x34 ./drivers/fsl_gpio.o
 .ARM.attributes
                0x000001a0       0x34 ./drivers/fsl_uart.o
 .ARM.attributes
                0x000001d4       0x34 ./board/src/board.o
 .ARM.attributes
                0x00000208       0x34 ./board/src/clock_config.o
 .ARM.attributes
                0x0000023c       0x34 ./board/pin_mux.o
 .ARM.attributes
                0x00000270       0x34 ./CMSIS/system_MK64F12.o
 .ARM.attributes
                0x000002a4       0x34 c:/nxp/mcuxpressoide_11.1.0_3209/ide/plugins/com.nxp.mcuxpresso.tools.win32_11.1.0.201909161352/tools/bin/../lib/gcc/arm-none-eabi/8.3.1/../../../../arm-none-eabi/lib/thumb/v7e-m+fp/hard\libcr_semihost_nf.a(_cr__main.o)
 .ARM.attributes
                0x000002d8       0x34 c:/nxp/mcuxpressoide_11.1.0_3209/ide/plugins/com.nxp.mcuxpresso.tools.win32_11.1.0.201909161352/tools/bin/../lib/gcc/arm-none-eabi/8.3.1/../../../../arm-none-eabi/lib/thumb/v7e-m+fp/hard\libcr_semihost_nf.a(_cr_assert.o)
 .ARM.attributes
                0x0000030c       0x39 c:/nxp/mcuxpressoide_11.1.0_3209/ide/plugins/com.nxp.mcuxpresso.tools.win32_11.1.0.201909161352/tools/bin/../lib/gcc/arm-none-eabi/8.3.1/../../../../arm-none-eabi/lib/thumb/v7e-m+fp/hard\libcr_semihost_nf.a(__ciob.o)
 .ARM.attributes
                0x00000345       0x20 c:/nxp/mcuxpressoide_11.1.0_3209/ide/plugins/com.nxp.mcuxpresso.tools.win32_11.1.0.201909161352/tools/bin/../lib/gcc/arm-none-eabi/8.3.1/../../../../arm-none-eabi/lib/thumb/v7e-m+fp/hard\libcr_semihost_nf.a(__sys_appexit.o)
 .ARM.attributes
                0x00000365       0x34 c:/nxp/mcuxpressoide_11.1.0_3209/ide/plugins/com.nxp.mcuxpresso.tools.win32_11.1.0.201909161352/tools/bin/../lib/gcc/arm-none-eabi/8.3.1/../../../../arm-none-eabi/lib/thumb/v7e-m+fp/hard\libcr_c.a(memset.o)
 .ARM.attributes
                0x00000399       0x34 c:/nxp/mcuxpressoide_11.1.0_3209/ide/plugins/com.nxp.mcuxpresso.tools.win32_11.1.0.201909161352/tools/bin/../lib/gcc/arm-none-eabi/8.3.1/../../../../arm-none-eabi/lib/thumb/v7e-m+fp/hard\libcr_c.a(_deferredlazyseek.o)
 .ARM.attributes
                0x000003cd       0x34 c:/nxp/mcuxpressoide_11.1.0_3209/ide/plugins/com.nxp.mcuxpresso.tools.win32_11.1.0.201909161352/tools/bin/../lib/gcc/arm-none-eabi/8.3.1/../../../../arm-none-eabi/lib/thumb/v7e-m+fp/hard\libcr_c.a(_fflush.o)
 .ARM.attributes
                0x00000401       0x34 c:/nxp/mcuxpressoide_11.1.0_3209/ide/plugins/com.nxp.mcuxpresso.tools.win32_11.1.0.201909161352/tools/bin/../lib/gcc/arm-none-eabi/8.3.1/../../../../arm-none-eabi/lib/thumb/v7e-m+fp/hard\libcr_c.a(_writebuf.o)
 .ARM.attributes
                0x00000435       0x34 c:/nxp/mcuxpressoide_11.1.0_3209/ide/plugins/com.nxp.mcuxpresso.tools.win32_11.1.0.201909161352/tools/bin/../lib/gcc/arm-none-eabi/8.3.1/../../../../arm-none-eabi/lib/thumb/v7e-m+fp/hard\libcr_c.a(alloc.o)
 .ARM.attributes
                0x00000469       0x34 c:/nxp/mcuxpressoide_11.1.0_3209/ide/plugins/com.nxp.mcuxpresso.tools.win32_11.1.0.201909161352/tools/bin/../lib/gcc/arm-none-eabi/8.3.1/../../../../arm-none-eabi/lib/thumb/v7e-m+fp/hard\libcr_c.a(fputs.o)
 .ARM.attributes
                0x0000049d       0x34 c:/nxp/mcuxpressoide_11.1.0_3209/ide/plugins/com.nxp.mcuxpresso.tools.win32_11.1.0.201909161352/tools/bin/../lib/gcc/arm-none-eabi/8.3.1/../../../../arm-none-eabi/lib/thumb/v7e-m+fp/hard\libcr_c.a(fseek.o)
 .ARM.attributes
                0x000004d1       0x34 c:/nxp/mcuxpressoide_11.1.0_3209/ide/plugins/com.nxp.mcuxpresso.tools.win32_11.1.0.201909161352/tools/bin/../lib/gcc/arm-none-eabi/8.3.1/../../../../arm-none-eabi/lib/thumb/v7e-m+fp/hard\libcr_c.a(ftell.o)
 .ARM.attributes
                0x00000505       0x34 c:/nxp/mcuxpressoide_11.1.0_3209/ide/plugins/com.nxp.mcuxpresso.tools.win32_11.1.0.201909161352/tools/bin/../lib/gcc/arm-none-eabi/8.3.1/../../../../arm-none-eabi/lib/thumb/v7e-m+fp/hard\libcr_c.a(initio.o)
 .ARM.attributes
                0x00000539       0x34 c:/nxp/mcuxpressoide_11.1.0_3209/ide/plugins/com.nxp.mcuxpresso.tools.win32_11.1.0.201909161352/tools/bin/../lib/gcc/arm-none-eabi/8.3.1/../../../../arm-none-eabi/lib/thumb/v7e-m+fp/hard\libcr_c.a(printf.o)
 .ARM.attributes
                0x0000056d       0x34 c:/nxp/mcuxpressoide_11.1.0_3209/ide/plugins/com.nxp.mcuxpresso.tools.win32_11.1.0.201909161352/tools/bin/../lib/gcc/arm-none-eabi/8.3.1/../../../../arm-none-eabi/lib/thumb/v7e-m+fp/hard\libcr_c.a(scanf.o)
 .ARM.attributes
                0x000005a1       0x34 c:/nxp/mcuxpressoide_11.1.0_3209/ide/plugins/com.nxp.mcuxpresso.tools.win32_11.1.0.201909161352/tools/bin/../lib/gcc/arm-none-eabi/8.3.1/../../../../arm-none-eabi/lib/thumb/v7e-m+fp/hard\libcr_c.a(setvbuf.o)
 .ARM.attributes
                0x000005d5       0x34 c:/nxp/mcuxpressoide_11.1.0_3209/ide/plugins/com.nxp.mcuxpresso.tools.win32_11.1.0.201909161352/tools/bin/../lib/gcc/arm-none-eabi/8.3.1/../../../../arm-none-eabi/lib/thumb/v7e-m+fp/hard\libcr_c.a(strlen.o)
 .ARM.attributes
                0x00000609       0x34 c:/nxp/mcuxpressoide_11.1.0_3209/ide/plugins/com.nxp.mcuxpresso.tools.win32_11.1.0.201909161352/tools/bin/../lib/gcc/arm-none-eabi/8.3.1/../../../../arm-none-eabi/lib/thumb/v7e-m+fp/hard\libcr_c.a(ungetc.o)
 .ARM.attributes
                0x0000063d       0x34 c:/nxp/mcuxpressoide_11.1.0_3209/ide/plugins/com.nxp.mcuxpresso.tools.win32_11.1.0.201909161352/tools/bin/../lib/gcc/arm-none-eabi/8.3.1/../../../../arm-none-eabi/lib/thumb/v7e-m+fp/hard\libcr_c.a(__fillbuf.o)
 .ARM.attributes
                0x00000671       0x34 c:/nxp/mcuxpressoide_11.1.0_3209/ide/plugins/com.nxp.mcuxpresso.tools.win32_11.1.0.201909161352/tools/bin/../lib/gcc/arm-none-eabi/8.3.1/../../../../arm-none-eabi/lib/thumb/v7e-m+fp/hard\libcr_c.a(__init_alloc.o)
 .ARM.attributes
                0x000006a5       0x34 c:/nxp/mcuxpressoide_11.1.0_3209/ide/plugins/com.nxp.mcuxpresso.tools.win32_11.1.0.201909161352/tools/bin/../lib/gcc/arm-none-eabi/8.3.1/../../../../arm-none-eabi/lib/thumb/v7e-m+fp/hard\libcr_c.a(_cr_sbrk.o)
 .ARM.attributes
                0x000006d9       0x34 c:/nxp/mcuxpressoide_11.1.0_3209/ide/plugins/com.nxp.mcuxpresso.tools.win32_11.1.0.201909161352/tools/bin/../lib/gcc/arm-none-eabi/8.3.1/../../../../arm-none-eabi/lib/thumb/v7e-m+fp/hard\libcr_c.a(_fdopen.o)
 .ARM.attributes
                0x0000070d       0x34 c:/nxp/mcuxpressoide_11.1.0_3209/ide/plugins/com.nxp.mcuxpresso.tools.win32_11.1.0.201909161352/tools/bin/../lib/gcc/arm-none-eabi/8.3.1/../../../../arm-none-eabi/lib/thumb/v7e-m+fp/hard\libcr_c.a(_frexpl.o)
 .ARM.attributes
                0x00000741       0x34 c:/nxp/mcuxpressoide_11.1.0_3209/ide/plugins/com.nxp.mcuxpresso.tools.win32_11.1.0.201909161352/tools/bin/../lib/gcc/arm-none-eabi/8.3.1/../../../../arm-none-eabi/lib/thumb/v7e-m+fp/hard\libcr_c.a(_ldexpl.o)
 .ARM.attributes
                0x00000775       0x34 c:/nxp/mcuxpressoide_11.1.0_3209/ide/plugins/com.nxp.mcuxpresso.tools.win32_11.1.0.201909161352/tools/bin/../lib/gcc/arm-none-eabi/8.3.1/../../../../arm-none-eabi/lib/thumb/v7e-m+fp/hard\libcr_c.a(ctype.o)
 .ARM.attributes
                0x000007a9       0x39 c:/nxp/mcuxpressoide_11.1.0_3209/ide/plugins/com.nxp.mcuxpresso.tools.win32_11.1.0.201909161352/tools/bin/../lib/gcc/arm-none-eabi/8.3.1/../../../../arm-none-eabi/lib/thumb/v7e-m+fp/hard\libcr_c.a(errno.o)
 .ARM.attributes
                0x000007e2       0x34 c:/nxp/mcuxpressoide_11.1.0_3209/ide/plugins/com.nxp.mcuxpresso.tools.win32_11.1.0.201909161352/tools/bin/../lib/gcc/arm-none-eabi/8.3.1/../../../../arm-none-eabi/lib/thumb/v7e-m+fp/hard\libcr_c.a(fclose.o)
 .ARM.attributes
                0x00000816       0x34 c:/nxp/mcuxpressoide_11.1.0_3209/ide/plugins/com.nxp.mcuxpresso.tools.win32_11.1.0.201909161352/tools/bin/../lib/gcc/arm-none-eabi/8.3.1/../../../../arm-none-eabi/lib/thumb/v7e-m+fp/hard\libcr_c.a(fflush.o)
 .ARM.attributes
                0x0000084a       0x34 c:/nxp/mcuxpressoide_11.1.0_3209/ide/plugins/com.nxp.mcuxpresso.tools.win32_11.1.0.201909161352/tools/bin/../lib/gcc/arm-none-eabi/8.3.1/../../../../arm-none-eabi/lib/thumb/v7e-m+fp/hard\libcr_c.a(remove.o)
 .ARM.attributes
                0x0000087e       0x34 c:/nxp/mcuxpressoide_11.1.0_3209/ide/plugins/com.nxp.mcuxpresso.tools.win32_11.1.0.201909161352/tools/bin/../lib/gcc/arm-none-eabi/8.3.1/../../../../arm-none-eabi/lib/thumb/v7e-m+fp/hard\libcr_c.a(_cr_check_heap.o)
 .ARM.attributes
                0x000008b2       0x34 c:/nxp/mcuxpressoide_11.1.0_3209/ide/plugins/com.nxp.mcuxpresso.tools.win32_11.1.0.201909161352/tools/bin/../lib/gcc/arm-none-eabi/8.3.1/../../../../arm-none-eabi/lib/thumb/v7e-m+fp/hard\libcr_c.a(_do_fflush.o)
 .ARM.attributes
                0x000008e6       0x34 c:/nxp/mcuxpressoide_11.1.0_3209/ide/plugins/com.nxp.mcuxpresso.tools.win32_11.1.0.201909161352/tools/bin/../lib/gcc/arm-none-eabi/8.3.1/thumb/v7e-m+fp/hard\libcr_eabihelpers.a(double.o)
 .ARM.attributes
                0x0000091a       0x20 c:/nxp/mcuxpressoide_11.1.0_3209/ide/plugins/com.nxp.mcuxpresso.tools.win32_11.1.0.201909161352/tools/bin/../lib/gcc/arm-none-eabi/8.3.1/thumb/v7e-m+fp/hard\libcr_eabihelpers.a(memcpy.o)
 .ARM.attributes
                0x0000093a       0x20 c:/nxp/mcuxpressoide_11.1.0_3209/ide/plugins/com.nxp.mcuxpresso.tools.win32_11.1.0.201909161352/tools/bin/../lib/gcc/arm-none-eabi/8.3.1/../../../../arm-none-eabi/lib/thumb/v7e-m+fp/hard\libcr_semihost_nf.a(__sys_close.o)
 .ARM.attributes
                0x0000095a       0x20 c:/nxp/mcuxpressoide_11.1.0_3209/ide/plugins/com.nxp.mcuxpresso.tools.win32_11.1.0.201909161352/tools/bin/../lib/gcc/arm-none-eabi/8.3.1/../../../../arm-none-eabi/lib/thumb/v7e-m+fp/hard\libcr_semihost_nf.a(__sys_flen.o)
 .ARM.attributes
                0x0000097a       0x20 c:/nxp/mcuxpressoide_11.1.0_3209/ide/plugins/com.nxp.mcuxpresso.tools.win32_11.1.0.201909161352/tools/bin/../lib/gcc/arm-none-eabi/8.3.1/../../../../arm-none-eabi/lib/thumb/v7e-m+fp/hard\libcr_semihost_nf.a(__sys_istty.o)
 .ARM.attributes
                0x0000099a       0x20 c:/nxp/mcuxpressoide_11.1.0_3209/ide/plugins/com.nxp.mcuxpresso.tools.win32_11.1.0.201909161352/tools/bin/../lib/gcc/arm-none-eabi/8.3.1/../../../../arm-none-eabi/lib/thumb/v7e-m+fp/hard\libcr_semihost_nf.a(__sys_read.o)
 .ARM.attributes
                0x000009ba       0x20 c:/nxp/mcuxpressoide_11.1.0_3209/ide/plugins/com.nxp.mcuxpresso.tools.win32_11.1.0.201909161352/tools/bin/../lib/gcc/arm-none-eabi/8.3.1/../../../../arm-none-eabi/lib/thumb/v7e-m+fp/hard\libcr_semihost_nf.a(__sys_readc.o)
 .ARM.attributes
                0x000009da       0x20 c:/nxp/mcuxpressoide_11.1.0_3209/ide/plugins/com.nxp.mcuxpresso.tools.win32_11.1.0.201909161352/tools/bin/../lib/gcc/arm-none-eabi/8.3.1/../../../../arm-none-eabi/lib/thumb/v7e-m+fp/hard\libcr_semihost_nf.a(__sys_remove.o)
 .ARM.attributes
                0x000009fa       0x20 c:/nxp/mcuxpressoide_11.1.0_3209/ide/plugins/com.nxp.mcuxpresso.tools.win32_11.1.0.201909161352/tools/bin/../lib/gcc/arm-none-eabi/8.3.1/../../../../arm-none-eabi/lib/thumb/v7e-m+fp/hard\libcr_semihost_nf.a(__sys_seek.o)
 .ARM.attributes
                0x00000a1a       0x20 c:/nxp/mcuxpressoide_11.1.0_3209/ide/plugins/com.nxp.mcuxpresso.tools.win32_11.1.0.201909161352/tools/bin/../lib/gcc/arm-none-eabi/8.3.1/../../../../arm-none-eabi/lib/thumb/v7e-m+fp/hard\libcr_semihost_nf.a(__sys_tmpnam.o)
 .ARM.attributes
                0x00000a3a       0x20 c:/nxp/mcuxpressoide_11.1.0_3209/ide/plugins/com.nxp.mcuxpresso.tools.win32_11.1.0.201909161352/tools/bin/../lib/gcc/arm-none-eabi/8.3.1/../../../../arm-none-eabi/lib/thumb/v7e-m+fp/hard\libcr_semihost_nf.a(__sys_write.o)

.debug_frame    0x00000000     0x1dbc
 .debug_frame   0x00000000       0x6c ./utilities/fsl_debug_console.o
 .debug_frame   0x0000006c       0xe0 ./utilities/fsl_io.o
 .debug_frame   0x0000014c      0x120 ./utilities/fsl_log.o
 .debug_frame   0x0000026c      0x904 ./startup/startup_mk64f12.o
 .debug_frame   0x00000b70       0xec ./source/led_blinky.o
 .debug_frame   0x00000c5c       0x20 ./source/semihost_hardfault.o
 .debug_frame   0x00000c7c      0x820 ./drivers/fsl_clock.o
 .debug_frame   0x0000149c       0xec ./drivers/fsl_gpio.o
 .debug_frame   0x00001588      0x5ec ./drivers/fsl_uart.o
 .debug_frame   0x00001b74       0x34 ./board/src/board.o
 .debug_frame   0x00001ba8      0x108 ./board/src/clock_config.o
 .debug_frame   0x00001cb0       0x98 ./board/pin_mux.o
 .debug_frame   0x00001d48       0x74 ./CMSIS/system_MK64F12.o

Cross Reference Table

Symbol                                            File
ADC0_DriverIRQHandler                             ./startup/startup_mk64f12.o
ADC0_IRQHandler                                   ./startup/startup_mk64f12.o
ADC1_DriverIRQHandler                             ./startup/startup_mk64f12.o
ADC1_IRQHandler                                   ./startup/startup_mk64f12.o
BOARD_BootClockRUN                                ./board/src/clock_config.o
                                                  ./source/led_blinky.o
BOARD_BootClockVLPR                               ./board/src/clock_config.o
BOARD_InitBootPins                                ./board/pin_mux.o
BOARD_InitDebugConsole                            ./board/src/board.o
                                                  ./source/led_blinky.o
BOARD_InitPins                                    ./board/pin_mux.o
                                                  ./source/led_blinky.o
BusFault_Handler                                  ./startup/startup_mk64f12.o
CAN0_Bus_Off_IRQHandler                           ./startup/startup_mk64f12.o
CAN0_DriverIRQHandler                             ./startup/startup_mk64f12.o
CAN0_Error_IRQHandler                             ./startup/startup_mk64f12.o
CAN0_ORed_Message_buffer_IRQHandler               ./startup/startup_mk64f12.o
CAN0_Rx_Warning_IRQHandler                        ./startup/startup_mk64f12.o
CAN0_Tx_Warning_IRQHandler                        ./startup/startup_mk64f12.o
CAN0_Wake_Up_IRQHandler                           ./startup/startup_mk64f12.o
CLOCK_BootToBlpeMode                              ./drivers/fsl_clock.o
CLOCK_BootToBlpiMode                              ./drivers/fsl_clock.o
                                                  ./board/src/clock_config.o
CLOCK_BootToFeeMode                               ./drivers/fsl_clock.o
CLOCK_BootToFeiMode                               ./drivers/fsl_clock.o
CLOCK_BootToPeeMode                               ./drivers/fsl_clock.o
                                                  ./board/src/clock_config.o
CLOCK_CalcPllDiv                                  ./drivers/fsl_clock.o
CLOCK_ClearStatusFlags                            ./drivers/fsl_clock.o
CLOCK_DeinitOsc0                                  ./drivers/fsl_clock.o
CLOCK_EnablePll0                                  ./drivers/fsl_clock.o
CLOCK_EnableUsbfs0Clock                           ./drivers/fsl_clock.o
CLOCK_ExternalModeToFbeModeQuick                  ./drivers/fsl_clock.o
CLOCK_GetBusClkFreq                               ./drivers/fsl_clock.o
CLOCK_GetCoreSysClkFreq                           ./drivers/fsl_clock.o
                                                  ./board/src/board.o
CLOCK_GetEr32kClkFreq                             ./drivers/fsl_clock.o
CLOCK_GetFixedFreqClkFreq                         ./drivers/fsl_clock.o
CLOCK_GetFlashClkFreq                             ./drivers/fsl_clock.o
CLOCK_GetFlexBusClkFreq                           ./drivers/fsl_clock.o
CLOCK_GetFllFreq                                  ./drivers/fsl_clock.o
CLOCK_GetFreq                                     ./drivers/fsl_clock.o
CLOCK_GetInternalRefClkFreq                       ./drivers/fsl_clock.o
CLOCK_GetMode                                     ./drivers/fsl_clock.o
CLOCK_GetOsc0ErClkFreq                            ./drivers/fsl_clock.o